#
# There is insufficient memory for the Java Runtime Environment to continue.
# Native memory allocation (mmap) failed to map 103809024 bytes for G1 virtual space
# Possible reasons:
#   The system is out of physical RAM or swap space
#   The process is running with CompressedOops enabled, and the Java Heap may be blocking the growth of the native heap
# Possible solutions:
#   Reduce memory load on the system
#   Increase physical memory or swap space
#   Check if swap backing store is full
#   Decrease Java heap size (-Xmx/-Xms)
#   Decrease number of Java threads
#   Decrease Java thread stack sizes (-Xss)
#   Set larger code cache with -XX:ReservedCodeCacheSize=
#   JVM is running with Unscaled Compressed Oops mode in which the Java heap is
#     placed in the first 4GB address space. The Java Heap base address is the
#     maximum limit for the native heap growth. Please use -XX:HeapBaseMinAddress
#     to set the Java Heap base and to place the Java Heap above 4GB virtual address.
# This output file may be truncated or incomplete.
#
#  Out of Memory Error (os_windows.cpp:3530), pid=19084, tid=21960
#
# JRE version: OpenJDK Runtime Environment (18.0.2+10) (build 18.0.2+10)
# Java VM: OpenJDK 64-Bit Server VM (18.0.2+10, mixed mode, sharing, tiered, compressed oops, compressed class ptrs, g1 gc, windows-amd64)
# No core dump will be written. Minidumps are not enabled by default on client versions of Windows
#

---------------  S U M M A R Y ------------

Command Line: --add-opens=java.base/java.util=ALL-UNNAMED --add-opens=java.base/java.lang=ALL-UNNAMED --add-opens=java.base/java.lang.invoke=ALL-UNNAMED --add-opens=java.prefs/java.util.prefs=ALL-UNNAMED --add-exports=jdk.compiler/com.sun.tools.javac.api=ALL-UNNAMED --add-exports=jdk.compiler/com.sun.tools.javac.util=ALL-UNNAMED --add-opens=java.base/java.nio.charset=ALL-UNNAMED --add-opens=java.base/java.net=ALL-UNNAMED --add-opens=java.base/java.util.concurrent.atomic=ALL-UNNAMED -Xmx2048m -Dfile.encoding=UTF-8 -Duser.country=CN -Duser.language=zh -Duser.variant -javaagent:C:\Users\color\.gradle\wrapper\dists\gradle-8.10.2-bin\a04bxjujx95o3nb99gddekhwo\gradle-8.10.2\lib\agents\gradle-instrumentation-agent-8.10.2.jar org.gradle.launcher.daemon.bootstrap.GradleDaemon 8.10.2

Host: 12th Gen Intel(R) Core(TM) i7-12700H, 20 cores, 15G,  Windows 11 , 64 bit Build 26100 (10.0.26100.8328)
Time: Thu May 28 16:11:17 2026  Windows 11 , 64 bit Build 26100 (10.0.26100.8328) elapsed time: 20.854031 seconds (0d 0h 0m 20s)

---------------  T H R E A D  ---------------

Current thread (0x0000028a4cde1ec0):  VMThread "VM Thread" [stack: 0x000000dcfe000000,0x000000dcfe100000] [id=21960]

Stack: [0x000000dcfe000000,0x000000dcfe100000]
Native frames: (J=compiled Java code, j=interpreted, Vv=VM code, C=native code)
V  [jvm.dll+0x6859ca]
V  [jvm.dll+0x82ac3d]
V  [jvm.dll+0x82c50e]
V  [jvm.dll+0x82cbb3]
V  [jvm.dll+0x25ee6b]
V  [jvm.dll+0x68286a]
V  [jvm.dll+0x6773fa]
V  [jvm.dll+0x3244e9]
V  [jvm.dll+0x32bb76]
V  [jvm.dll+0x37e0fa]
V  [jvm.dll+0x37e33f]
V  [jvm.dll+0x2fb5ca]
V  [jvm.dll+0x2fb677]
V  [jvm.dll+0x33f252]
V  [jvm.dll+0x33d9e0]
V  [jvm.dll+0x2fae30]
V  [jvm.dll+0x33cfbb]
V  [jvm.dll+0x8318eb]
V  [jvm.dll+0x832678]
V  [jvm.dll+0x832bc5]
V  [jvm.dll+0x833004]
V  [jvm.dll+0x8330c5]
V  [jvm.dll+0x7d9bba]
V  [jvm.dll+0x684845]
C  [ucrtbase.dll+0x37b0]
C  [KERNEL32.DLL+0x2e957]
C  [ntdll.dll+0x427c]

VM_Operation (0x000000dcffbef960): G1CollectForAllocation, mode: safepoint, requested by thread 0x0000028a9417cfd0


---------------  P R O C E S S  ---------------

Threads class SMR info:
_java_thread_list=0x0000028a983b2d60, length=48, elements={
0x0000028a2b084040, 0x0000028a4cde4f60, 0x0000028a4cde6380, 0x0000028a924080b0,
0x0000028a9240a970, 0x0000028a9240bd90, 0x0000028a9240d1b0, 0x0000028a9240fa80,
0x0000028a92412ef0, 0x0000028a9241b7f0, 0x0000028a924fd580, 0x0000028a9254c840,
0x0000028a926aeb80, 0x0000028a924fe9c0, 0x0000028a924fd070, 0x0000028a938a0840,
0x0000028a94055870, 0x0000028a94246fe0, 0x0000028a9413c900, 0x0000028a9413f8f0,
0x0000028a94152b70, 0x0000028a9417cfd0, 0x0000028a9417d970, 0x0000028a9417c630,
0x0000028a9417c160, 0x0000028a94179fb0, 0x0000028a9417a480, 0x0000028a9417d4a0,
0x0000028a9417a950, 0x0000028a9417ae20, 0x0000028a9417bc90, 0x0000028a9417b7c0,
0x0000028a9417cb00, 0x0000028a96b6b9a0, 0x0000028a96b69cc0, 0x0000028a96b6d1b0,
0x0000028a96b6c810, 0x0000028a96b6ab30, 0x0000028a96b6cce0, 0x0000028a96b6c340,
0x0000028a96b6b000, 0x0000028a96b697f0, 0x0000028a96b6f360, 0x0000028a96b6d680,
0x0000028a96b6e020, 0x0000028a96b6be70, 0x0000028a96b70b70, 0x0000028a96b6a660
}

Java Threads: ( => current thread )
  0x0000028a2b084040 JavaThread "main" [_thread_blocked, id=30392, stack(0x000000dcfda00000,0x000000dcfdb00000)]
  0x0000028a4cde4f60 JavaThread "Reference Handler" daemon [_thread_blocked, id=17924, stack(0x000000dcfe100000,0x000000dcfe200000)]
  0x0000028a4cde6380 JavaThread "Finalizer" daemon [_thread_blocked, id=23192, stack(0x000000dcfe200000,0x000000dcfe300000)]
  0x0000028a924080b0 JavaThread "Signal Dispatcher" daemon [_thread_blocked, id=25140, stack(0x000000dcfe300000,0x000000dcfe400000)]
  0x0000028a9240a970 JavaThread "Attach Listener" daemon [_thread_blocked, id=9240, stack(0x000000dcfe400000,0x000000dcfe500000)]
  0x0000028a9240bd90 JavaThread "Service Thread" daemon [_thread_blocked, id=8920, stack(0x000000dcfe500000,0x000000dcfe600000)]
  0x0000028a9240d1b0 JavaThread "Monitor Deflation Thread" daemon [_thread_blocked, id=30296, stack(0x000000dcfe600000,0x000000dcfe700000)]
  0x0000028a9240fa80 JavaThread "C2 CompilerThread0" daemon [_thread_blocked, id=12056, stack(0x000000dcfe700000,0x000000dcfe800000)]
  0x0000028a92412ef0 JavaThread "C1 CompilerThread0" daemon [_thread_blocked, id=1512, stack(0x000000dcfe800000,0x000000dcfe900000)]
  0x0000028a9241b7f0 JavaThread "Sweeper thread" daemon [_thread_blocked, id=13856, stack(0x000000dcfe900000,0x000000dcfea00000)]
  0x0000028a924fd580 JavaThread "C1 CompilerThread1" daemon [_thread_blocked, id=28668, stack(0x000000dcfea00000,0x000000dcfeb00000)]
  0x0000028a9254c840 JavaThread "Common-Cleaner" daemon [_thread_blocked, id=15804, stack(0x000000dcfeb00000,0x000000dcfec00000)]
  0x0000028a926aeb80 JavaThread "Notification Thread" daemon [_thread_blocked, id=36936, stack(0x000000dcfee00000,0x000000dcfef00000)]
  0x0000028a924fe9c0 JavaThread "C1 CompilerThread2" daemon [_thread_blocked, id=18164, stack(0x000000dcff500000,0x000000dcff600000)]
  0x0000028a924fd070 JavaThread "C1 CompilerThread3" daemon [_thread_blocked, id=13992, stack(0x000000dcff600000,0x000000dcff700000)]
  0x0000028a938a0840 JavaThread "Daemon health stats" [_thread_blocked, id=9656, stack(0x000000dcfec00000,0x000000dcfed00000)]
  0x0000028a94055870 JavaThread "Incoming local TCP Connector on port 4155" [_thread_in_native, id=34980, stack(0x000000dcfed00000,0x000000dcfee00000)]
  0x0000028a94246fe0 JavaThread "Daemon periodic checks" [_thread_blocked, id=38208, stack(0x000000dcff700000,0x000000dcff800000)]
  0x0000028a9413c900 JavaThread "Daemon" [_thread_blocked, id=31592, stack(0x000000dcff800000,0x000000dcff900000)]
  0x0000028a9413f8f0 JavaThread "Handler for socket connection from /127.0.0.1:4155 to /127.0.0.1:4156" [_thread_in_native, id=18588, stack(0x000000dcff900000,0x000000dcffa00000)]
  0x0000028a94152b70 JavaThread "Cancel handler" [_thread_blocked, id=24168, stack(0x000000dcffa00000,0x000000dcffb00000)]
  0x0000028a9417cfd0 JavaThread "Daemon worker" [_thread_blocked, id=10748, stack(0x000000dcffb00000,0x000000dcffc00000)]
  0x0000028a9417d970 JavaThread "Asynchronous log dispatcher for DefaultDaemonConnection: socket connection from /127.0.0.1:4155 to /127.0.0.1:4156" [_thread_blocked, id=21956, stack(0x000000dcffc00000,0x000000dcffd00000)]
  0x0000028a9417c630 JavaThread "Stdin handler" [_thread_blocked, id=34240, stack(0x000000dcffd00000,0x000000dcffe00000)]
  0x0000028a9417c160 JavaThread "Daemon client event forwarder" [_thread_blocked, id=34736, stack(0x000000dcffe00000,0x000000dcfff00000)]
  0x0000028a94179fb0 JavaThread "Cache worker for journal cache (C:\Users\color\.gradle\caches\journal-1)" [_thread_blocked, id=8360, stack(0x000000dc80000000,0x000000dc80100000)]
  0x0000028a9417a480 JavaThread "File lock request listener" [_thread_in_native, id=32140, stack(0x000000dc80100000,0x000000dc80200000)]
  0x0000028a9417d4a0 JavaThread "Cache worker for file hash cache (C:\Users\color\.gradle\caches\8.10.2\fileHashes)" [_thread_blocked, id=31120, stack(0x000000dc80200000,0x000000dc80300000)]
  0x0000028a9417a950 JavaThread "Cache worker for file hash cache (D:\project\mindustry_mobile_launcher\android\.gradle\8.10.2\fileHashes)" [_thread_blocked, id=38748, stack(0x000000dc80400000,0x000000dc80500000)]
  0x0000028a9417ae20 JavaThread "Cache worker for checksums cache (D:\project\mindustry_mobile_launcher\android\.gradle\8.10.2\checksums)" [_thread_blocked, id=18544, stack(0x000000dc80500000,0x000000dc80600000)]
  0x0000028a9417bc90 JavaThread "Cache worker for Build Output Cleanup Cache (D:\project\mindustry_mobile_launcher\android\.gradle\buildOutputCleanup)" [_thread_blocked, id=16880, stack(0x000000dc81200000,0x000000dc81300000)]
  0x0000028a9417b7c0 JavaThread "Cache worker for file content cache (C:\Users\color\.gradle\caches\8.10.2\fileContent)" [_thread_blocked, id=19060, stack(0x000000dc81400000,0x000000dc81500000)]
  0x0000028a9417cb00 JavaThread "File watcher server" daemon [_thread_blocked, id=34260, stack(0x000000dc81500000,0x000000dc81600000)]
  0x0000028a96b6b9a0 JavaThread "File watcher consumer" daemon [_thread_blocked, id=23936, stack(0x000000dc81600000,0x000000dc81700000)]
  0x0000028a96b69cc0 JavaThread "Cache worker for cache directory md-rule (C:\Users\color\.gradle\caches\8.10.2\md-rule)" [_thread_blocked, id=1616, stack(0x000000dc81700000,0x000000dc81800000)]
  0x0000028a96b6d1b0 JavaThread "Cache worker for cache directory md-supplier (C:\Users\color\.gradle\caches\8.10.2\md-supplier)" [_thread_blocked, id=10180, stack(0x000000dc81800000,0x000000dc81900000)]
  0x0000028a96b6c810 JavaThread "Unconstrained build operations" [_thread_blocked, id=22972, stack(0x000000dc81900000,0x000000dc81a00000)]
  0x0000028a96b6ab30 JavaThread "Unconstrained build operations Thread 2" [_thread_blocked, id=19120, stack(0x000000dc81a00000,0x000000dc81b00000)]
  0x0000028a96b6cce0 JavaThread "Unconstrained build operations Thread 3" [_thread_blocked, id=36436, stack(0x000000dc81b00000,0x000000dc81c00000)]
  0x0000028a96b6c340 JavaThread "Unconstrained build operations Thread 4" [_thread_blocked, id=26816, stack(0x000000dc81c00000,0x000000dc81d00000)]
  0x0000028a96b6b000 JavaThread "Unconstrained build operations Thread 5" [_thread_blocked, id=26976, stack(0x000000dc81d00000,0x000000dc81e00000)]
  0x0000028a96b697f0 JavaThread "Unconstrained build operations Thread 6" [_thread_blocked, id=22004, stack(0x000000dc81e00000,0x000000dc81f00000)]
  0x0000028a96b6f360 JavaThread "Unconstrained build operations Thread 7" [_thread_blocked, id=35976, stack(0x000000dc81f00000,0x000000dc82000000)]
  0x0000028a96b6d680 JavaThread "Unconstrained build operations Thread 8" [_thread_blocked, id=12424, stack(0x000000dc82000000,0x000000dc82100000)]
  0x0000028a96b6e020 JavaThread "Unconstrained build operations Thread 9" [_thread_blocked, id=6232, stack(0x000000dc82100000,0x000000dc82200000)]
  0x0000028a96b6be70 JavaThread "Configuration cache report writer" [_thread_blocked, id=23844, stack(0x000000dc82200000,0x000000dc82300000)]
  0x0000028a96b70b70 JavaThread "Memory manager" [_thread_blocked, id=33816, stack(0x000000dc82300000,0x000000dc82400000)]
  0x0000028a96b6a660 JavaThread "build event listener" [_thread_blocked, id=17404, stack(0x000000dc82400000,0x000000dc82500000)]

Other Threads:
=>0x0000028a4cde1ec0 VMThread "VM Thread" [stack: 0x000000dcfe000000,0x000000dcfe100000] [id=21960]
  0x0000028a926ccac0 WatcherThread "VM Periodic Task Thread" [stack: 0x000000dcfef00000,0x000000dcff000000] [id=20080]
  0x0000028a2b0e51b0 WorkerThread "GC Thread#0" [stack: 0x000000dcfdb00000,0x000000dcfdc00000] [id=25116]
  0x0000028a92c699a0 WorkerThread "GC Thread#1" [stack: 0x000000dcff000000,0x000000dcff100000] [id=15260]
  0x0000028a92c69c40 WorkerThread "GC Thread#2" [stack: 0x000000dcff100000,0x000000dcff200000] [id=35320]
  0x0000028a92c69ee0 WorkerThread "GC Thread#3" [stack: 0x000000dcff200000,0x000000dcff300000] [id=18408]
  0x0000028a92b2f170 WorkerThread "GC Thread#4" [stack: 0x000000dcff300000,0x000000dcff400000] [id=6672]
  0x0000028a92b2f410 WorkerThread "GC Thread#5" [stack: 0x000000dcff400000,0x000000dcff500000] [id=22944]
  0x0000028a93aadad0 WorkerThread "GC Thread#6" [stack: 0x000000dc80600000,0x000000dc80700000] [id=35556]
  0x0000028a93aae550 WorkerThread "GC Thread#7" [stack: 0x000000dc80700000,0x000000dc80800000] [id=33676]
  0x0000028a93aaf270 WorkerThread "GC Thread#8" [stack: 0x000000dc80800000,0x000000dc80900000] [id=17964]
  0x0000028a93aaefd0 WorkerThread "GC Thread#9" [stack: 0x000000dc80900000,0x000000dc80a00000] [id=32480]
  0x0000028a93aabb50 WorkerThread "GC Thread#10" [stack: 0x000000dc80a00000,0x000000dc80b00000] [id=10264]
  0x0000028a93aab610 WorkerThread "GC Thread#11" [stack: 0x000000dc80b00000,0x000000dc80c00000] [id=35572]
  0x0000028a93aabdf0 WorkerThread "GC Thread#12" [stack: 0x000000dc80c00000,0x000000dc80d00000] [id=35308]
  0x0000028a93aaea90 WorkerThread "GC Thread#13" [stack: 0x000000dc80d00000,0x000000dc80e00000] [id=3000]
  0x0000028a93aab8b0 WorkerThread "GC Thread#14" [stack: 0x000000dc80e00000,0x000000dc80f00000] [id=28980]
  0x0000028a2b0f5ff0 ConcurrentGCThread "G1 Main Marker" [stack: 0x000000dcfdc00000,0x000000dcfdd00000] [id=28732]
  0x0000028a2b0f75c0 WorkerThread "G1 Conc#0" [stack: 0x000000dcfdd00000,0x000000dcfde00000] [id=22756]
  0x0000028a93aac090 WorkerThread "G1 Conc#1" [stack: 0x000000dc80f00000,0x000000dc81000000] [id=34424]
  0x0000028a93aac870 WorkerThread "G1 Conc#2" [stack: 0x000000dc81000000,0x000000dc81100000] [id=38076]
  0x0000028a93aae7f0 WorkerThread "G1 Conc#3" [stack: 0x000000dc81100000,0x000000dc81200000] [id=17132]
  0x0000028a2b13ea70 ConcurrentGCThread "G1 Refine#0" [stack: 0x000000dcfde00000,0x000000dcfdf00000] [id=4880]
  0x0000028a4cc7b480 ConcurrentGCThread "G1 Service" [stack: 0x000000dcfdf00000,0x000000dcfe000000] [id=14940]

Threads with active compile tasks:

VM state: at safepoint (normal execution)

VM Mutex/Monitor currently owned by a thread:  ([mutex/lock_event])
[0x0000028a2b081830] Threads_lock - owner thread: 0x0000028a4cde1ec0
[0x0000028a2b082520] Heap_lock - owner thread: 0x0000028a9417cfd0

Heap address: 0x0000000080000000, size: 2048 MB, Compressed Oops mode: 32-bit

CDS archive(s) mapped at: [0x0000028a4d800000-0x0000028a4e3a0000-0x0000028a4e3a0000), size 12189696, SharedBaseAddress: 0x0000028a4d800000, ArchiveRelocationMode: 0.
Compressed class space mapped at: 0x0000028a4e400000-0x0000028a8e400000, reserved size: 1073741824
Narrow klass base: 0x0000028a4d800000, Narrow klass shift: 0, Narrow klass range: 0x100000000

GC Precious Log:
 CardTable entry size: 512
 Card Set container configuration: InlinePtr #cards 5 size 8 Array Of Cards #cards 12 size 40 Howl #buckets 4 coarsen threshold 1843 Howl Bitmap #cards 512 size 80 coarsen threshold 460 Card regions per heap region 1 cards per card region 2048
 CPUs: 20 total, 20 available
 Memory: 16128M
 Large Page Support: Disabled
 NUMA Support: Disabled
 Compressed Oops: Enabled (32-bit)
 Heap Region Size: 1M
 Heap Min Capacity: 8M
 Heap Initial Capacity: 254M
 Heap Max Capacity: 2G
 Pre-touch: Disabled
 Parallel Workers: 15
 Concurrent Workers: 4
 Concurrent Refinement Workers: 15
 Periodic GC: Disabled

Heap:
 garbage-first heap   total 158720K, used 88929K [0x0000000080000000, 0x0000000100000000)
  region size 1024K, 2 young (2048K), 2 survivors (2048K)
 Metaspace       used 86215K, committed 88320K, reserved 1179648K
  class space    used 12121K, committed 13248K, reserved 1048576K

Heap Regions: E=young(eden), S=young(survivor), O=old, HS=humongous(starts), HC=humongous(continues), CS=collection set, F=free, OA=open archive, CA=closed archive, TAMS=top-at-mark-start (previous, next)
|   0|0x0000000080000000, 0x0000000080100000, 0x0000000080100000|100%| O|  |TAMS 0x0000000080100000, 0x0000000080100000| Untracked 
|   1|0x0000000080100000, 0x0000000080200000, 0x0000000080200000|100%| O|  |TAMS 0x0000000080200000, 0x0000000080200000| Untracked 
|   2|0x0000000080200000, 0x0000000080300000, 0x0000000080300000|100%|HS|  |TAMS 0x0000000080300000, 0x0000000080300000| Complete 
|   3|0x0000000080300000, 0x0000000080400000, 0x0000000080400000|100%|HC|  |TAMS 0x0000000080400000, 0x0000000080400000| Complete 
|   4|0x0000000080400000, 0x0000000080500000, 0x0000000080500000|100%|HC|  |TAMS 0x0000000080500000, 0x0000000080500000| Complete 
|   5|0x0000000080500000, 0x0000000080600000, 0x0000000080600000|100%|HC|  |TAMS 0x0000000080600000, 0x0000000080600000| Complete 
|   6|0x0000000080600000, 0x0000000080700000, 0x0000000080700000|100%| O|  |TAMS 0x0000000080700000, 0x0000000080700000| Untracked 
|   7|0x0000000080700000, 0x0000000080800000, 0x0000000080800000|100%| O|  |TAMS 0x0000000080800000, 0x0000000080800000| Untracked 
|   8|0x0000000080800000, 0x0000000080900000, 0x0000000080900000|100%| O|  |TAMS 0x0000000080900000, 0x0000000080900000| Untracked 
|   9|0x0000000080900000, 0x0000000080a00000, 0x0000000080a00000|100%|HS|  |TAMS 0x0000000080a00000, 0x0000000080a00000| Complete 
|  10|0x0000000080a00000, 0x0000000080b00000, 0x0000000080b00000|100%| O|  |TAMS 0x0000000080b00000, 0x0000000080b00000| Untracked 
|  11|0x0000000080b00000, 0x0000000080c00000, 0x0000000080c00000|100%| O|  |TAMS 0x0000000080c00000, 0x0000000080c00000| Untracked 
|  12|0x0000000080c00000, 0x0000000080d00000, 0x0000000080d00000|100%| O|  |TAMS 0x0000000080d00000, 0x0000000080d00000| Untracked 
|  13|0x0000000080d00000, 0x0000000080e00000, 0x0000000080e00000|100%| O|  |TAMS 0x0000000080e00000, 0x0000000080e00000| Untracked 
|  14|0x0000000080e00000, 0x0000000080f00000, 0x0000000080f00000|100%| O|  |TAMS 0x0000000080f00000, 0x0000000080f00000| Untracked 
|  15|0x0000000080f00000, 0x0000000081000000, 0x0000000081000000|100%| O|  |TAMS 0x0000000081000000, 0x0000000081000000| Untracked 
|  16|0x0000000081000000, 0x0000000081100000, 0x0000000081100000|100%| O|  |TAMS 0x0000000081100000, 0x0000000081100000| Untracked 
|  17|0x0000000081100000, 0x0000000081200000, 0x0000000081200000|100%| O|  |TAMS 0x0000000081200000, 0x0000000081200000| Untracked 
|  18|0x0000000081200000, 0x0000000081300000, 0x0000000081300000|100%| O|  |TAMS 0x0000000081300000, 0x0000000081300000| Untracked 
|  19|0x0000000081300000, 0x0000000081400000, 0x0000000081400000|100%| O|  |TAMS 0x0000000081400000, 0x0000000081400000| Untracked 
|  20|0x0000000081400000, 0x0000000081500000, 0x0000000081500000|100%| O|  |TAMS 0x0000000081500000, 0x0000000081500000| Untracked 
|  21|0x0000000081500000, 0x0000000081600000, 0x0000000081600000|100%| O|  |TAMS 0x0000000081600000, 0x0000000081600000| Untracked 
|  22|0x0000000081600000, 0x0000000081700000, 0x0000000081700000|100%| O|  |TAMS 0x0000000081700000, 0x0000000081700000| Untracked 
|  23|0x0000000081700000, 0x0000000081800000, 0x0000000081800000|100%| O|  |TAMS 0x0000000081800000, 0x0000000081800000| Untracked 
|  24|0x0000000081800000, 0x0000000081900000, 0x0000000081900000|100%| O|  |TAMS 0x0000000081900000, 0x0000000081900000| Untracked 
|  25|0x0000000081900000, 0x0000000081a00000, 0x0000000081a00000|100%| O|  |TAMS 0x0000000081a00000, 0x0000000081a00000| Untracked 
|  26|0x0000000081a00000, 0x0000000081b00000, 0x0000000081b00000|100%| O|  |TAMS 0x0000000081b00000, 0x0000000081b00000| Untracked 
|  27|0x0000000081b00000, 0x0000000081c00000, 0x0000000081c00000|100%| O|  |TAMS 0x0000000081c00000, 0x0000000081c00000| Untracked 
|  28|0x0000000081c00000, 0x0000000081d00000, 0x0000000081d00000|100%| O|  |TAMS 0x0000000081d00000, 0x0000000081d00000| Untracked 
|  29|0x0000000081d00000, 0x0000000081e00000, 0x0000000081e00000|100%| O|  |TAMS 0x0000000081e00000, 0x0000000081e00000| Untracked 
|  30|0x0000000081e00000, 0x0000000081f00000, 0x0000000081f00000|100%| O|  |TAMS 0x0000000081f00000, 0x0000000081f00000| Untracked 
|  31|0x0000000081f00000, 0x0000000082000000, 0x0000000082000000|100%| O|  |TAMS 0x0000000082000000, 0x0000000082000000| Untracked 
|  32|0x0000000082000000, 0x0000000082100000, 0x0000000082100000|100%| O|  |TAMS 0x0000000082100000, 0x0000000082100000| Untracked 
|  33|0x0000000082100000, 0x0000000082200000, 0x0000000082200000|100%| O|  |TAMS 0x0000000082200000, 0x0000000082200000| Untracked 
|  34|0x0000000082200000, 0x0000000082300000, 0x0000000082300000|100%| O|  |TAMS 0x0000000082300000, 0x0000000082300000| Untracked 
|  35|0x0000000082300000, 0x0000000082400000, 0x0000000082400000|100%| O|  |TAMS 0x0000000082400000, 0x0000000082400000| Untracked 
|  36|0x0000000082400000, 0x0000000082500000, 0x0000000082500000|100%| O|  |TAMS 0x0000000082500000, 0x0000000082500000| Untracked 
|  37|0x0000000082500000, 0x0000000082600000, 0x0000000082600000|100%| O|  |TAMS 0x0000000082600000, 0x0000000082600000| Untracked 
|  38|0x0000000082600000, 0x0000000082700000, 0x0000000082700000|100%| O|  |TAMS 0x0000000082700000, 0x0000000082700000| Untracked 
|  39|0x0000000082700000, 0x0000000082800000, 0x0000000082800000|100%| O|  |TAMS 0x0000000082800000, 0x0000000082800000| Untracked 
|  40|0x0000000082800000, 0x0000000082900000, 0x0000000082900000|100%| O|  |TAMS 0x0000000082900000, 0x0000000082900000| Untracked 
|  41|0x0000000082900000, 0x0000000082a00000, 0x0000000082a00000|100%| O|  |TAMS 0x0000000082a00000, 0x0000000082a00000| Untracked 
|  42|0x0000000082a00000, 0x0000000082b00000, 0x0000000082b00000|100%| O|  |TAMS 0x0000000082b00000, 0x0000000082b00000| Untracked 
|  43|0x0000000082b00000, 0x0000000082c00000, 0x0000000082c00000|100%| O|  |TAMS 0x0000000082c00000, 0x0000000082c00000| Untracked 
|  44|0x0000000082c00000, 0x0000000082d00000, 0x0000000082d00000|100%| O|  |TAMS 0x0000000082d00000, 0x0000000082d00000| Untracked 
|  45|0x0000000082d00000, 0x0000000082e00000, 0x0000000082e00000|100%| O|  |TAMS 0x0000000082e00000, 0x0000000082e00000| Untracked 
|  46|0x0000000082e00000, 0x0000000082f00000, 0x0000000082f00000|100%| O|  |TAMS 0x0000000082f00000, 0x0000000082f00000| Untracked 
|  47|0x0000000082f00000, 0x0000000083000000, 0x0000000083000000|100%|HS|  |TAMS 0x0000000083000000, 0x0000000083000000| Complete 
|  48|0x0000000083000000, 0x0000000083100000, 0x0000000083100000|100%|HS|  |TAMS 0x0000000083100000, 0x0000000083100000| Complete 
|  49|0x0000000083100000, 0x0000000083200000, 0x0000000083200000|100%| O|  |TAMS 0x0000000083200000, 0x0000000083200000| Untracked 
|  50|0x0000000083200000, 0x0000000083300000, 0x0000000083300000|100%|HS|  |TAMS 0x0000000083300000, 0x0000000083300000| Complete 
|  51|0x0000000083300000, 0x0000000083400000, 0x0000000083400000|100%|HC|  |TAMS 0x0000000083400000, 0x0000000083400000| Complete 
|  52|0x0000000083400000, 0x0000000083500000, 0x0000000083500000|100%|HS|  |TAMS 0x0000000083500000, 0x0000000083500000| Complete 
|  53|0x0000000083500000, 0x0000000083600000, 0x0000000083600000|100%|HC|  |TAMS 0x0000000083600000, 0x0000000083600000| Complete 
|  54|0x0000000083600000, 0x0000000083700000, 0x0000000083700000|100%| O|  |TAMS 0x0000000083700000, 0x0000000083700000| Untracked 
|  55|0x0000000083700000, 0x0000000083800000, 0x0000000083800000|100%| O|  |TAMS 0x0000000083800000, 0x0000000083800000| Untracked 
|  56|0x0000000083800000, 0x0000000083900000, 0x0000000083900000|100%| O|  |TAMS 0x0000000083900000, 0x0000000083900000| Untracked 
|  57|0x0000000083900000, 0x0000000083a00000, 0x0000000083a00000|100%|HS|  |TAMS 0x0000000083a00000, 0x0000000083a00000| Complete 
|  58|0x0000000083a00000, 0x0000000083b00000, 0x0000000083b00000|100%|HS|  |TAMS 0x0000000083b00000, 0x0000000083b00000| Complete 
|  59|0x0000000083b00000, 0x0000000083c00000, 0x0000000083c00000|100%|HC|  |TAMS 0x0000000083c00000, 0x0000000083c00000| Complete 
|  60|0x0000000083c00000, 0x0000000083d00000, 0x0000000083d00000|100%|HC|  |TAMS 0x0000000083d00000, 0x0000000083d00000| Complete 
|  61|0x0000000083d00000, 0x0000000083e00000, 0x0000000083e00000|100%|HS|  |TAMS 0x0000000083e00000, 0x0000000083e00000| Complete 
|  62|0x0000000083e00000, 0x0000000083f00000, 0x0000000083f00000|100%| O|  |TAMS 0x0000000083f00000, 0x0000000083f00000| Untracked 
|  63|0x0000000083f00000, 0x0000000084000000, 0x0000000084000000|100%| O|  |TAMS 0x0000000084000000, 0x0000000084000000| Untracked 
|  64|0x0000000084000000, 0x0000000084100000, 0x0000000084100000|100%|HS|  |TAMS 0x0000000084100000, 0x0000000084100000| Complete 
|  65|0x0000000084100000, 0x0000000084200000, 0x0000000084200000|100%| O|  |TAMS 0x0000000084200000, 0x0000000084200000| Untracked 
|  66|0x0000000084200000, 0x0000000084300000, 0x0000000084300000|100%| O|  |TAMS 0x0000000084300000, 0x0000000084300000| Untracked 
|  67|0x0000000084300000, 0x0000000084400000, 0x0000000084400000|100%|HS|  |TAMS 0x0000000084400000, 0x0000000084400000| Complete 
|  68|0x0000000084400000, 0x0000000084500000, 0x0000000084500000|100%| O|  |TAMS 0x0000000084500000, 0x0000000084500000| Untracked 
|  69|0x0000000084500000, 0x0000000084600000, 0x0000000084600000|100%| O|  |TAMS 0x0000000084600000, 0x0000000084600000| Untracked 
|  70|0x0000000084600000, 0x0000000084700000, 0x0000000084700000|100%| O|  |TAMS 0x0000000084700000, 0x0000000084700000| Untracked 
|  71|0x0000000084700000, 0x0000000084800000, 0x0000000084800000|100%| O|  |TAMS 0x0000000084800000, 0x0000000084800000| Untracked 
|  72|0x0000000084800000, 0x0000000084900000, 0x0000000084900000|100%| O|  |TAMS 0x0000000084900000, 0x0000000084900000| Untracked 
|  73|0x0000000084900000, 0x0000000084a00000, 0x0000000084a00000|100%| O|  |TAMS 0x0000000084a00000, 0x0000000084a00000| Untracked 
|  74|0x0000000084a00000, 0x0000000084b00000, 0x0000000084b00000|100%|HS|  |TAMS 0x0000000084b00000, 0x0000000084b00000| Complete 
|  75|0x0000000084b00000, 0x0000000084c00000, 0x0000000084c00000|100%| O|  |TAMS 0x0000000084c00000, 0x0000000084c00000| Untracked 
|  76|0x0000000084c00000, 0x0000000084d00000, 0x0000000084d00000|100%| O|  |TAMS 0x0000000084c63c00, 0x0000000084d00000| Untracked 
|  77|0x0000000084d00000, 0x0000000084e00000, 0x0000000084e00000|100%| O|  |TAMS 0x0000000084d00000, 0x0000000084dcf200| Untracked 
|  78|0x0000000084e00000, 0x0000000084f00000, 0x0000000084f00000|100%|HS|  |TAMS 0x0000000084e00000, 0x0000000084f00000| Complete 
|  79|0x0000000084f00000, 0x0000000085000000, 0x0000000085000000|100%|HC|  |TAMS 0x0000000084f00000, 0x0000000085000000| Complete 
|  80|0x0000000085000000, 0x0000000085100000, 0x0000000085100000|100%|HC|  |TAMS 0x0000000085000000, 0x0000000085100000| Complete 
|  81|0x0000000085100000, 0x0000000085200000, 0x0000000085200000|100%| O|  |TAMS 0x0000000085100000, 0x0000000085100000| Untracked 
|  82|0x0000000085200000, 0x0000000085300000, 0x0000000085300000|100%| O|  |TAMS 0x0000000085200000, 0x0000000085200000| Untracked 
|  83|0x0000000085300000, 0x0000000085400000, 0x0000000085400000|100%| O|  |TAMS 0x0000000085300000, 0x0000000085300000| Untracked 
|  84|0x0000000085400000, 0x0000000085500000, 0x0000000085500000|100%| O|  |TAMS 0x0000000085400000, 0x0000000085400000| Untracked 
|  85|0x0000000085500000, 0x000000008559ba00, 0x0000000085600000| 60%| O|  |TAMS 0x0000000085500000, 0x0000000085500000| Untracked 
|  86|0x0000000085600000, 0x0000000085600000, 0x0000000085700000|  0%| F|  |TAMS 0x0000000085600000, 0x0000000085600000| Untracked 
|  87|0x0000000085700000, 0x0000000085700000, 0x0000000085800000|  0%| F|  |TAMS 0x0000000085700000, 0x0000000085700000| Untracked 
|  88|0x0000000085800000, 0x0000000085800000, 0x0000000085900000|  0%| F|  |TAMS 0x0000000085800000, 0x0000000085800000| Untracked 
|  89|0x0000000085900000, 0x0000000085900000, 0x0000000085a00000|  0%| F|  |TAMS 0x0000000085900000, 0x0000000085900000| Untracked 
|  90|0x0000000085a00000, 0x0000000085a00000, 0x0000000085b00000|  0%| F|  |TAMS 0x0000000085a00000, 0x0000000085a00000| Untracked 
|  91|0x0000000085b00000, 0x0000000085b00000, 0x0000000085c00000|  0%| F|  |TAMS 0x0000000085b00000, 0x0000000085b00000| Untracked 
|  92|0x0000000085c00000, 0x0000000085c00000, 0x0000000085d00000|  0%| F|  |TAMS 0x0000000085c00000, 0x0000000085c00000| Untracked 
|  93|0x0000000085d00000, 0x0000000085d00000, 0x0000000085e00000|  0%| F|  |TAMS 0x0000000085d00000, 0x0000000085d00000| Untracked 
|  94|0x0000000085e00000, 0x0000000085e00000, 0x0000000085f00000|  0%| F|  |TAMS 0x0000000085e00000, 0x0000000085e00000| Untracked 
|  95|0x0000000085f00000, 0x0000000085f00000, 0x0000000086000000|  0%| F|  |TAMS 0x0000000085f00000, 0x0000000085f00000| Untracked 
|  96|0x0000000086000000, 0x0000000086000000, 0x0000000086100000|  0%| F|  |TAMS 0x0000000086000000, 0x0000000086000000| Untracked 
|  97|0x0000000086100000, 0x0000000086100000, 0x0000000086200000|  0%| F|  |TAMS 0x0000000086100000, 0x0000000086100000| Untracked 
|  98|0x0000000086200000, 0x0000000086200000, 0x0000000086300000|  0%| F|  |TAMS 0x0000000086200000, 0x0000000086200000| Untracked 
|  99|0x0000000086300000, 0x0000000086300000, 0x0000000086400000|  0%| F|  |TAMS 0x0000000086300000, 0x0000000086300000| Untracked 
| 100|0x0000000086400000, 0x0000000086400000, 0x0000000086500000|  0%| F|  |TAMS 0x0000000086400000, 0x0000000086400000| Untracked 
| 101|0x0000000086500000, 0x0000000086500000, 0x0000000086600000|  0%| F|  |TAMS 0x0000000086500000, 0x0000000086500000| Untracked 
| 102|0x0000000086600000, 0x0000000086600000, 0x0000000086700000|  0%| F|  |TAMS 0x0000000086600000, 0x0000000086600000| Untracked 
| 103|0x0000000086700000, 0x0000000086700000, 0x0000000086800000|  0%| F|  |TAMS 0x0000000086700000, 0x0000000086700000| Untracked 
| 104|0x0000000086800000, 0x0000000086800000, 0x0000000086900000|  0%| F|  |TAMS 0x0000000086800000, 0x0000000086800000| Untracked 
| 105|0x0000000086900000, 0x0000000086900000, 0x0000000086a00000|  0%| F|  |TAMS 0x0000000086900000, 0x0000000086900000| Untracked 
| 106|0x0000000086a00000, 0x0000000086a00000, 0x0000000086b00000|  0%| F|  |TAMS 0x0000000086a00000, 0x0000000086a00000| Untracked 
| 107|0x0000000086b00000, 0x0000000086b00000, 0x0000000086c00000|  0%| F|  |TAMS 0x0000000086b00000, 0x0000000086b00000| Untracked 
| 108|0x0000000086c00000, 0x0000000086c3caf0, 0x0000000086d00000| 23%| S|CS|TAMS 0x0000000086c00000, 0x0000000086c00000| Complete 
| 109|0x0000000086d00000, 0x0000000086e00000, 0x0000000086e00000|100%| S|CS|TAMS 0x0000000086d00000, 0x0000000086d00000| Complete 
| 110|0x0000000086e00000, 0x0000000086e00000, 0x0000000086f00000|  0%| F|  |TAMS 0x0000000086e00000, 0x0000000086e00000| Untracked 
| 111|0x0000000086f00000, 0x0000000086f00000, 0x0000000087000000|  0%| F|  |TAMS 0x0000000086f00000, 0x0000000086f00000| Untracked 
| 112|0x0000000087000000, 0x0000000087000000, 0x0000000087100000|  0%| F|  |TAMS 0x0000000087000000, 0x0000000087000000| Untracked 
| 113|0x0000000087100000, 0x0000000087100000, 0x0000000087200000|  0%| F|  |TAMS 0x0000000087100000, 0x0000000087100000| Untracked 
| 114|0x0000000087200000, 0x0000000087200000, 0x0000000087300000|  0%| F|  |TAMS 0x0000000087200000, 0x0000000087200000| Untracked 
| 115|0x0000000087300000, 0x0000000087300000, 0x0000000087400000|  0%| F|  |TAMS 0x0000000087300000, 0x0000000087300000| Untracked 
| 116|0x0000000087400000, 0x0000000087400000, 0x0000000087500000|  0%| F|  |TAMS 0x0000000087400000, 0x0000000087400000| Untracked 
| 117|0x0000000087500000, 0x0000000087500000, 0x0000000087600000|  0%| F|  |TAMS 0x0000000087500000, 0x0000000087500000| Untracked 
| 118|0x0000000087600000, 0x0000000087600000, 0x0000000087700000|  0%| F|  |TAMS 0x0000000087600000, 0x0000000087600000| Untracked 
| 119|0x0000000087700000, 0x0000000087700000, 0x0000000087800000|  0%| F|  |TAMS 0x0000000087700000, 0x0000000087700000| Untracked 
| 120|0x0000000087800000, 0x0000000087800000, 0x0000000087900000|  0%| F|  |TAMS 0x0000000087800000, 0x0000000087800000| Untracked 
| 121|0x0000000087900000, 0x0000000087900000, 0x0000000087a00000|  0%| F|  |TAMS 0x0000000087900000, 0x0000000087900000| Untracked 
| 122|0x0000000087a00000, 0x0000000087a00000, 0x0000000087b00000|  0%| F|  |TAMS 0x0000000087a00000, 0x0000000087a00000| Untracked 
| 123|0x0000000087b00000, 0x0000000087b00000, 0x0000000087c00000|  0%| F|  |TAMS 0x0000000087b00000, 0x0000000087b00000| Untracked 
| 124|0x0000000087c00000, 0x0000000087c00000, 0x0000000087d00000|  0%| F|  |TAMS 0x0000000087c00000, 0x0000000087c00000| Untracked 
| 125|0x0000000087d00000, 0x0000000087d00000, 0x0000000087e00000|  0%| F|  |TAMS 0x0000000087d00000, 0x0000000087d00000| Untracked 
| 126|0x0000000087e00000, 0x0000000087e00000, 0x0000000087f00000|  0%| F|  |TAMS 0x0000000087e00000, 0x0000000087e00000| Untracked 
| 127|0x0000000087f00000, 0x0000000087f00000, 0x0000000088000000|  0%| F|  |TAMS 0x0000000087f00000, 0x0000000087f00000| Untracked 
| 128|0x0000000088000000, 0x0000000088000000, 0x0000000088100000|  0%| F|  |TAMS 0x0000000088000000, 0x0000000088000000| Untracked 
| 129|0x0000000088100000, 0x0000000088100000, 0x0000000088200000|  0%| F|  |TAMS 0x0000000088100000, 0x0000000088100000| Untracked 
| 130|0x0000000088200000, 0x0000000088200000, 0x0000000088300000|  0%| F|  |TAMS 0x0000000088200000, 0x0000000088200000| Untracked 
| 131|0x0000000088300000, 0x0000000088300000, 0x0000000088400000|  0%| F|  |TAMS 0x0000000088300000, 0x0000000088300000| Untracked 
| 132|0x0000000088400000, 0x0000000088400000, 0x0000000088500000|  0%| F|  |TAMS 0x0000000088400000, 0x0000000088400000| Untracked 
| 133|0x0000000088500000, 0x0000000088500000, 0x0000000088600000|  0%| F|  |TAMS 0x0000000088500000, 0x0000000088500000| Untracked 
| 134|0x0000000088600000, 0x0000000088600000, 0x0000000088700000|  0%| F|  |TAMS 0x0000000088600000, 0x0000000088600000| Untracked 
| 135|0x0000000088700000, 0x0000000088700000, 0x0000000088800000|  0%| F|  |TAMS 0x0000000088700000, 0x0000000088700000| Untracked 
| 136|0x0000000088800000, 0x0000000088800000, 0x0000000088900000|  0%| F|  |TAMS 0x0000000088800000, 0x0000000088800000| Untracked 
| 137|0x0000000088900000, 0x0000000088900000, 0x0000000088a00000|  0%| F|  |TAMS 0x0000000088900000, 0x0000000088900000| Untracked 
| 138|0x0000000088a00000, 0x0000000088a00000, 0x0000000088b00000|  0%| F|  |TAMS 0x0000000088a00000, 0x0000000088a00000| Untracked 
| 139|0x0000000088b00000, 0x0000000088b00000, 0x0000000088c00000|  0%| F|  |TAMS 0x0000000088b00000, 0x0000000088b00000| Untracked 
| 140|0x0000000088c00000, 0x0000000088c00000, 0x0000000088d00000|  0%| F|  |TAMS 0x0000000088c00000, 0x0000000088c00000| Untracked 
| 141|0x0000000088d00000, 0x0000000088d00000, 0x0000000088e00000|  0%| F|  |TAMS 0x0000000088d00000, 0x0000000088d00000| Untracked 
| 142|0x0000000088e00000, 0x0000000088e00000, 0x0000000088f00000|  0%| F|  |TAMS 0x0000000088e00000, 0x0000000088e00000| Untracked 
| 143|0x0000000088f00000, 0x0000000088f00000, 0x0000000089000000|  0%| F|  |TAMS 0x0000000088f00000, 0x0000000088f00000| Untracked 
| 144|0x0000000089000000, 0x0000000089000000, 0x0000000089100000|  0%| F|  |TAMS 0x0000000089000000, 0x0000000089000000| Untracked 
| 145|0x0000000089100000, 0x0000000089100000, 0x0000000089200000|  0%| F|  |TAMS 0x0000000089100000, 0x0000000089100000| Untracked 
| 146|0x0000000089200000, 0x0000000089200000, 0x0000000089300000|  0%| F|  |TAMS 0x0000000089200000, 0x0000000089200000| Untracked 
| 147|0x0000000089300000, 0x0000000089300000, 0x0000000089400000|  0%| F|  |TAMS 0x0000000089300000, 0x0000000089300000| Untracked 
| 148|0x0000000089400000, 0x0000000089400000, 0x0000000089500000|  0%| F|  |TAMS 0x0000000089400000, 0x0000000089400000| Untracked 
| 149|0x0000000089500000, 0x0000000089500000, 0x0000000089600000|  0%| F|  |TAMS 0x0000000089500000, 0x0000000089500000| Untracked 
| 150|0x0000000089600000, 0x0000000089600000, 0x0000000089700000|  0%| F|  |TAMS 0x0000000089600000, 0x0000000089600000| Untracked 
| 151|0x0000000089700000, 0x0000000089700000, 0x0000000089800000|  0%| F|  |TAMS 0x0000000089700000, 0x0000000089700000| Untracked 
| 152|0x0000000089800000, 0x0000000089800000, 0x0000000089900000|  0%| F|  |TAMS 0x0000000089800000, 0x0000000089800000| Untracked 
| 153|0x0000000089900000, 0x0000000089900000, 0x0000000089a00000|  0%| F|  |TAMS 0x0000000089900000, 0x0000000089900000| Untracked 
| 253|0x000000008fd00000, 0x000000008fd00000, 0x000000008fe00000|  0%| F|  |TAMS 0x000000008fd00000, 0x000000008fd00000| Untracked 

Card table byte_map: [0x0000028a45b70000,0x0000028a45f70000] _byte_map_base: 0x0000028a45770000

Marking Bits (Prev, Next): (CMBitMap*) 0x0000028a2b0e56c0, (CMBitMap*) 0x0000028a2b0e5700
 Prev Bits: [0x0000028a46370000, 0x0000028a48370000)
 Next Bits: [0x0000028a48370000, 0x0000028a4a370000)

Polling page: 0x0000028a2adb0000

Metaspace:

Usage:
  Non-class:     72.36 MB used.
      Class:     11.84 MB used.
       Both:     84.20 MB used.

Virtual space:
  Non-class space:      128.00 MB reserved,      73.31 MB ( 57%) committed,  2 nodes.
      Class space:        1.00 GB reserved,      12.94 MB (  1%) committed,  1 nodes.
             Both:        1.13 GB reserved,      86.25 MB (  7%) committed. 

Chunk freelists:
   Non-Class:  2.30 MB
       Class:  2.92 MB
        Both:  5.22 MB

MaxMetaspaceSize: unlimited
CompressedClassSpaceSize: 1.00 GB
Initial GC threshold: 21.00 MB
Current GC threshold: 135.13 MB
CDS: on
MetaspaceReclaimPolicy: balanced
 - commit_granule_bytes: 65536.
 - commit_granule_words: 8192.
 - virtual_space_node_default_size: 8388608.
 - enlarge_chunks_in_place: 1.
 - new_chunks_are_fully_committed: 0.
 - uncommit_free_chunks: 1.
 - use_allocation_guard: 0.


Internal statistics:

num_allocs_failed_limit: 6.
num_arena_births: 3804.
num_arena_deaths: 0.
num_vsnodes_births: 3.
num_vsnodes_deaths: 0.
num_space_committed: 1380.
num_space_uncommitted: 0.
num_chunks_returned_to_freelist: 6.
num_chunks_taken_from_freelist: 7698.
num_chunk_merges: 6.
num_chunk_splits: 5102.
num_chunks_enlarged: 3245.
num_inconsistent_stats: 0.

CodeHeap 'non-profiled nmethods': size=119168Kb used=5016Kb max_used=5016Kb free=114151Kb
 bounds [0x0000028a3d140000, 0x0000028a3d630000, 0x0000028a445a0000]
CodeHeap 'profiled nmethods': size=119104Kb used=16613Kb max_used=16613Kb free=102490Kb
 bounds [0x0000028a35cf0000, 0x0000028a36d30000, 0x0000028a3d140000]
CodeHeap 'non-nmethods': size=7488Kb used=3410Kb max_used=3468Kb free=4077Kb
 bounds [0x0000028a355a0000, 0x0000028a35910000, 0x0000028a35cf0000]
 total_blobs=9884 nmethods=9076 adapters=717
 compilation: enabled
              stopped_count=0, restarted_count=0
 full_count=0

Compilation events (20 events):
Event: 18.704 Thread 0x0000028a924fe9c0 10651       3       java.lang.invoke.DirectMethodHandle::staticOffset (8 bytes)
Event: 18.704 Thread 0x0000028a924fe9c0 nmethod 10651 0x0000028a36d25f90 code [0x0000028a36d26120, 0x0000028a36d26318]
Event: 18.704 Thread 0x0000028a92412ef0 nmethod 10650 0x0000028a36d26410 code [0x0000028a36d265a0, 0x0000028a36d26798]
Event: 18.704 Thread 0x0000028a92412ef0 10652       3       org.jetbrains.kotlin.it.unimi.dsi.fastutil.ints.Int2ObjectOpenHashMap::insert (63 bytes)
Event: 18.704 Thread 0x0000028a924fd580 nmethod 10649 0x0000028a36d26890 code [0x0000028a36d26a60, 0x0000028a36d26f18]
Event: 18.704 Thread 0x0000028a924fd070 nmethod 10648 0x0000028a36d27090 code [0x0000028a36d27260, 0x0000028a36d27638]
Event: 18.704 Thread 0x0000028a924fd070 10653       1       java.lang.reflect.Field::isTrustedFinal (5 bytes)
Event: 18.704 Thread 0x0000028a924fd070 nmethod 10653 0x0000028a3d61f210 code [0x0000028a3d61f3a0, 0x0000028a3d61f478]
Event: 18.704 Thread 0x0000028a92412ef0 nmethod 10652 0x0000028a36d27790 code [0x0000028a36d27960, 0x0000028a36d27db8]
Event: 18.706 Thread 0x0000028a9240fa80 nmethod 10643 0x0000028a3d61f510 code [0x0000028a3d61f6a0, 0x0000028a3d61fa38]
Event: 18.706 Thread 0x0000028a9240fa80 10645       4       java.lang.reflect.Field::<init> (50 bytes)
Event: 18.710 Thread 0x0000028a9240fa80 nmethod 10645 0x0000028a3d61fb10 code [0x0000028a3d61fc80, 0x0000028a3d6201b8]
Event: 18.724 Thread 0x0000028a9240fa80 10654   !   4       java.util.concurrent.ConcurrentHashMap::computeIfAbsent (576 bytes)
Event: 18.755 Thread 0x0000028a9240fa80 nmethod 10654 0x0000028a3d623510 code [0x0000028a3d623760, 0x0000028a3d6250c0]
Event: 18.805 Thread 0x0000028a92412ef0 10672       3       java.lang.reflect.ProxyGenerator::collectCompatibleTypes (93 bytes)
Event: 18.805 Thread 0x0000028a924fd070 10673       3       java.lang.reflect.ProxyGenerator::addProxyMethod (190 bytes)
Event: 18.805 Thread 0x0000028a92412ef0 nmethod 10672 0x0000028a36d27f90 code [0x0000028a36d28180, 0x0000028a36d28688]
Event: 18.806 Thread 0x0000028a924fd070 nmethod 10673 0x0000028a36d28910 code [0x0000028a36d28ca0, 0x0000028a36d2a588]
Event: 18.817 Thread 0x0000028a924fd070 10674       3       java.util.Collections$UnmodifiableMap$UnmodifiableEntrySet$UnmodifiableEntry::getValue (10 bytes)
Event: 18.817 Thread 0x0000028a924fd070 nmethod 10674 0x0000028a36d2ae10 code [0x0000028a36d2afc0, 0x0000028a36d2b188]

GC Heap History (20 events):
Event: 13.011 GC heap after
{Heap after GC invocations=38 (full 0):
 garbage-first heap   total 122880K, used 70535K [0x0000000080000000, 0x0000000100000000)
  region size 1024K, 2 young (2048K), 2 survivors (2048K)
 Metaspace       used 65293K, committed 67136K, reserved 1114112K
  class space    used 9414K, committed 10368K, reserved 1048576K
}
Event: 13.264 GC heap before
{Heap before GC invocations=39 (full 0):
 garbage-first heap   total 124928K, used 89991K [0x0000000080000000, 0x0000000100000000)
  region size 1024K, 22 young (22528K), 2 survivors (2048K)
 Metaspace       used 67519K, committed 69376K, reserved 1114112K
  class space    used 9624K, committed 10560K, reserved 1048576K
}
Event: 13.266 GC heap after
{Heap after GC invocations=40 (full 0):
 garbage-first heap   total 124928K, used 71285K [0x0000000080000000, 0x0000000100000000)
  region size 1024K, 2 young (2048K), 2 survivors (2048K)
 Metaspace       used 67519K, committed 69376K, reserved 1114112K
  class space    used 9624K, committed 10560K, reserved 1048576K
}
Event: 13.581 GC heap before
{Heap before GC invocations=40 (full 0):
 garbage-first heap   total 124928K, used 93813K [0x0000000080000000, 0x0000000100000000)
  region size 1024K, 24 young (24576K), 2 survivors (2048K)
 Metaspace       used 69787K, committed 71808K, reserved 1114112K
  class space    used 9991K, committed 11072K, reserved 1048576K
}
Event: 13.584 GC heap after
{Heap after GC invocations=41 (full 0):
 garbage-first heap   total 124928K, used 72165K [0x0000000080000000, 0x0000000100000000)
  region size 1024K, 3 young (3072K), 3 survivors (3072K)
 Metaspace       used 69787K, committed 71808K, reserved 1114112K
  class space    used 9991K, committed 11072K, reserved 1048576K
}
Event: 13.911 GC heap before
{Heap before GC invocations=42 (full 0):
 garbage-first heap   total 130048K, used 100837K [0x0000000080000000, 0x0000000100000000)
  region size 1024K, 26 young (26624K), 3 survivors (3072K)
 Metaspace       used 71482K, committed 73408K, reserved 1114112K
  class space    used 10210K, committed 11200K, reserved 1048576K
}
Event: 13.914 GC heap after
{Heap after GC invocations=43 (full 0):
 garbage-first heap   total 130048K, used 76742K [0x0000000080000000, 0x0000000100000000)
  region size 1024K, 4 young (4096K), 4 survivors (4096K)
 Metaspace       used 71482K, committed 73408K, reserved 1114112K
  class space    used 10210K, committed 11200K, reserved 1048576K
}
Event: 13.938 GC heap before
{Heap before GC invocations=43 (full 0):
 garbage-first heap   total 130048K, used 78790K [0x0000000080000000, 0x0000000100000000)
  region size 1024K, 6 young (6144K), 4 survivors (4096K)
 Metaspace       used 71605K, committed 73536K, reserved 1114112K
  class space    used 10232K, committed 11200K, reserved 1048576K
}
Event: 13.940 GC heap after
{Heap after GC invocations=44 (full 0):
 garbage-first heap   total 130048K, used 77393K [0x0000000080000000, 0x0000000100000000)
  region size 1024K, 1 young (1024K), 1 survivors (1024K)
 Metaspace       used 71605K, committed 73536K, reserved 1114112K
  class space    used 10232K, committed 11200K, reserved 1048576K
}
Event: 14.285 GC heap before
{Heap before GC invocations=44 (full 0):
 garbage-first heap   total 130048K, used 100945K [0x0000000080000000, 0x0000000100000000)
  region size 1024K, 25 young (25600K), 1 survivors (1024K)
 Metaspace       used 73476K, committed 75392K, reserved 1114112K
  class space    used 10463K, committed 11456K, reserved 1048576K
}
Event: 14.287 GC heap after
{Heap after GC invocations=45 (full 0):
 garbage-first heap   total 130048K, used 78355K [0x0000000080000000, 0x0000000100000000)
  region size 1024K, 2 young (2048K), 2 survivors (2048K)
 Metaspace       used 73476K, committed 75392K, reserved 1114112K
  class space    used 10463K, committed 11456K, reserved 1048576K
}
Event: 14.642 GC heap before
{Heap before GC invocations=46 (full 0):
 garbage-first heap   total 135168K, used 102931K [0x0000000080000000, 0x0000000100000000)
  region size 1024K, 27 young (27648K), 2 survivors (2048K)
 Metaspace       used 75609K, committed 77504K, reserved 1179648K
  class space    used 10728K, committed 11712K, reserved 1048576K
}
Event: 14.644 GC heap after
{Heap after GC invocations=47 (full 0):
 garbage-first heap   total 135168K, used 79511K [0x0000000080000000, 0x0000000100000000)
  region size 1024K, 3 young (3072K), 3 survivors (3072K)
 Metaspace       used 75609K, committed 77504K, reserved 1179648K
  class space    used 10728K, committed 11712K, reserved 1048576K
}
Event: 15.190 GC heap before
{Heap before GC invocations=47 (full 0):
 garbage-first heap   total 135168K, used 108183K [0x0000000080000000, 0x0000000100000000)
  region size 1024K, 32 young (32768K), 3 survivors (3072K)
 Metaspace       used 78939K, committed 81024K, reserved 1179648K
  class space    used 11188K, committed 12288K, reserved 1048576K
}
Event: 15.193 GC heap after
{Heap after GC invocations=48 (full 0):
 garbage-first heap   total 135168K, used 81162K [0x0000000080000000, 0x0000000100000000)
  region size 1024K, 3 young (3072K), 3 survivors (3072K)
 Metaspace       used 78939K, committed 81024K, reserved 1179648K
  class space    used 11188K, committed 12288K, reserved 1048576K
}
Event: 15.506 GC heap before
{Heap before GC invocations=49 (full 0):
 garbage-first heap   total 140288K, used 106762K [0x0000000080000000, 0x0000000100000000)
  region size 1024K, 29 young (29696K), 3 survivors (3072K)
 Metaspace       used 80881K, committed 82944K, reserved 1179648K
  class space    used 11431K, committed 12544K, reserved 1048576K
}
Event: 15.508 GC heap after
{Heap after GC invocations=50 (full 0):
 garbage-first heap   total 140288K, used 82102K [0x0000000080000000, 0x0000000100000000)
  region size 1024K, 3 young (3072K), 3 survivors (3072K)
 Metaspace       used 80881K, committed 82944K, reserved 1179648K
  class space    used 11431K, committed 12544K, reserved 1048576K
}
Event: 18.382 GC heap before
{Heap before GC invocations=51 (full 0):
 garbage-first heap   total 147456K, used 116918K [0x0000000080000000, 0x0000000100000000)
  region size 1024K, 34 young (34816K), 3 survivors (3072K)
 Metaspace       used 82190K, committed 84288K, reserved 1179648K
  class space    used 11626K, committed 12736K, reserved 1048576K
}
Event: 18.384 GC heap after
{Heap after GC invocations=52 (full 0):
 garbage-first heap   total 147456K, used 87868K [0x0000000080000000, 0x0000000100000000)
  region size 1024K, 5 young (5120K), 5 survivors (5120K)
 Metaspace       used 82190K, committed 84288K, reserved 1179648K
  class space    used 11626K, committed 12736K, reserved 1048576K
}
Event: 18.841 GC heap before
{Heap before GC invocations=52 (full 0):
 garbage-first heap   total 147456K, used 120636K [0x0000000080000000, 0x0000000100000000)
  region size 1024K, 37 young (37888K), 5 survivors (5120K)
 Metaspace       used 86215K, committed 88320K, reserved 1179648K
  class space    used 12121K, committed 13248K, reserved 1048576K
}

Deoptimization events (20 events):
Event: 18.522 Thread 0x0000028a9417cfd0 Uncommon trap: trap_request=0xffffffde fr.pc=0x0000028a3d4f8bf8 relative=0x0000000000001638
Event: 18.522 Thread 0x0000028a9417cfd0 Uncommon trap: reason=class_check action=maybe_recompile pc=0x0000028a3d4f8bf8 method=sun.nio.fs.WindowsDirectoryStream$WindowsDirectoryIterator.acceptEntry(Ljava/lang/String;Ljava/nio/file/attribute/BasicFileAttributes;)Ljava/nio/file/Path; @ 44 c2
Event: 18.522 Thread 0x0000028a9417cfd0 DEOPT PACKING pc=0x0000028a3d4f8bf8 sp=0x000000dcffbf61e0
Event: 18.522 Thread 0x0000028a9417cfd0 DEOPT UNPACKING pc=0x0000028a355f23a3 sp=0x000000dcffbf60d0 mode 2
Event: 18.525 Thread 0x0000028a9417cfd0 Uncommon trap: trap_request=0xffffffde fr.pc=0x0000028a3d4f8bf8 relative=0x0000000000001638
Event: 18.525 Thread 0x0000028a9417cfd0 Uncommon trap: reason=class_check action=maybe_recompile pc=0x0000028a3d4f8bf8 method=sun.nio.fs.WindowsDirectoryStream$WindowsDirectoryIterator.acceptEntry(Ljava/lang/String;Ljava/nio/file/attribute/BasicFileAttributes;)Ljava/nio/file/Path; @ 44 c2
Event: 18.525 Thread 0x0000028a9417cfd0 DEOPT PACKING pc=0x0000028a3d4f8bf8 sp=0x000000dcffbf61e0
Event: 18.525 Thread 0x0000028a9417cfd0 DEOPT UNPACKING pc=0x0000028a355f23a3 sp=0x000000dcffbf60d0 mode 2
Event: 18.528 Thread 0x0000028a9417cfd0 Uncommon trap: trap_request=0xffffffde fr.pc=0x0000028a3d4f8bf8 relative=0x0000000000001638
Event: 18.528 Thread 0x0000028a9417cfd0 Uncommon trap: reason=class_check action=maybe_recompile pc=0x0000028a3d4f8bf8 method=sun.nio.fs.WindowsDirectoryStream$WindowsDirectoryIterator.acceptEntry(Ljava/lang/String;Ljava/nio/file/attribute/BasicFileAttributes;)Ljava/nio/file/Path; @ 44 c2
Event: 18.528 Thread 0x0000028a9417cfd0 DEOPT PACKING pc=0x0000028a3d4f8bf8 sp=0x000000dcffbf61e0
Event: 18.528 Thread 0x0000028a9417cfd0 DEOPT UNPACKING pc=0x0000028a355f23a3 sp=0x000000dcffbf60d0 mode 2
Event: 18.529 Thread 0x0000028a9417cfd0 Uncommon trap: trap_request=0xffffffde fr.pc=0x0000028a3d4f8bf8 relative=0x0000000000001638
Event: 18.529 Thread 0x0000028a9417cfd0 Uncommon trap: reason=class_check action=maybe_recompile pc=0x0000028a3d4f8bf8 method=sun.nio.fs.WindowsDirectoryStream$WindowsDirectoryIterator.acceptEntry(Ljava/lang/String;Ljava/nio/file/attribute/BasicFileAttributes;)Ljava/nio/file/Path; @ 44 c2
Event: 18.529 Thread 0x0000028a9417cfd0 DEOPT PACKING pc=0x0000028a3d4f8bf8 sp=0x000000dcffbf61e0
Event: 18.529 Thread 0x0000028a9417cfd0 DEOPT UNPACKING pc=0x0000028a355f23a3 sp=0x000000dcffbf60d0 mode 2
Event: 18.530 Thread 0x0000028a9417cfd0 Uncommon trap: trap_request=0xffffffde fr.pc=0x0000028a3d4f66fc relative=0x00000000000013bc
Event: 18.530 Thread 0x0000028a9417cfd0 Uncommon trap: reason=class_check action=maybe_recompile pc=0x0000028a3d4f66fc method=sun.nio.fs.WindowsDirectoryStream$WindowsDirectoryIterator.acceptEntry(Ljava/lang/String;Ljava/nio/file/attribute/BasicFileAttributes;)Ljava/nio/file/Path; @ 44 c2
Event: 18.530 Thread 0x0000028a9417cfd0 DEOPT PACKING pc=0x0000028a3d4f66fc sp=0x000000dcffbf6180
Event: 18.530 Thread 0x0000028a9417cfd0 DEOPT UNPACKING pc=0x0000028a355f23a3 sp=0x000000dcffbf60c8 mode 2

Classes loaded (20 events):
Event: 17.625 Loading class com/sun/beans/finder/FinderUtils
Event: 17.625 Loading class com/sun/beans/finder/FinderUtils done
Event: 17.763 Loading class java/util/regex/Pattern$Pos
Event: 17.764 Loading class java/util/regex/Pattern$Pos done
Event: 18.541 Loading class java/util/Stack
Event: 18.542 Loading class java/util/Stack done
Event: 18.585 Loading class java/lang/AbstractMethodError
Event: 18.585 Loading class java/lang/AbstractMethodError done
Event: 18.669 Loading class java/util/concurrent/atomic/AtomicLongFieldUpdater
Event: 18.669 Loading class java/util/concurrent/atomic/AtomicLongFieldUpdater done
Event: 18.669 Loading class java/util/concurrent/atomic/AtomicLongFieldUpdater$CASUpdater
Event: 18.670 Loading class java/util/concurrent/atomic/AtomicLongFieldUpdater$CASUpdater done
Event: 18.670 Loading class java/util/concurrent/atomic/AtomicLongFieldUpdater$CASUpdater$1
Event: 18.670 Loading class java/util/concurrent/atomic/AtomicLongFieldUpdater$CASUpdater$1 done
Event: 18.838 Loading class javax/xml/stream/Location
Event: 18.838 Loading class javax/xml/stream/Location done
Event: 18.839 Loading class javax/xml/namespace/NamespaceContext
Event: 18.839 Loading class javax/xml/namespace/NamespaceContext done
Event: 18.839 Loading class javax/xml/stream/XMLStreamConstants
Event: 18.839 Loading class javax/xml/stream/XMLStreamConstants done

Classes unloaded (0 events):
No events

Classes redefined (0 events):
No events

Internal exceptions (20 events):
Event: 17.637 Thread 0x0000028a9417cfd0 Exception <a 'java/lang/ClassNotFoundException'{0x000000008937e308}: org/jetbrains/kotlin/gradle/targets/js/npm/NpmDependencyExtensionDelegateCustomizer> (0x000000008937e308) 
thrown [s\src\hotspot\share\classfile\systemDictionary.cpp, line 255]
Event: 17.639 Thread 0x0000028a9417cfd0 Exception <a 'java/lang/ClassNotFoundException'{0x00000000893ad228}: org/jetbrains/kotlin/gradle/targets/js/npm/NpmDependencyExtensionKt$defaultNpmDependencyDelegate$1Customizer> (0x00000000893ad228) 
thrown [s\src\hotspot\share\classfile\systemDictionary.cpp, line 255]
Event: 17.642 Thread 0x0000028a9417cfd0 Exception <a 'java/lang/ClassNotFoundException'{0x00000000893ef4c8}: org/jetbrains/kotlin/gradle/targets/js/npm/DefaultDevNpmDependencyExtensionBeanInfo> (0x00000000893ef4c8) 
thrown [s\src\hotspot\share\classfile\systemDictionary.cpp, line 255]
Event: 17.642 Thread 0x0000028a9417cfd0 Exception <a 'java/lang/ClassNotFoundException'{0x00000000893fb4c0}: org/jetbrains/kotlin/gradle/targets/js/npm/DefaultDevNpmDependencyExtensionCustomizer> (0x00000000893fb4c0) 
thrown [s\src\hotspot\share\classfile\systemDictionary.cpp, line 255]
Event: 17.645 Thread 0x0000028a9417cfd0 Exception <a 'java/lang/ClassNotFoundException'{0x00000000892467f8}: org/jetbrains/kotlin/gradle/targets/js/npm/DefaultPeerNpmDependencyExtensionBeanInfo> (0x00000000892467f8) 
thrown [s\src\hotspot\share\classfile\systemDictionary.cpp, line 255]
Event: 17.646 Thread 0x0000028a9417cfd0 Exception <a 'java/lang/ClassNotFoundException'{0x0000000089252838}: org/jetbrains/kotlin/gradle/targets/js/npm/DefaultPeerNpmDependencyExtensionCustomizer> (0x0000000089252838) 
thrown [s\src\hotspot\share\classfile\systemDictionary.cpp, line 255]
Event: 17.648 Thread 0x0000028a9417cfd0 Exception <a 'java/lang/ClassNotFoundException'{0x00000000892aa538}: org/jetbrains/kotlin/gradle/targets/js/npm/DefaultPeerNpmDependencyExtension$delegate$1BeanInfo> (0x00000000892aa538) 
thrown [s\src\hotspot\share\classfile\systemDictionary.cpp, line 255]
Event: 17.648 Thread 0x0000028a9417cfd0 Exception <a 'java/lang/ClassNotFoundException'{0x00000000892b68a8}: org/jetbrains/kotlin/gradle/targets/js/npm/DefaultPeerNpmDependencyExtension$delegate$1Customizer> (0x00000000892b68a8) 
thrown [s\src\hotspot\share\classfile\systemDictionary.cpp, line 255]
Event: 17.658 Thread 0x0000028a9417cfd0 Exception <a 'java/lang/NoSuchMethodError'{0x000000008915acb8}: static Lorg/jetbrains/kotlin/gradle/plugin/internal/DefaultIdeaSyncDetector$createIdeaPropertiesEvaluator$1;.<clinit>()V> (0x000000008915acb8) 
thrown [s\src\hotspot\share\prims\jni.cpp, line 1104]
Event: 18.531 Thread 0x0000028a9417cfd0 Exception <a 'sun/nio/fs/WindowsException'{0x0000000089015730}> (0x0000000089015730) 
thrown [s\src\hotspot\share\prims\jni.cpp, line 516]
Event: 18.531 Thread 0x0000028a9417cfd0 Exception <a 'sun/nio/fs/WindowsException'{0x0000000089017190}> (0x0000000089017190) 
thrown [s\src\hotspot\share\prims\jni.cpp, line 516]
Event: 18.668 Thread 0x0000028a9417cfd0 Exception <a 'java/lang/NoSuchMethodError'{0x0000000087caa4d0}: 'long java.lang.invoke.DirectMethodHandle$Holder.invokeStatic(java.lang.Object)'> (0x0000000087caa4d0) 
thrown [s\src\hotspot\share\interpreter\linkResolver.cpp, line 759]
Event: 18.668 Thread 0x0000028a9417cfd0 Exception <a 'java/lang/NoSuchMethodError'{0x0000000087caeff8}: 'long java.lang.invoke.DirectMethodHandle$Holder.invokeStaticInit(java.lang.Object)'> (0x0000000087caeff8) 
thrown [s\src\hotspot\share\interpreter\linkResolver.cpp, line 759]
Event: 18.725 Thread 0x0000028a9417cfd0 Exception <a 'java/lang/NoSuchMethodError'{0x00000000877a18a8}: 'long java.lang.invoke.Invokers$Holder.invoke_MT(java.lang.Object, java.lang.Object, java.lang.Object, java.lang.Object)'> (0x00000000877a18a8) 
thrown [s\src\hotspot\share\interpreter\linkResolver.cpp, line 759]
Event: 18.726 Thread 0x0000028a9417cfd0 Exception <a 'java/lang/NoSuchMethodError'{0x00000000877aab20}: 'int java.lang.invoke.Invokers$Holder.invoke_MT(java.lang.Object, java.lang.Object, java.lang.Object, java.lang.Object)'> (0x00000000877aab20) 
thrown [s\src\hotspot\share\interpreter\linkResolver.cpp, line 759]
Event: 18.727 Thread 0x0000028a9417cfd0 Exception <a 'java/lang/NoSuchMethodError'{0x00000000877b7648}: 'void java.lang.invoke.DelegatingMethodHandle$Holder.reinvoke_L(java.lang.Object, java.lang.Object, java.lang.Object, long, java.lang.Object)'> (0x00000000877b7648) 
thrown [s\src\hotspot\share\interpreter\linkResolver.cpp, line 759]
Event: 18.727 Thread 0x0000028a9417cfd0 Exception <a 'java/lang/NoSuchMethodError'{0x00000000877cac10}: 'int java.lang.invoke.DelegatingMethodHandle$Holder.reinvoke_L(java.lang.Object, java.lang.Object, java.lang.Object, long, java.lang.Object, java.lang.Object)'> (0x00000000877cac10) 
thrown [s\src\hotspot\share\interpreter\linkResolver.cpp, line 759]
Event: 18.728 Thread 0x0000028a9417cfd0 Exception <a 'java/lang/NoSuchMethodError'{0x00000000877daa50}: 'int java.lang.invoke.DelegatingMethodHandle$Holder.reinvoke_L(java.lang.Object, java.lang.Object, java.lang.Object, long, int, int)'> (0x00000000877daa50) 
thrown [s\src\hotspot\share\interpreter\linkResolver.cpp, line 759]
Event: 18.728 Thread 0x0000028a9417cfd0 Exception <a 'java/lang/NoSuchMethodError'{0x00000000877ea640}: 'int java.lang.invoke.DelegatingMethodHandle$Holder.reinvoke_L(java.lang.Object, java.lang.Object, java.lang.Object, long, long, long)'> (0x00000000877ea640) 
thrown [s\src\hotspot\share\interpreter\linkResolver.cpp, line 759]
Event: 18.729 Thread 0x0000028a9417cfd0 Exception <a 'java/lang/NoSuchMethodError'{0x00000000877f9f10}: 'int java.lang.invoke.DelegatingMethodHandle$Holder.reinvoke_L(java.lang.Object, java.lang.Object, java.lang.Object, long, int)'> (0x00000000877f9f10) 
thrown [s\src\hotspot\share\interpreter\linkResolver.cpp, line 759]

VM Operations (20 events):
Event: 15.124 Executing VM operation: HandshakeAllThreads done
Event: 15.189 Executing VM operation: G1CollectForAllocation
Event: 15.193 Executing VM operation: G1CollectForAllocation done
Event: 15.221 Executing VM operation: G1Concurrent
Event: 15.225 Executing VM operation: G1Concurrent done
Event: 15.243 Executing VM operation: G1Concurrent
Event: 15.243 Executing VM operation: G1Concurrent done
Event: 15.506 Executing VM operation: G1TryInitiateConcMark
Event: 15.508 Executing VM operation: G1TryInitiateConcMark done
Event: 15.531 Executing VM operation: G1Concurrent
Event: 17.547 Executing VM operation: G1Concurrent done
Event: 17.560 Executing VM operation: G1Concurrent
Event: 17.560 Executing VM operation: G1Concurrent done
Event: 18.376 Executing VM operation: ICBufferFull
Event: 18.376 Executing VM operation: ICBufferFull done
Event: 18.381 Executing VM operation: G1CollectForAllocation
Event: 18.384 Executing VM operation: G1CollectForAllocation done
Event: 18.675 Executing VM operation: HandshakeAllThreads
Event: 18.675 Executing VM operation: HandshakeAllThreads done
Event: 18.841 Executing VM operation: G1CollectForAllocation

Events (20 events):
Event: 13.756 Thread 0x0000028a9241b7f0 flushing nmethod 0x0000028a36a53e10
Event: 13.756 Thread 0x0000028a9241b7f0 flushing nmethod 0x0000028a36a56e10
Event: 13.756 Thread 0x0000028a9241b7f0 flushing nmethod 0x0000028a36a86410
Event: 13.756 Thread 0x0000028a9241b7f0 flushing nmethod 0x0000028a36a8af90
Event: 13.756 Thread 0x0000028a9241b7f0 flushing nmethod 0x0000028a36acb910
Event: 13.756 Thread 0x0000028a9241b7f0 flushing nmethod 0x0000028a36acc990
Event: 13.756 Thread 0x0000028a9241b7f0 flushing nmethod 0x0000028a36aeae90
Event: 13.756 Thread 0x0000028a9241b7f0 flushing nmethod 0x0000028a36af7710
Event: 13.756 Thread 0x0000028a9241b7f0 flushing nmethod 0x0000028a36b04c90
Event: 13.756 Thread 0x0000028a9241b7f0 flushing nmethod 0x0000028a36b0cf90
Event: 13.756 Thread 0x0000028a9241b7f0 flushing nmethod 0x0000028a36b24990
Event: 13.757 Thread 0x0000028a9241b7f0 flushing nmethod 0x0000028a36b92990
Event: 13.757 Thread 0x0000028a9241b7f0 flushing nmethod 0x0000028a36be8610
Event: 13.757 Thread 0x0000028a9241b7f0 flushing nmethod 0x0000028a36c00210
Event: 13.757 Thread 0x0000028a9241b7f0 flushing nmethod 0x0000028a36c03d10
Event: 14.951 Thread 0x0000028a96b6a660 Thread added: 0x0000028a96b6a660
Event: 15.467 Thread 0x0000028a97b443f0 Thread exited: 0x0000028a97b443f0
Event: 18.265 Thread 0x0000028a97b3d9a0 Thread exited: 0x0000028a97b3d9a0
Event: 18.412 Thread 0x0000028a924feed0 Thread added: 0x0000028a924feed0
Event: 18.653 Thread 0x0000028a924feed0 Thread exited: 0x0000028a924feed0


Dynamic libraries:
0x00007ff68f9a0000 - 0x00007ff68f9ad000 	D:\Program Files\JDK18\bin\java.exe
0x00007ffa1fd80000 - 0x00007ffa1ffe7000 	C:\WINDOWS\SYSTEM32\ntdll.dll
0x00007ffa1ea70000 - 0x00007ffa1eb39000 	C:\WINDOWS\System32\KERNEL32.DLL
0x00007ffa1d2f0000 - 0x00007ffa1d6e7000 	C:\WINDOWS\System32\KERNELBASE.dll
0x00007ffa1d1a0000 - 0x00007ffa1d2eb000 	C:\WINDOWS\System32\ucrtbase.dll
0x00007ff9fe600000 - 0x00007ff9fe617000 	D:\Program Files\JDK18\bin\jli.dll
0x00007ffa02eb0000 - 0x00007ffa02ec5000 	D:\Program Files\JDK18\bin\VCRUNTIME140.dll
0x00007ffa1e5b0000 - 0x00007ffa1e776000 	C:\WINDOWS\System32\USER32.dll
0x00007ffa1d7b0000 - 0x00007ffa1d7d7000 	C:\WINDOWS\System32\win32u.dll
0x00007ffa03800000 - 0x00007ffa03a92000 	C:\WINDOWS\WinSxS\amd64_microsoft.windows.common-controls_6595b64144ccf1df_6.0.26100.8457_none_3e0b2faee331e92d\COMCTL32.dll
0x00007ffa1dc40000 - 0x00007ffa1dc6b000 	C:\WINDOWS\System32\GDI32.dll
0x00007ffa1d920000 - 0x00007ffa1da4c000 	C:\WINDOWS\System32\gdi32full.dll
0x00007ffa1eb60000 - 0x00007ffa1ec09000 	C:\WINDOWS\System32\msvcrt.dll
0x00007ffa1d870000 - 0x00007ffa1d913000 	C:\WINDOWS\System32\msvcp_win.dll
0x00007ffa1e780000 - 0x00007ffa1e7b2000 	C:\WINDOWS\System32\IMM32.DLL
0x00007ff99f3f0000 - 0x00007ff99f48b000 	D:\Program Files\JDK18\bin\msvcp140.dll
0x00007ff99bf70000 - 0x00007ff99cbea000 	D:\Program Files\JDK18\bin\server\jvm.dll
0x00007ffa1e4f0000 - 0x00007ffa1e5a6000 	C:\WINDOWS\System32\ADVAPI32.dll
0x00007ffa1fb00000 - 0x00007ffa1fba7000 	C:\WINDOWS\System32\sechost.dll
0x00007ffa1ec10000 - 0x00007ffa1ed28000 	C:\WINDOWS\System32\RPCRT4.dll
0x00007ffa1fd30000 - 0x00007ffa1fd38000 	C:\WINDOWS\System32\PSAPI.DLL
0x00007ffa09180000 - 0x00007ffa0918a000 	C:\WINDOWS\SYSTEM32\WSOCK32.dll
0x00007ffa0fa50000 - 0x00007ffa0fa86000 	C:\WINDOWS\SYSTEM32\WINMM.dll
0x00007ffa1de90000 - 0x00007ffa1df10000 	C:\WINDOWS\System32\WS2_32.dll
0x00007ffa15a10000 - 0x00007ffa15a1b000 	C:\WINDOWS\SYSTEM32\VERSION.dll
0x00007ffa1b4d0000 - 0x00007ffa1b4eb000 	C:\WINDOWS\SYSTEM32\kernel.appcore.dll
0x00007ff9ef3b0000 - 0x00007ff9ef3ba000 	D:\Program Files\JDK18\bin\jimage.dll
0x00007ffa1a540000 - 0x00007ffa1a782000 	C:\WINDOWS\SYSTEM32\DBGHELP.DLL
0x00007ffa1df20000 - 0x00007ffa1e2a3000 	C:\WINDOWS\System32\combase.dll
0x00007ffa1db60000 - 0x00007ffa1dc39000 	C:\WINDOWS\System32\OLEAUT32.dll
0x00007ff9e78e0000 - 0x00007ff9e791b000 	C:\WINDOWS\SYSTEM32\dbgcore.DLL
0x00007ffa1da50000 - 0x00007ffa1daf8000 	C:\WINDOWS\System32\bcryptPrimitives.dll
0x00007ff9cd8f0000 - 0x00007ff9cd8fe000 	D:\Program Files\JDK18\bin\instrument.dll
0x00007ff9e7c60000 - 0x00007ff9e7c85000 	D:\Program Files\JDK18\bin\java.dll
0x00007ff99f310000 - 0x00007ff99f3e6000 	D:\Program Files\JDK18\bin\jsvml.dll
0x00007ffa1f380000 - 0x00007ffa1faee000 	C:\WINDOWS\System32\SHELL32.dll
0x00007ffa1c7b0000 - 0x00007ffa1d01c000 	C:\WINDOWS\System32\windows.storage.dll
0x00007ffa1e7d0000 - 0x00007ffa1e8c6000 	C:\WINDOWS\System32\SHCORE.dll
0x00007ffa1fcc0000 - 0x00007ffa1fd26000 	C:\WINDOWS\System32\shlwapi.dll
0x00007ffa1c6d0000 - 0x00007ffa1c6f9000 	C:\WINDOWS\SYSTEM32\profapi.dll
0x00007ff9ceda0000 - 0x00007ff9cedb8000 	D:\Program Files\JDK18\bin\zip.dll
0x00007ff9cede0000 - 0x00007ff9cedf3000 	D:\Program Files\JDK18\bin\net.dll
0x00007ffa169f0000 - 0x00007ffa16b19000 	C:\WINDOWS\SYSTEM32\WINHTTP.dll
0x00007ffa1ba50000 - 0x00007ffa1babc000 	C:\WINDOWS\system32\mswsock.dll
0x00007ff9cedc0000 - 0x00007ff9cedd5000 	D:\Program Files\JDK18\bin\nio.dll
0x00007ff9ef3a0000 - 0x00007ff9ef3b0000 	D:\Program Files\JDK18\bin\verify.dll
0x00007ff9fcad0000 - 0x00007ff9fcaf7000 	C:\Users\color\.gradle\native\c067742578af261105cb4f569cf0c3c89f3d7b1fecec35dd04571415982c5e48\windows-amd64\native-platform.dll
0x00007ff993e00000 - 0x00007ff993f44000 	C:\Users\color\.gradle\native\100fb08df4bc3b14c8652ba06237920a3bd2aa13389f12d3474272988ae205f9\windows-amd64\native-platform-file-events.dll
0x00007ff9ced90000 - 0x00007ff9ced99000 	D:\Program Files\JDK18\bin\management.dll
0x00007ff9cecb0000 - 0x00007ff9cecbb000 	D:\Program Files\JDK18\bin\management_ext.dll
0x00007ffa1be50000 - 0x00007ffa1be6b000 	C:\WINDOWS\SYSTEM32\CRYPTSP.dll
0x00007ffa1b430000 - 0x00007ffa1b469000 	C:\WINDOWS\system32\rsaenh.dll
0x00007ffa1bb00000 - 0x00007ffa1bb33000 	C:\WINDOWS\SYSTEM32\USERENV.dll
0x00007ffa1c6a0000 - 0x00007ffa1c6ca000 	C:\WINDOWS\SYSTEM32\bcrypt.dll
0x00007ffa1bcb0000 - 0x00007ffa1bcbc000 	C:\WINDOWS\SYSTEM32\CRYPTBASE.dll
0x00007ffa1aec0000 - 0x00007ffa1aef2000 	C:\WINDOWS\SYSTEM32\IPHLPAPI.DLL
0x00007ffa1e4e0000 - 0x00007ffa1e4ea000 	C:\WINDOWS\System32\NSI.dll
0x00007ffa16e60000 - 0x00007ffa16e7d000 	C:\WINDOWS\SYSTEM32\dhcpcsvc6.DLL
0x00007ffa16e30000 - 0x00007ffa16e55000 	C:\WINDOWS\SYSTEM32\dhcpcsvc.DLL
0x00007ffa1af50000 - 0x00007ffa1b082000 	C:\WINDOWS\SYSTEM32\DNSAPI.dll
0x00007ffa0f8d0000 - 0x00007ffa0f8de000 	D:\Program Files\JDK18\bin\sunmscapi.dll
0x00007ffa1d020000 - 0x00007ffa1d198000 	C:\WINDOWS\System32\CRYPT32.dll
0x00007ffa1bfb0000 - 0x00007ffa1bfe0000 	C:\WINDOWS\SYSTEM32\ncrypt.dll
0x00007ffa1bf60000 - 0x00007ffa1bf9f000 	C:\WINDOWS\SYSTEM32\NTASN1.dll

dbghelp: loaded successfully - version: 4.0.5 - missing functions: none
symbol engine: initialized successfully - sym options: 0x614 - pdb path: .;D:\Program Files\JDK18\bin;C:\WINDOWS\SYSTEM32;C:\WINDOWS\WinSxS\amd64_microsoft.windows.common-controls_6595b64144ccf1df_6.0.26100.8457_none_3e0b2faee331e92d;D:\Program Files\JDK18\bin\server;C:\Users\color\.gradle\native\c067742578af261105cb4f569cf0c3c89f3d7b1fecec35dd04571415982c5e48\windows-amd64;C:\Users\color\.gradle\native\100fb08df4bc3b14c8652ba06237920a3bd2aa13389f12d3474272988ae205f9\windows-amd64

VM Arguments:
jvm_args: --add-opens=java.base/java.util=ALL-UNNAMED --add-opens=java.base/java.lang=ALL-UNNAMED --add-opens=java.base/java.lang.invoke=ALL-UNNAMED --add-opens=java.prefs/java.util.prefs=ALL-UNNAMED --add-exports=jdk.compiler/com.sun.tools.javac.api=ALL-UNNAMED --add-exports=jdk.compiler/com.sun.tools.javac.util=ALL-UNNAMED --add-opens=java.base/java.nio.charset=ALL-UNNAMED --add-opens=java.base/java.net=ALL-UNNAMED --add-opens=java.base/java.util.concurrent.atomic=ALL-UNNAMED -Xmx2048m -Dfile.encoding=UTF-8 -Duser.country=CN -Duser.language=zh -Duser.variant -javaagent:C:\Users\color\.gradle\wrapper\dists\gradle-8.10.2-bin\a04bxjujx95o3nb99gddekhwo\gradle-8.10.2\lib\agents\gradle-instrumentation-agent-8.10.2.jar 
java_command: org.gradle.launcher.daemon.bootstrap.GradleDaemon 8.10.2
java_class_path (initial): C:\Users\color\.gradle\wrapper\dists\gradle-8.10.2-bin\a04bxjujx95o3nb99gddekhwo\gradle-8.10.2\lib\gradle-daemon-main-8.10.2.jar
Launcher Type: SUN_STANDARD

[Global flags]
     intx CICompilerCount                          = 12                                        {product} {ergonomic}
     uint ConcGCThreads                            = 4                                         {product} {ergonomic}
     uint G1ConcRefinementThreads                  = 15                                        {product} {ergonomic}
   size_t G1HeapRegionSize                         = 1048576                                   {product} {ergonomic}
    uintx GCDrainStackTargetSize                   = 64                                        {product} {ergonomic}
   size_t InitialHeapSize                          = 266338304                                 {product} {ergonomic}
   size_t MarkStackSize                            = 4194304                                   {product} {ergonomic}
   size_t MaxHeapSize                              = 2147483648                                {product} {command line}
   size_t MaxNewSize                               = 1287651328                                {product} {ergonomic}
   size_t MinHeapDeltaBytes                        = 1048576                                   {product} {ergonomic}
   size_t MinHeapSize                              = 8388608                                   {product} {ergonomic}
    uintx NonNMethodCodeHeapSize                   = 7602480                                {pd product} {ergonomic}
    uintx NonProfiledCodeHeapSize                  = 122027880                              {pd product} {ergonomic}
    uintx ProfiledCodeHeapSize                     = 122027880                              {pd product} {ergonomic}
    uintx ReservedCodeCacheSize                    = 251658240                              {pd product} {ergonomic}
     bool SegmentedCodeCache                       = true                                      {product} {ergonomic}
   size_t SoftMaxHeapSize                          = 2147483648                             {manageable} {ergonomic}
     bool UseCompressedClassPointers               = true                           {product lp64_product} {ergonomic}
     bool UseCompressedOops                        = true                           {product lp64_product} {ergonomic}
     bool UseG1GC                                  = true                                      {product} {ergonomic}
     bool UseLargePagesIndividualAllocation        = false                                  {pd product} {ergonomic}

Logging:
Log output configuration:
 #0: stdout all=warning uptime,level,tags foldmultilines=false
 #1: stderr all=off uptime,level,tags foldmultilines=false

Environment Variables:
JAVA_HOME=D:\Program Files\JDK18\
PATH=C:\Users\color\bin;D:\Program Files\Git\mingw64\bin;D:\Program Files\Git\usr\local\bin;D:\Program Files\Git\usr\bin;D:\Program Files\Git\usr\bin;D:\Program Files\Git\mingw64\bin;D:\Program Files\Git\usr\bin;C:\Users\color\bin;D:\Program Files\JDK18\bin;C:\Program Files\Java\jdkmicrosoft21\bin;C:\Program Files\Python311\Scripts;C:\Program Files\Python311;C:\Program Files\Common Files\Oracle\Java\javapath;D:\Program Files\bin;C:\ProgramData\Oracle\Java\javapath;C:\Windows\system32;C:\Windows;C:\Windows\System32\Wbem;C:\Windows\System32\WindowsPowerShell\v1.0;C:\Windows\System32\OpenSSH;C:\WINDOWS\system32;C:\WINDOWS;C:\WINDOWS\System32\Wbem;C:\WINDOWS\System32\WindowsPowerShell\v1.0;C:\WINDOWS\System32\OpenSSH;C:\Program Files\NVIDIA Corporation\NVIDIA app\NvDLISR;C:\Program Files\dotnet;C:\Program Files (x86)\NVIDIA Corporation\PhysX\Common;C:\Users\color\Desktop\gmapiserver\lib\ffmpeg\bin;D:\Program Files\Git\cmd;C:\Program Files\Tailscale;D:\Program Files;C:\Program Files\GitHub CLI;C:\Users\color\.local\bin;C:\Users\color\AppData\Local\Microsoft\WindowsApps;C:\ProgramData\color\GitHubDesktop\bin;D:\Microsoft VS Code\bin;D:\Program Files;C:\Users\color\.dotnet\tools;D:\project\gmapiserver\lib\ffmpeg\bin;C:\Users\color\AppData\Roaming\npm;D:\Program Files\Git\usr\bin\vendor_perl;D:\Program Files\Git\usr\bin\core_perl
USERNAME=color
SHELL=D:\Program Files\Git\usr\bin\bash.exe
OS=Windows_NT
PROCESSOR_IDENTIFIER=Intel64 Family 6 Model 154 Stepping 3, GenuineIntel



---------------  S Y S T E M  ---------------

OS:
 Windows 11 , 64 bit Build 26100 (10.0.26100.8328)
OS uptime: 0 days 19:32 hours
Hyper-V role detected

CPU: total 20 (initial active 20) (10 cores per cpu, 2 threads per core) family 6 model 154 stepping 3 microcode 0x414, cx8, cmov, fxsr, ht, mmx, 3dnowpref, sse, sse2, sse3, ssse3, sse4.1, sse4.2, popcnt, lzcnt, tsc, tscinvbit, avx, avx2, aes, erms, clmul, bmi1, bmi2, adx, sha, fma, vzeroupper, clflush, clflushopt, clwb, hv, serialize

Memory: 4k page, system-wide physical 16128M (2557M free)
TotalPageFile size 32128M (AvailPageFile size 77M)
current process WorkingSet (physical memory assigned to process): 374M, peak: 374M
current process commit charge ("private bytes"): 450M, peak: 549M

vm_info: OpenJDK 64-Bit Server VM (18.0.2+10) for windows-amd64 JRE (18.0.2+10), built on Jul 18 2022 14:02:19 by "" with MS VC++ 15.9 (VS2017)

END.
