#
# There is insufficient memory for the Java Runtime Environment to continue.
# Native memory allocation (mmap) failed to map 65536 bytes. Error detail: Failed to commit metaspace.
# Possible reasons:
#   The system is out of physical RAM or swap space
#   This process is running with CompressedOops enabled, and the Java Heap may be blocking the growth of the native heap
# Possible solutions:
#   Reduce memory load on the system
#   Increase physical memory or swap space
#   Check if swap backing store is full
#   Decrease Java heap size (-Xmx/-Xms)
#   Decrease number of Java threads
#   Decrease Java thread stack sizes (-Xss)
#   Set larger code cache with -XX:ReservedCodeCacheSize=
#   JVM is running with Unscaled Compressed Oops mode in which the Java heap is
#     placed in the first 4GB address space. The Java Heap base address is the
#     maximum limit for the native heap growth. Please use -XX:HeapBaseMinAddress
#     to set the Java Heap base and to place the Java Heap above 4GB virtual address.
# This output file may be truncated or incomplete.
#
#  Out of Memory Error (virtualSpaceNode.cpp:112), pid=22884, tid=24876
#
# JRE version: OpenJDK Runtime Environment (22.0+36) (build 22+36-2370)
# Java VM: OpenJDK 64-Bit Server VM (22+36-2370, mixed mode, sharing, tiered, compressed oops, compressed class ptrs, g1 gc, windows-amd64)
# No core dump will be written. Minidumps are not enabled by default on client versions of Windows
#

---------------  S U M M A R Y ------------

Command Line: -Xmx64m -Xms64m -Dorg.gradle.appname=gradlew org.gradle.wrapper.GradleWrapperMain -p D:\project\mindustry_mobile_launcher\android assembleDebug

Host: 12th Gen Intel(R) Core(TM) i7-12700H, 20 cores, 15G,  Windows 11 , 64 bit Build 26100 (10.0.26100.8328)
Time: Thu May 28 12:56:28 2026  Windows 11 , 64 bit Build 26100 (10.0.26100.8328) elapsed time: 0.764790 seconds (0d 0h 0m 0s)

---------------  T H R E A D  ---------------

Current thread (0x000002864d811d00):  JavaThread "main"             [_thread_in_vm, id=24876, stack(0x000000c801300000,0x000000c801400000) (1024K)]

Stack: [0x000000c801300000,0x000000c801400000]
Native frames: (J=compiled Java code, j=interpreted, Vv=VM code, C=native code)
V  [jvm.dll+0x6e2349]  (no source info available)
V  [jvm.dll+0x874ed3]  (no source info available)
V  [jvm.dll+0x8772fe]  (no source info available)
V  [jvm.dll+0x8779d3]  (no source info available)
V  [jvm.dll+0x27fcb6]  (no source info available)
V  [jvm.dll+0x870b1e]  (no source info available)
V  [jvm.dll+0x6853b5]  (no source info available)
V  [jvm.dll+0x1e3e9c]  (no source info available)
V  [jvm.dll+0x1e3c6e]  (no source info available)
V  [jvm.dll+0x687d08]  (no source info available)
V  [jvm.dll+0x22509c]  (no source info available)
V  [jvm.dll+0x685dce]  (no source info available)
V  [jvm.dll+0x30b401]  (no source info available)
V  [jvm.dll+0x216913]  (no source info available)
V  [jvm.dll+0x20b4f7]  (no source info available)
V  [jvm.dll+0x5c471f]  (no source info available)
V  [jvm.dll+0x7ec136]  (no source info available)
V  [jvm.dll+0x47cb26]  (no source info available)
V  [jvm.dll+0x4829d8]  (no source info available)
C  [java.dll+0x17e4]  (no source info available)
C  0x000002865fa7770c  (no source info available)

The last pc belongs to native nmethod (printed below).
Java frames: (J=compiled Java code, j=interpreted, Vv=VM code)
J 975  java.lang.ClassLoader.defineClass1(Ljava/lang/ClassLoader;Ljava/lang/String;[BIILjava/security/ProtectionDomain;Ljava/lang/String;)Ljava/lang/Class; java.base@22 (0 bytes) @ 0x000002865fa77671 [0x000002865fa775a0+0x00000000000000d1]
J 1015 c1 java.lang.ClassLoader.defineClass(Ljava/lang/String;[BIILjava/security/ProtectionDomain;)Ljava/lang/Class; java.base@22 (43 bytes) @ 0x0000028658050874 [0x0000028658050520+0x0000000000000354]
J 1050 c1 java.security.SecureClassLoader.defineClass(Ljava/lang/String;[BIILjava/security/CodeSource;)Ljava/lang/Class; java.base@22 (16 bytes) @ 0x000002865806081c [0x0000028658060740+0x00000000000000dc]
J 1117 c1 java.net.URLClassLoader.defineClass(Ljava/lang/String;Ljdk/internal/loader/Resource;)Ljava/lang/Class; java.base@22 (224 bytes) @ 0x000002865807f704 [0x000002865807e000+0x0000000000001704]
J 885 c1 java.net.URLClassLoader$1.run()Ljava/lang/Class; java.base@22 (81 bytes) @ 0x00000286580076dc [0x0000028658006ac0+0x0000000000000c1c]
J 884 c1 java.net.URLClassLoader$1.run()Ljava/lang/Object; java.base@22 (5 bytes) @ 0x00000286580056d4 [0x0000028658005640+0x0000000000000094]
J 741 c1 java.security.AccessController.doPrivileged(Ljava/security/PrivilegedExceptionAction;Ljava/security/AccessControlContext;)Ljava/lang/Object; java.base@22 (26 bytes) @ 0x0000028657fb3794 [0x0000028657fb35a0+0x00000000000001f4]
J 882 c1 java.net.URLClassLoader.findClass(Ljava/lang/String;)Ljava/lang/Class; java.base@22 (47 bytes) @ 0x00000286580060a4 [0x0000028658005f00+0x00000000000001a4]
J 851 c1 java.lang.ClassLoader.loadClass(Ljava/lang/String;Z)Ljava/lang/Class; java.base@22 (121 bytes) @ 0x0000028657fef6a4 [0x0000028657fef0e0+0x00000000000005c4]
J 817 c1 java.lang.ClassLoader.loadClass(Ljava/lang/String;)Ljava/lang/Class; java.base@22 (7 bytes) @ 0x0000028657fe1954 [0x0000028657fe1840+0x0000000000000114]
v  ~StubRoutines::call_stub 0x000002865f2c100d
j  org.gradle.api.internal.provider.AbstractMinimalProvider.openScope()Lorg/gradle/api/internal/provider/EvaluationContext$ScopeContext;+0
j  org.gradle.api.internal.provider.AbstractProperty.calculateOwnValue(Lorg/gradle/api/internal/provider/ValueSupplier$ValueConsumer;)Lorg/gradle/api/internal/provider/ValueSupplier$Value;+1
j  org.gradle.api.internal.provider.AbstractMinimalProvider.calculateOwnPresentValue()Lorg/gradle/api/internal/provider/ValueSupplier$Value;+4
j  org.gradle.api.internal.provider.AbstractMinimalProvider.get()Ljava/lang/Object;+1
j  org.gradle.process.internal.JvmOptions.getManagedJvmArgs()Ljava/util/List;+167
j  org.gradle.process.internal.JvmOptions.getAllImmutableJvmArgs()Ljava/util/List;+11
j  org.gradle.launcher.daemon.configuration.DaemonParameters.setJvmArgs(Ljava/lang/Iterable;)V+9
j  org.gradle.launcher.daemon.configuration.DaemonBuildOptions$JvmArgsOption.applyTo(Ljava/lang/String;Lorg/gradle/launcher/daemon/configuration/DaemonParameters;Lorg/gradle/internal/buildoption/Origin;)V+5
j  org.gradle.launcher.daemon.configuration.DaemonBuildOptions$JvmArgsOption.applyTo(Ljava/lang/String;Ljava/lang/Object;Lorg/gradle/internal/buildoption/Origin;)V+7
j  org.gradle.internal.buildoption.StringBuildOption.applyFromProperty(Ljava/util/Map;Ljava/lang/Object;)V+28
j  org.gradle.internal.buildoption.BuildOptionSet$2.convert(Ljava/util/Map;Ljava/lang/Object;)Ljava/lang/Object;+37
j  org.gradle.launcher.cli.converter.BuildOptionBackedConverter.convert(Lorg/gradle/cli/ParsedCommandLine;Ljava/util/Map;Ljava/lang/Object;)V+9
j  org.gradle.launcher.cli.BuildEnvironmentConfigurationConverter.convertParameters(Lorg/gradle/cli/ParsedCommandLine;Ljava/io/File;)Lorg/gradle/launcher/cli/Parameters;+93
j  org.gradle.launcher.cli.DefaultCommandLineActionFactory$ParseAndBuildAction.execute(Lorg/gradle/launcher/bootstrap/ExecutionListener;)V+83
j  org.gradle.launcher.cli.DefaultCommandLineActionFactory$ParseAndBuildAction.execute(Ljava/lang/Object;)V+5
j  org.gradle.launcher.cli.DebugLoggerWarningAction.execute(Lorg/gradle/launcher/bootstrap/ExecutionListener;)V+9
j  org.gradle.launcher.cli.DebugLoggerWarningAction.execute(Ljava/lang/Object;)V+5
j  org.gradle.launcher.cli.WelcomeMessageAction.execute(Lorg/gradle/launcher/bootstrap/ExecutionListener;)V+218
j  org.gradle.launcher.cli.WelcomeMessageAction.execute(Ljava/lang/Object;)V+5
j  org.gradle.launcher.cli.NativeServicesInitializingAction.execute(Lorg/gradle/launcher/bootstrap/ExecutionListener;)V+38
j  org.gradle.launcher.cli.NativeServicesInitializingAction.execute(Ljava/lang/Object;)V+5
j  org.gradle.launcher.cli.ExceptionReportingAction.execute(Lorg/gradle/launcher/bootstrap/ExecutionListener;)V+5
j  org.gradle.launcher.cli.ExceptionReportingAction.execute(Ljava/lang/Object;)V+5
j  org.gradle.launcher.cli.DefaultCommandLineActionFactory$WithLogging.execute(Lorg/gradle/launcher/bootstrap/ExecutionListener;)V+309
j  org.gradle.launcher.Main.doAction([Ljava/lang/String;Lorg/gradle/launcher/bootstrap/ExecutionListener;)V+14
j  org.gradle.launcher.bootstrap.EntryPoint.run([Ljava/lang/String;)V+12
j  java.lang.invoke.DirectMethodHandle$Holder.invokeVirtual(Ljava/lang/Object;Ljava/lang/Object;Ljava/lang/Object;)V+11 java.base@22
j  java.lang.invoke.LambdaForm$MH+0x0000028601012800.invoke(Ljava/lang/Object;Ljava/lang/Object;Ljava/lang/Object;)Ljava/lang/Object;+52 java.base@22
j  java.lang.invoke.Invokers$Holder.invokeExact_MT(Ljava/lang/Object;Ljava/lang/Object;Ljava/lang/Object;Ljava/lang/Object;)Ljava/lang/Object;+20 java.base@22
j  jdk.internal.reflect.DirectMethodHandleAccessor.invokeImpl(Ljava/lang/Object;[Ljava/lang/Object;)Ljava/lang/Object;+55 java.base@22
j  jdk.internal.reflect.DirectMethodHandleAccessor.invoke(Ljava/lang/Object;[Ljava/lang/Object;)Ljava/lang/Object;+23 java.base@22
j  java.lang.reflect.Method.invoke(Ljava/lang/Object;[Ljava/lang/Object;)Ljava/lang/Object;+102 java.base@22
j  org.gradle.launcher.bootstrap.ProcessBootstrap.runNoExit(Ljava/lang/String;Ljava/lang/String;Ljava/lang/String;[Ljava/lang/String;)V+205
j  org.gradle.launcher.bootstrap.ProcessBootstrap.run(Ljava/lang/String;Ljava/lang/String;Ljava/lang/String;[Ljava/lang/String;)V+4
j  org.gradle.launcher.GradleMain.main([Ljava/lang/String;)V+68
j  java.lang.invoke.LambdaForm$DMH+0x0000028601004400.invokeStatic(Ljava/lang/Object;Ljava/lang/Object;)V+10 java.base@22
j  java.lang.invoke.LambdaForm$MH+0x0000028601008000.invoke(Ljava/lang/Object;Ljava/lang/Object;Ljava/lang/Object;)Ljava/lang/Object;+33 java.base@22
j  java.lang.invoke.Invokers$Holder.invokeExact_MT(Ljava/lang/Object;Ljava/lang/Object;Ljava/lang/Object;Ljava/lang/Object;)Ljava/lang/Object;+20 java.base@22
j  jdk.internal.reflect.DirectMethodHandleAccessor.invokeImpl(Ljava/lang/Object;[Ljava/lang/Object;)Ljava/lang/Object;+55 java.base@22
j  jdk.internal.reflect.DirectMethodHandleAccessor.invoke(Ljava/lang/Object;[Ljava/lang/Object;)Ljava/lang/Object;+23 java.base@22
j  java.lang.reflect.Method.invoke(Ljava/lang/Object;[Ljava/lang/Object;)Ljava/lang/Object;+102 java.base@22
j  org.gradle.wrapper.GradleWrapperMain.main([Ljava/lang/String;)V+1823
v  ~StubRoutines::call_stub 0x000002865f2c100d

Compiled method (n/a) 910  975     n 0       java.lang.ClassLoader::defineClass1 (native)
 total in heap  [0x000002865fa77410,0x000002865fa77a50] = 1600
 relocation     [0x000002865fa77568,0x000002865fa775a0] = 56
 main code      [0x000002865fa775a0,0x000002865fa77a4f] = 1199
 stub code      [0x000002865fa77a4f,0x000002865fa77a50] = 1

[Constant Pool (empty)]

[MachCode]
[Entry Point]
  # {method} {0x00000286003fd870} 'defineClass1' '(Ljava/lang/ClassLoader;Ljava/lang/String;[BIILjava/security/ProtectionDomain;Ljava/lang/String;)Ljava/lang/Class;' in 'java/lang/ClassLoader'
  # parm0:    rdx:rdx   = 'java/lang/ClassLoader'
  # parm1:    r8:r8     = 'java/lang/String'
  # parm2:    r9:r9     = '[B'
  # parm3:    rdi       = int
  # parm4:    rsi       = int
  # parm5:    rcx:rcx   = 'java/security/ProtectionDomain'
  # parm6:    [sp+0xa0]   = 'java/lang/String'  (sp of caller)
  0x000002865fa775a0: 448b 5208 | 49bb 0000 | 0000 8602 | 0000 4d03 | d349 3bc2 | 0f84 0600 

  0x000002865fa775b8: ;   {runtime_call ic_miss_stub}
  0x000002865fa775b8: 0000 e9c1 | 7189 ff90 
[Verified Entry Point]
  0x000002865fa775c0: 8984 2400 | 80ff ff55 | 488b ec48 | 81ec 9000 | 0000 6690 | 4181 7f20 | 0100 0000 

  0x000002865fa775dc: ;   {runtime_call StubRoutines (final stubs)}
  0x000002865fa775dc: 7405 e8fd | d687 ff48 | 837d 1000 | 488d 4510 | 480f 4445 | 1048 8944 | 2440 4889 | 4c24 7048 
  0x000002865fa775fc: 83f9 0048 | 8d44 2470 | 480f 4444 | 2470 4889 | 4424 3848 | 8974 2430 | 4889 7c24 | 284c 894c 
  0x000002865fa7761c: 2458 4983 | f900 488d | 4424 5848 | 0f44 4424 | 5848 8944 | 2420 4c89 | 4424 5049 | 83f8 004c 
  0x000002865fa7763c: 8d4c 2450 | 4c0f 444c | 2450 4889 | 5424 4848 | 83fa 004c | 8d44 2448 | 4c0f 4444 

  0x000002865fa77658: ;   {oop(a 'java/lang/Class'{0x00000000fe701e10} = 'java/lang/ClassLoader')}
  0x000002865fa77658: 2448 49be | 101e 70fe | 0000 0000 | 4c89 7424 | 784c 8d74 | 2478 498b | d6c5 f877 

  0x000002865fa77674: ;   {internal_word}
  0x000002865fa77674: 49ba 7176 | a75f 8602 | 0000 4d89 | 97a8 0300 | 0049 89a7 | a003 0000 

  0x000002865fa7768c: ;   {external_word}
  0x000002865fa7768c: 49ba ac40 | 46a0 f97f | 0000 4180 | 3a00 0f84 | 4e00 0000 | 5241 5041 

  0x000002865fa776a4: ;   {metadata({method} {0x00000286003fd870} 'defineClass1' '(Ljava/lang/ClassLoader;Ljava/lang/String;[BIILjava/security/ProtectionDomain;Ljava/lang/String;)Ljava/lang/Class;' in 'java/lang/ClassLoader')}
  0x000002865fa776a4: 5148 ba68 | d83f 0086 | 0200 0049 | 8bcf 4883 | ec20 40f6 | c40f 0f84 | 1900 0000 | 4883 ec08 
  0x000002865fa776c4: ;   {runtime_call}
  0x000002865fa776c4: 48b8 00b6 | f69f f97f | 0000 ffd0 | 4883 c408 | e90c 0000 

  0x000002865fa776d8: ;   {runtime_call}
  0x000002865fa776d8: 0048 b800 | b6f6 9ff9 | 7f00 00ff | d048 83c4 | 2041 5941 | 585a 498d | 8fc0 0300 | 0041 c787 
  0x000002865fa776f8: 5404 0000 | 0400 0000 

  0x000002865fa77700: ;   {runtime_call}
  0x000002865fa77700: 48b8 a416 | adfc f97f | 0000 ffd0 | c5f8 7741 | c787 5404 | 0000 0500 | 0000 f083 | 4424 c000 
  0x000002865fa77720: 493b af58 | 0400 000f | 870e 0000 | 0041 83bf | 5004 0000 | 000f 842b | 0000 00c5 | f877 4889 
  0x000002865fa77740: 45f8 498b | cf4c 8be4 | 4883 ec20 | 4883 e4f0 

  0x000002865fa77750: ;   {runtime_call}
  0x000002865fa77750: 48b8 c01f | c19f f97f | 0000 ffd0 | 498b e44d | 33e4 488b | 45f8 41c7 | 8754 0400 | 0008 0000 
  0x000002865fa77770: 0041 83bf | d004 0000 | 020f 84a3 

  0x000002865fa7777c: ;   {external_word}
  0x000002865fa7777c: 0200 0049 | baac 4046 | a0f9 7f00 | 0041 803a | 000f 844c | 0000 0048 

  0x000002865fa77794: ;   {metadata({method} {0x00000286003fd870} 'defineClass1' '(Ljava/lang/ClassLoader;Ljava/lang/String;[BIILjava/security/ProtectionDomain;Ljava/lang/String;)Ljava/lang/Class;' in 'java/lang/ClassLoader')}
  0x000002865fa77794: 8945 f848 | ba68 d83f | 0086 0200 | 0049 8bcf | 4883 ec20 | 40f6 c40f | 0f84 1900 | 0000 4883 
  0x000002865fa777b4: ;   {runtime_call}
  0x000002865fa777b4: ec08 48b8 | 00b6 f69f | f97f 0000 | ffd0 4883 | c408 e90c 

  0x000002865fa777c8: ;   {runtime_call}
  0x000002865fa777c8: 0000 0048 | b800 b6f6 | 9ff9 7f00 | 00ff d048 | 83c4 2048 | 8b45 f849 | c787 a003 | 0000 0000 
  0x000002865fa777e8: 0000 49c7 | 87a8 0300 | 0000 0000 | 00c5 f877 | 4885 c00f | 84fe 0100 | 00a8 030f | 8508 0000 
  0x000002865fa77808: 0048 8b00 | e9ee 0100 | 00a8 010f | 8509 0000 | 0048 8b40 | fee9 dd01 | 0000 488b | 40ff 4180 
  0x000002865fa77828: 7f38 000f | 84ce 0100 | 0048 83f8 | 000f 84c4 | 0100 0049 | 8b4f 2848 | 83f9 000f | 8414 0000 
  0x000002865fa77848: 0048 83e9 | 0849 894f | 2849 034f | 3048 8901 | e9a2 0100 | 0048 81ec | d000 0000 | 4889 0424 
  0x000002865fa77868: 4889 4c24 | 0848 8954 | 2410 4889 | 7424 1848 | 897c 2420 | 4c89 4424 | 284c 894c | 2430 4c89 
  0x000002865fa77888: 5424 384c | 895c 2440 | c5fb 1144 | 2450 c5fb | 114c 2458 | c5fb 1154 | 2460 c5fb | 115c 2468 
  0x000002865fa778a8: c5fb 1164 | 2470 c5fb | 116c 2478 | c5fb 11b4 | 2480 0000 | 00c5 fb11 | bc24 8800 | 0000 c57b 
  0x000002865fa778c8: ;   {no_reloc}
  0x000002865fa778c8: 1184 2490 | 0000 00c5 | 7b11 8c24 | 9800 0000 | c57b 1194 | 24a0 0000 | 00c5 7b11 | 9c24 a800 
  0x000002865fa778e8: 0000 c57b | 11a4 24b0 | 0000 00c5 | 7b11 ac24 | b800 0000 | c57b 11b4 | 24c0 0000 | 00c5 7b11 
  0x000002865fa77908: bc24 c800 | 0000 498b | d748 8bc8 | 4883 ec20 | 40f6 c40f | 0f84 1900 | 0000 4883 

  0x000002865fa77924: ;   {runtime_call}
  0x000002865fa77924: ec08 48b8 | 303e b49f | f97f 0000 | ffd0 4883 | c408 e90c 

  0x000002865fa77938: ;   {runtime_call}
  0x000002865fa77938: 0000 0048 | b830 3eb4 | 9ff9 7f00 | 00ff d048 | 83c4 20c5 | 7b10 bc24 | c800 0000 | c57b 10b4 
  0x000002865fa77958: 24c0 0000 | 00c5 7b10 | ac24 b800 | 0000 c57b | 10a4 24b0 | 0000 00c5 | 7b10 9c24 | a800 0000 
  0x000002865fa77978: c57b 1094 | 24a0 0000 | 00c5 7b10 | 8c24 9800 | 0000 c57b | 1084 2490 | 0000 00c5 | fb10 bc24 
  0x000002865fa77998: 8800 0000 | c5fb 10b4 | 2480 0000 | 00c5 fb10 | 6c24 78c5 | fb10 6424 | 70c5 fb10 | 5c24 68c5 
  0x000002865fa779b8: fb10 5424 | 60c5 fb10 | 4c24 58c5 | fb10 4424 | 504c 8b5c | 2440 4c8b | 5424 384c | 8b4c 2430 
  0x000002865fa779d8: 4c8b 4424 | 2848 8b7c | 2420 488b | 7424 1848 | 8b54 2410 | 488b 4c24 | 0848 8b04 | 2448 81c4 
  0x000002865fa779f8: d000 0000 | c5f8 7749 | 8b8f 3004 | 0000 c781 | 0001 0000 | 0000 0000 | c949 837f | 0800 0f85 
  0x000002865fa77a18: 0100 0000 

  0x000002865fa77a1c: ;   {runtime_call StubRoutines (initial stubs)}
  0x000002865fa77a1c: c3e9 de94 | 84ff c5f8 | 7748 8945 | f84c 8be4 | 4883 ec20 | 4883 e4f0 

  0x000002865fa77a34: ;   {runtime_call}
  0x000002865fa77a34: 48b8 50ee | f69f f97f | 0000 ffd0 | 498b e44d | 33e4 488b | 45f8 e930 | fdff fff4 
[/MachCode]


Compiled method (c1) 917 1015       3       java.lang.ClassLoader::defineClass (43 bytes)
 total in heap  [0x0000028658050310,0x0000028658050c60] = 2384
 relocation     [0x0000028658050468,0x0000028658050508] = 160
 main code      [0x0000028658050520,0x00000286580509b8] = 1176
 stub code      [0x00000286580509b8,0x0000028658050a30] = 120
 metadata       [0x0000028658050a30,0x0000028658050a60] = 48
 scopes data    [0x0000028658050a60,0x0000028658050b50] = 240
 scopes pcs     [0x0000028658050b50,0x0000028658050c30] = 224
 dependencies   [0x0000028658050c30,0x0000028658050c38] = 8
 nul chk table  [0x0000028658050c38,0x0000028658050c60] = 40

[Constant Pool (empty)]

[MachCode]
[Entry Point]
  # {method} {0x00000286003fdbf0} 'defineClass' '(Ljava/lang/String;[BIILjava/security/ProtectionDomain;)Ljava/lang/Class;' in 'java/lang/ClassLoader'
  # this:     rdx:rdx   = 'java/lang/ClassLoader'
  # parm0:    r8:r8     = 'java/lang/String'
  # parm1:    r9:r9     = '[B'
  # parm2:    rdi       = int
  # parm3:    rsi       = int
  # parm4:    rcx:rcx   = 'java/security/ProtectionDomain'
  #           [sp+0xc0]  (sp of caller)
  0x0000028658050520: 448b 5208 | 49bb 0000 | 0000 8602 | 0000 4d03 | d34c 3bd0 

  0x0000028658050534: ;   {runtime_call ic_miss_stub}
  0x0000028658050534: 0f85 46e2 | 2b07 660f | 1f44 0000 
[Verified Entry Point]
  0x0000028658050540: 8984 2400 | 80ff ff55 | 4881 ecb0 | 0000 0090 | 4181 7f20 | 0100 0000 

  0x0000028658050558: ;   {runtime_call StubRoutines (final stubs)}
  0x0000028658050558: 7405 e881 | 472a 0748 | 8954 2478 

  0x0000028658050564: ;   {metadata(method data for {method} {0x00000286003fdbf0} 'defineClass' '(Ljava/lang/String;[BIILjava/security/ProtectionDomain;)Ljava/lang/Class;' in 'java/lang/ClassLoader')}
  0x0000028658050564: 48bb a0d7 | 1b41 8602 | 0000 8b83 | cc00 0000 | 83c0 0289 | 83cc 0000 | 0025 fe07 | 0000 85c0 
  0x0000028658050584: 0f84 5003 | 0000 89b4 | 2494 0000 | 0089 bc24 | 9000 0000 | 4c89 8c24 | 8800 0000 

  0x00000286580505a0: ;   {metadata(method data for {method} {0x00000286003fdbf0} 'defineClass' '(Ljava/lang/String;[BIILjava/security/ProtectionDomain;)Ljava/lang/Class;' in 'java/lang/ClassLoader')}
  0x00000286580505a0: 488b da48 | b8a0 d71b | 4186 0200 | 0048 8380 | 1801 0000 | 0149 8bd8 | 4c8b c34c | 8bc9 488b 
  0x00000286580505c0: ca48 8bd1 | 4889 9c24 | 8000 0000 

  0x00000286580505cc: ;   {optimized virtual_call}
  0x00000286580505cc: 6666 90e8 

  0x00000286580505d0: ; ImmutableOopMap {[120]=Oop [128]=Oop [136]=Oop }
                      ;*invokevirtual preDefineClass {reexecute=0 rethrow=0 return_oop=0}
                      ; - java.lang.ClassLoader::defineClass@4 (line 1021)
  0x00000286580505d0: 4c11 0000 

  0x00000286580505d4: ;   {other}
  0x00000286580505d4: 0f1f 8400 | c402 0000 | 4889 8424 | 9800 0000 | 488b 5424 

  0x00000286580505e8: ;   {metadata(method data for {method} {0x00000286003fdbf0} 'defineClass' '(Ljava/lang/String;[BIILjava/security/ProtectionDomain;)Ljava/lang/Class;' in 'java/lang/ClassLoader')}
  0x00000286580505e8: 7849 b8a0 | d71b 4186 | 0200 0049 | 8380 4801 

  0x00000286580505f8: ;   {metadata(method data for {method} {0x00000286003fd8d8} 'defineClassSourceLocation' '(Ljava/security/ProtectionDomain;)Ljava/lang/String;' in 'java/lang/ClassLoader')}
  0x00000286580505f8: 0000 0149 | b858 de1b | 4186 0200 | 0041 8b90 | cc00 0000 | 83c2 0241 | 8990 cc00 | 0000 81e2 
  0x0000028658050618: feff 1f00 | 85d2 0f84 | d702 0000 

  0x0000028658050624: ; implicit exception: dispatches to 0x000002865805091c
  0x0000028658050624: 483b 004c 

  0x0000028658050628: ;   {metadata(method data for {method} {0x00000286003fd8d8} 'defineClassSourceLocation' '(Ljava/security/ProtectionDomain;)Ljava/lang/String;' in 'java/lang/ClassLoader')}
  0x0000028658050628: 8bc0 48ba | 58de 1b41 | 8602 0000 | 4883 8218 | 0100 0001 | 448b 4010 

  0x0000028658050640: ;   {metadata(method data for {method} {0x00000286003fd8d8} 'defineClassSourceLocation' '(Ljava/security/ProtectionDomain;)Ljava/lang/String;' in 'java/lang/ClassLoader')}
  0x0000028658050640: 4d85 c048 | ba58 de1b | 4186 0200 | 0048 c7c6 | 5801 0000 | 7507 48c7 | c648 0100 | 0048 8b3c 
  0x0000028658050660: 3248 8d7f | 0148 893c | 320f 850f 

  0x000002865805066c: ;   {oop(nullptr)}
  0x000002865805066c: 0000 0048 | bb00 0000 | 0000 0000 | 00e9 a101 | 0000 493b | 0049 8bd0 

  0x0000028658050684: ;   {metadata(method data for {method} {0x00000286003fd8d8} 'defineClassSourceLocation' '(Ljava/security/ProtectionDomain;)Ljava/lang/String;' in 'java/lang/ClassLoader')}
  0x0000028658050684: 48be 58de | 1b41 8602 | 0000 4883 | 8668 0100 | 0001 418b | 500c 4885 

  0x000002865805069c: ;   {metadata(method data for {method} {0x00000286003fd8d8} 'defineClassSourceLocation' '(Ljava/security/ProtectionDomain;)Ljava/lang/String;' in 'java/lang/ClassLoader')}
  0x000002865805069c: d248 be58 | de1b 4186 | 0200 0048 | c7c7 a801 | 0000 7507 | 48c7 c798 | 0100 0048 | 8b1c 3e48 
  0x00000286580506bc: 8d5b 0148 | 891c 3e0f | 850f 0000 

  0x00000286580506c8: ;   {oop(nullptr)}
  0x00000286580506c8: 0048 bb00 | 0000 0000 | 0000 00e9 | 4701 0000 

  0x00000286580506d8: ;   {metadata(method data for {method} {0x00000286003fd8d8} 'defineClassSourceLocation' '(Ljava/security/ProtectionDomain;)Ljava/lang/String;' in 'java/lang/ClassLoader')}
  0x00000286580506d8: 48be 58de | 1b41 8602 | 0000 4883 | 86b8 0100 | 0001 483b | 024c 8bc2 

  0x00000286580506f0: ;   {metadata(method data for {method} {0x00000286003fd8d8} 'defineClassSourceLocation' '(Ljava/security/ProtectionDomain;)Ljava/lang/String;' in 'java/lang/ClassLoader')}
  0x00000286580506f0: 48be 58de | 1b41 8602 | 0000 4883 | 86e8 0100 

  0x0000028658050700: ;   {metadata(method data for {method} {0x000002860001a690} 'toString' '()Ljava/lang/String;' in 'java/net/URL')}
  0x0000028658050700: 0001 49b8 | 60b6 1441 | 8602 0000 | 418b b0cc | 0000 0083 | c602 4189 | b0cc 0000 | 0081 e6fe 
  0x0000028658050720: ff1f 0085 | f60f 8400 | 0200 004c 

  0x000002865805072c: ;   {metadata(method data for {method} {0x000002860001a690} 'toString' '()Ljava/lang/String;' in 'java/net/URL')}
  0x000002865805072c: 8bc2 48be | 60b6 1441 | 8602 0000 | 4883 8618 | 0100 0001 

  0x0000028658050740: ;   {metadata(method data for {method} {0x00000286003f24d0} 'toExternalForm' '()Ljava/lang/String;' in 'java/net/URL')}
  0x0000028658050740: 49b8 e8b7 | 1441 8602 | 0000 418b | b0cc 0000 | 0083 c602 | 4189 b0cc | 0000 0081 | e6fe ff1f 
  0x0000028658050760: 0085 f60f | 84e3 0100 | 008b 7238 

  0x000002865805076c: ; implicit exception: dispatches to 0x000002865805096d
  0x000002865805076c: 483b 064c 

  0x0000028658050770: ;   {metadata(method data for {method} {0x00000286003f24d0} 'toExternalForm' '()Ljava/lang/String;' in 'java/net/URL')}
  0x0000028658050770: 8bc6 48bf | e8b7 1441 | 8602 0000 | 458b 4008 | 49ba 0000 | 0000 8602 | 0000 4d03 | c24c 3b87 
  0x0000028658050790: 2001 0000 | 750d 4883 | 8728 0100 | 0001 e960 | 0000 004c | 3b87 3001 | 0000 750d | 4883 8738 
  0x00000286580507b0: 0100 0001 | e94a 0000 | 0048 83bf | 2001 0000 | 0075 174c | 8987 2001 | 0000 48c7 | 8728 0100 
  0x00000286580507d0: 0001 0000 | 00e9 2900 | 0000 4883 | bf30 0100 | 0000 7517 | 4c89 8730 | 0100 0048 | c787 3801 
  0x00000286580507f0: 0000 0100 | 0000 e908 | 0000 0048 | 8387 1801 | 0000 014c | 8bc2 488b | d666 0f1f 

  0x000002865805080c: ;   {optimized virtual_call}
  0x000002865805080c: 4400 00e8 

  0x0000028658050810: ; ImmutableOopMap {[120]=Oop [128]=Oop [136]=Oop [152]=Oop }
                      ;*invokevirtual toExternalForm {reexecute=0 rethrow=0 return_oop=0}
                      ; - java.net.URL::toExternalForm@5 (line 1203)
                      ; - java.net.URL::toString@1 (line 1189)
                      ; - java.lang.ClassLoader::defineClassSourceLocation@22 (line 925)
                      ; - java.lang.ClassLoader::defineClass@12 (line 1022)
  0x0000028658050810: ec08 f8ff 

  0x0000028658050814: ;   {other}
  0x0000028658050814: 0f1f 8400 | 0405 0001 | 488b d848 | 8b84 2498 | 0000 008b | b424 9400 | 0000 8bbc | 2490 0000 
  0x0000028658050834: 004c 8b8c | 2488 0000 | 004c 8b84 | 2480 0000 | 0048 8b54 

  0x0000028658050848: ;   {metadata(method data for {method} {0x00000286003fdbf0} 'defineClass' '(Ljava/lang/String;[BIILjava/security/ProtectionDomain;)Ljava/lang/Class;' in 'java/lang/ClassLoader')}
  0x0000028658050848: 2478 48b9 | a0d7 1b41 | 8602 0000 | 4883 8178 | 0100 0001 | 4c8b da49 | 8bd3 488b | c848 891c 
  0x0000028658050868: 2466 0f1f 

  0x000002865805086c: ;   {static_call}
  0x000002865805086c: 4400 00e8 

  0x0000028658050870: ; ImmutableOopMap {[120]=Oop [152]=Oop }
                      ;*invokestatic defineClass1 {reexecute=0 rethrow=0 return_oop=0}
                      ; - java.lang.ClassLoader::defineClass@27 (line 1023)
  0x0000028658050870: 4c6d a207 

  0x0000028658050874: ;   {other}
  0x0000028658050874: 0f1f 8400 | 6405 0002 | 488b 5424 

  0x0000028658050880: ;   {metadata(method data for {method} {0x00000286003fdbf0} 'defineClass' '(Ljava/lang/String;[BIILjava/security/ProtectionDomain;)Ljava/lang/Class;' in 'java/lang/ClassLoader')}
  0x0000028658050880: 7849 b8a0 | d71b 4186 | 0200 0049 | 8380 8801 | 0000 014c | 8bc0 4c8b | 8c24 9800 | 0000 488b 
  0x00000286580508a0: 5424 7848 | 8984 24a0 | 0000 000f 

  0x00000286580508ac: ;   {optimized virtual_call}
  0x00000286580508ac: 1f40 00e8 

  0x00000286580508b0: ; ImmutableOopMap {[160]=Oop }
                      ;*invokevirtual postDefineClass {reexecute=0 rethrow=0 return_oop=0}
                      ; - java.lang.ClassLoader::defineClass@37 (line 1024)
  0x00000286580508b0: 6c28 0000 

  0x00000286580508b4: ;   {other}
  0x00000286580508b4: 0f1f 8400 | a405 0003 | 488b 8424 | a000 0000 | 4881 c4b0 | 0000 005d 

  0x00000286580508cc: ;   {poll_return}
  0x00000286580508cc: 493b a758 | 0400 000f | 8799 0000 

  0x00000286580508d8: ;   {metadata({method} {0x00000286003fdbf0} 'defineClass' '(Ljava/lang/String;[BIILjava/security/ProtectionDomain;)Ljava/lang/Class;' in 'java/lang/ClassLoader')}
  0x00000286580508d8: 00c3 49ba | e8db 3f00 | 8602 0000 | 4c89 5424 | 0848 c704 | 24ff ffff 

  0x00000286580508f0: ;   {runtime_call counter_overflow Runtime1 stub}
  0x00000286580508f0: ffe8 8ad8 

  0x00000286580508f4: ; ImmutableOopMap {rdx=Oop r8=Oop r9=Oop rcx=Oop [120]=Oop }
                      ;*synchronization entry
                      ; - java.lang.ClassLoader::defineClass@-1 (line 1021)
  0x00000286580508f4: 3807 e98f 

  0x00000286580508f8: ;   {metadata({method} {0x00000286003fd8d8} 'defineClassSourceLocation' '(Ljava/security/ProtectionDomain;)Ljava/lang/String;' in 'java/lang/ClassLoader')}
  0x00000286580508f8: fcff ff49 | bad0 d83f | 0086 0200 | 004c 8954 | 2408 48c7 | 0424 ffff 

  0x0000028658050910: ;   {runtime_call counter_overflow Runtime1 stub}
  0x0000028658050910: ffff e869 

  0x0000028658050914: ; ImmutableOopMap {rax=Oop [120]=Oop [128]=Oop [136]=Oop [152]=Oop }
                      ;*synchronization entry
                      ; - java.lang.ClassLoader::defineClassSourceLocation@-1 (line 922)
                      ; - java.lang.ClassLoader::defineClass@12 (line 1022)
  0x0000028658050914: d838 07e9 | 08fd ffff 

  0x000002865805091c: ;   {runtime_call throw_null_pointer_exception Runtime1 stub}
  0x000002865805091c: e85f 8738 

  0x0000028658050920: ; ImmutableOopMap {rax=Oop [120]=Oop [128]=Oop [136]=Oop [152]=Oop }
                      ;*invokevirtual getCodeSource {reexecute=0 rethrow=0 return_oop=0}
                      ; - java.lang.ClassLoader::defineClassSourceLocation@1 (line 922)
                      ; - java.lang.ClassLoader::defineClass@12 (line 1022)
                      ;   {runtime_call throw_null_pointer_exception Runtime1 stub}
  0x0000028658050920: 07e8 5a87 

  0x0000028658050924: ; ImmutableOopMap {rax=Oop r8=Oop [120]=Oop [128]=Oop [136]=Oop [152]=Oop }
                      ;*invokevirtual getLocation {reexecute=0 rethrow=0 return_oop=0}
                      ; - java.lang.ClassLoader::defineClassSourceLocation@12 (line 924)
                      ; - java.lang.ClassLoader::defineClass@12 (line 1022)
                      ;   {runtime_call throw_null_pointer_exception Runtime1 stub}
  0x0000028658050924: 3807 e855 

  0x0000028658050928: ; ImmutableOopMap {rdx=Oop [120]=Oop [128]=Oop [136]=Oop [152]=Oop }
                      ;*invokevirtual toString {reexecute=0 rethrow=0 return_oop=0}
                      ; - java.lang.ClassLoader::defineClassSourceLocation@22 (line 925)
                      ; - java.lang.ClassLoader::defineClass@12 (line 1022)
                      ;   {metadata({method} {0x000002860001a690} 'toString' '()Ljava/lang/String;' in 'java/net/URL')}
  0x0000028658050928: 8738 0749 | ba88 a601 | 0086 0200 | 004c 8954 | 2408 48c7 | 0424 ffff 

  0x0000028658050940: ;   {runtime_call counter_overflow Runtime1 stub}
  0x0000028658050940: ffff e839 

  0x0000028658050944: ; ImmutableOopMap {rdx=Oop [120]=Oop [128]=Oop [136]=Oop [152]=Oop }
                      ;*synchronization entry
                      ; - java.net.URL::toString@-1 (line 1189)
                      ; - java.lang.ClassLoader::defineClassSourceLocation@22 (line 925)
                      ; - java.lang.ClassLoader::defineClass@12 (line 1022)
  0x0000028658050944: d838 07e9 | dffd ffff 

  0x000002865805094c: ;   {metadata({method} {0x00000286003f24d0} 'toExternalForm' '()Ljava/lang/String;' in 'java/net/URL')}
  0x000002865805094c: 49ba c824 | 3f00 8602 | 0000 4c89 | 5424 0848 | c704 24ff 

  0x0000028658050960: ;   {runtime_call counter_overflow Runtime1 stub}
  0x0000028658050960: ffff ffe8 

  0x0000028658050964: ; ImmutableOopMap {rdx=Oop [120]=Oop [128]=Oop [136]=Oop [152]=Oop }
                      ;*synchronization entry
                      ; - java.net.URL::toExternalForm@-1 (line 1203)
                      ; - java.net.URL::toString@1 (line 1189)
                      ; - java.lang.ClassLoader::defineClassSourceLocation@22 (line 925)
                      ; - java.lang.ClassLoader::defineClass@12 (line 1022)
  0x0000028658050964: 18d8 3807 | e9fc fdff 

  0x000002865805096c: ;   {runtime_call throw_null_pointer_exception Runtime1 stub}
  0x000002865805096c: ffe8 0e87 

  0x0000028658050970: ; ImmutableOopMap {rdx=Oop rsi=Oop [120]=Oop [128]=Oop [136]=Oop [152]=Oop }
                      ;*invokevirtual toExternalForm {reexecute=0 rethrow=0 return_oop=0}
                      ; - java.net.URL::toExternalForm@5 (line 1203)
                      ; - java.net.URL::toString@1 (line 1189)
                      ; - java.lang.ClassLoader::defineClassSourceLocation@22 (line 925)
                      ; - java.lang.ClassLoader::defineClass@12 (line 1022)
                      ;   {internal_word}
  0x0000028658050970: 3807 49ba | cc08 0558 | 8602 0000 | 4d89 9770 

  0x0000028658050980: ;   {runtime_call SafepointBlob}
  0x0000028658050980: 0400 00e9 | 784d 2c07 | 498b 8708 | 0500 0049 | c787 0805 | 0000 0000 | 0000 49c7 | 8710 0500 
  0x00000286580509a0: 0000 0000 | 0048 81c4 | b000 0000 

  0x00000286580509ac: ;   {runtime_call unwind_exception Runtime1 stub}
  0x00000286580509ac: 5de9 ce77 | 3807 f4f4 | f4f4 f4f4 
[Stub Code]
  0x00000286580509b8: ;   {no_reloc}
  0x00000286580509b8: 0f1f 4400 

  0x00000286580509bc: ;   {static_stub}
  0x00000286580509bc: 0048 bb00 | 0000 0000 

  0x00000286580509c4: ;   {runtime_call}
  0x00000286580509c4: 0000 00e9 | fbff ffff 

  0x00000286580509cc: ;   {static_stub}
  0x00000286580509cc: 48bb 28d9 | 3f00 8602 

  0x00000286580509d4: ;   {runtime_call I2C/C2I adapters}
  0x00000286580509d4: 0000 e990 

  0x00000286580509d8: ;   {static_stub}
  0x00000286580509d8: a32b 0748 | bb00 0000 | 0000 0000 

  0x00000286580509e4: ;   {runtime_call}
  0x00000286580509e4: 00e9 fbff 

  0x00000286580509e8: ;   {static_stub}
  0x00000286580509e8: ffff 48bb | 10d8 3f00 | 8602 0000 

  0x00000286580509f4: ;   {runtime_call I2C/C2I adapters}
  0x00000286580509f4: e972 a32b 

  0x00000286580509f8: ;   {runtime_call handle_exception_from_callee Runtime1 stub}
  0x00000286580509f8: 07e8 82a4 

  0x00000286580509fc: ;   {external_word}
  0x00000286580509fc: 3807 48b9 | d028 1ea0 | f97f 0000 | 4883 e4f0 

  0x0000028658050a0c: ;   {runtime_call}
  0x0000028658050a0c: 48b8 9095 | e59f f97f | 0000 ffd0 

  0x0000028658050a18: ;   {section_word}
  0x0000028658050a18: f449 ba19 | 0a05 5886 | 0200 0041 

  0x0000028658050a24: ;   {runtime_call DeoptimizationBlob}
  0x0000028658050a24: 52e9 763f | 2c07 f4f4 | f4f4 f4f4 
[/MachCode]


Compiled method (c1) 925 1050       3       java.security.SecureClassLoader::defineClass (16 bytes)
 total in heap  [0x0000028658060590,0x0000028658060990] = 1024
 relocation     [0x00000286580606e8,0x0000028658060738] = 80
 main code      [0x0000028658060740,0x0000028658060898] = 344
 stub code      [0x0000028658060898,0x00000286580608e8] = 80
 metadata       [0x00000286580608e8,0x00000286580608f0] = 8
 scopes data    [0x00000286580608f0,0x0000028658060938] = 72
 scopes pcs     [0x0000028658060938,0x0000028658060988] = 80
 dependencies   [0x0000028658060988,0x0000028658060990] = 8

[Constant Pool (empty)]

[MachCode]
[Entry Point]
  # {method} {0x00000286000438c0} 'defineClass' '(Ljava/lang/String;[BIILjava/security/CodeSource;)Ljava/lang/Class;' in 'java/security/SecureClassLoader'
  # this:     rdx:rdx   = 'java/security/SecureClassLoader'
  # parm0:    r8:r8     = 'java/lang/String'
  # parm1:    r9:r9     = '[B'
  # parm2:    rdi       = int
  # parm3:    rsi       = int
  # parm4:    rcx:rcx   = 'java/security/CodeSource'
  #           [sp+0x80]  (sp of caller)
  0x0000028658060740: 448b 5208 | 49bb 0000 | 0000 8602 | 0000 4d03 | d34c 3bd0 

  0x0000028658060754: ;   {runtime_call ic_miss_stub}
  0x0000028658060754: 0f85 26e0 | 2a07 660f | 1f44 0000 
[Verified Entry Point]
  0x0000028658060760: 8984 2400 | 80ff ff55 | 4883 ec70 | 4181 7f20 | 0100 0000 

  0x0000028658060774: ;   {runtime_call StubRoutines (final stubs)}
  0x0000028658060774: 7405 e865 

  0x0000028658060778: ;   {metadata(method data for {method} {0x00000286000438c0} 'defineClass' '(Ljava/lang/String;[BIILjava/security/CodeSource;)Ljava/lang/Class;' in 'java/security/SecureClassLoader')}
  0x0000028658060778: 4529 0748 | bb00 851b | 4186 0200 | 008b 83cc | 0000 0083 | c002 8983 | cc00 0000 | 25fe 0700 
  0x0000028658060798: 0085 c00f | 8496 0000 | 0089 7424 | 5c89 7c24 | 584c 894c | 2450 4c89 | 4424 4848 

  0x00000286580607b4: ;   {metadata(method data for {method} {0x00000286000438c0} 'defineClass' '(Ljava/lang/String;[BIILjava/security/CodeSource;)Ljava/lang/Class;' in 'java/security/SecureClassLoader')}
  0x00000286580607b4: 8bda 48b8 | 0085 1b41 | 8602 0000 | 4883 8018 | 0100 0001 | 4c8b c148 | 8bc2 488b | d048 8944 
  0x00000286580607d4: ;   {optimized virtual_call}
  0x00000286580607d4: 2440 90e8 

  0x00000286580607d8: ; ImmutableOopMap {[64]=Oop [72]=Oop [80]=Oop }
                      ;*invokevirtual getProtectionDomain {reexecute=0 rethrow=0 return_oop=0}
                      ; - java.security.SecureClassLoader::defineClass@9 (line 150)
  0x00000286580607d8: 44b4 feff 

  0x00000286580607dc: ;   {other}
  0x00000286580607dc: 0f1f 8400 | 4c02 0000 | 488b 5424 

  0x00000286580607e8: ;   {metadata(method data for {method} {0x00000286000438c0} 'defineClass' '(Ljava/lang/String;[BIILjava/security/CodeSource;)Ljava/lang/Class;' in 'java/security/SecureClassLoader')}
  0x00000286580607e8: 4049 b800 | 851b 4186 | 0200 0049 | 8380 4801 | 0000 014c | 8b44 2448 | 4c8b 4c24 | 508b 7c24 
  0x0000028658060808: 588b 7424 | 5c48 8bc8 | 488b 5424 

  0x0000028658060814: ;   {optimized virtual_call}
  0x0000028658060814: 4066 90e8 

  0x0000028658060818: ; ImmutableOopMap {}
                      ;*invokevirtual defineClass {reexecute=0 rethrow=0 return_oop=0}
                      ; - java.security.SecureClassLoader::defineClass@12 (line 150)
  0x0000028658060818: 24fd feff 

  0x000002865806081c: ;   {other}
  0x000002865806081c: 0f1f 8400 | 8c02 0001 | 4883 c470 

  0x0000028658060828: ;   {poll_return}
  0x0000028658060828: 5d49 3ba7 | 5804 0000 | 0f87 2200 

  0x0000028658060834: ;   {metadata({method} {0x00000286000438c0} 'defineClass' '(Ljava/lang/String;[BIILjava/security/CodeSource;)Ljava/lang/Class;' in 'java/security/SecureClassLoader')}
  0x0000028658060834: 0000 c349 | bab8 3804 | 0086 0200 | 004c 8954 | 2408 48c7 | 0424 ffff 

  0x000002865806084c: ;   {runtime_call counter_overflow Runtime1 stub}
  0x000002865806084c: ffff e82d 

  0x0000028658060850: ; ImmutableOopMap {rdx=Oop r8=Oop r9=Oop rcx=Oop }
                      ;*synchronization entry
                      ; - java.security.SecureClassLoader::defineClass@-1 (line 150)
  0x0000028658060850: d937 07e9 | 49ff ffff 

  0x0000028658060858: ;   {internal_word}
  0x0000028658060858: 49ba 2908 | 0658 8602 | 0000 4d89 | 9770 0400 

  0x0000028658060868: ;   {runtime_call SafepointBlob}
  0x0000028658060868: 00e9 924e | 2b07 498b | 8708 0500 | 0049 c787 | 0805 0000 | 0000 0000 | 49c7 8710 | 0500 0000 
  0x0000028658060888: 0000 0048 | 83c4 705d 

  0x0000028658060890: ;   {runtime_call unwind_exception Runtime1 stub}
  0x0000028658060890: e9eb 7837 | 07f4 f4f4 
[Stub Code]
  0x0000028658060898: ;   {no_reloc}
  0x0000028658060898: 48bb 0000 | 0000 0000 

  0x00000286580608a0: ;   {runtime_call}
  0x00000286580608a0: 0000 e9fb 

  0x00000286580608a4: ;   {static_stub}
  0x00000286580608a4: ffff ff48 | bb00 0000 | 0000 0000 

  0x00000286580608b0: ;   {runtime_call}
  0x00000286580608b0: 00e9 fbff 

  0x00000286580608b4: ;   {runtime_call handle_exception_from_callee Runtime1 stub}
  0x00000286580608b4: ffff e8c5 

  0x00000286580608b8: ;   {external_word}
  0x00000286580608b8: a537 0748 | b9d0 281e | a0f9 7f00 | 0048 83e4 

  0x00000286580608c8: ;   {runtime_call}
  0x00000286580608c8: f048 b890 | 95e5 9ff9 | 7f00 00ff 

  0x00000286580608d4: ;   {section_word}
  0x00000286580608d4: d0f4 49ba | d608 0658 | 8602 0000 

  0x00000286580608e0: ;   {runtime_call DeoptimizationBlob}
  0x00000286580608e0: 4152 e9b9 | 402b 07f4 
[/MachCode]


---------------  P R O C E S S  ---------------

Threads class SMR info:
_java_thread_list=0x00000286460948d0, length=18, elements={
0x000002864d811d00, 0x000002866ab854c0, 0x000002866ab85f20, 0x000002866ab8e9b0,
0x000002866ab8f410, 0x000002866ab91fb0, 0x000002866ab92b40, 0x000002866ab9a990,
0x000002866aba9330, 0x000002866abaa7a0, 0x0000028645202d40, 0x0000028645208a80,
0x000002866aba8590, 0x000002866aba7ec0, 0x000002866abaae70, 0x000002866abaa0d0,
0x000002866aba77f0, 0x0000028645f31c50
}

Java Threads: ( => current thread )
=>0x000002864d811d00 JavaThread "main"                              [_thread_in_vm, id=24876, stack(0x000000c801300000,0x000000c801400000) (1024K)]
  0x000002866ab854c0 JavaThread "Reference Handler"          daemon [_thread_blocked, id=9044, stack(0x000000c801b00000,0x000000c801c00000) (1024K)]
  0x000002866ab85f20 JavaThread "Finalizer"                  daemon [_thread_blocked, id=11196, stack(0x000000c801c00000,0x000000c801d00000) (1024K)]
  0x000002866ab8e9b0 JavaThread "Signal Dispatcher"          daemon [_thread_blocked, id=8700, stack(0x000000c801d00000,0x000000c801e00000) (1024K)]
  0x000002866ab8f410 JavaThread "Attach Listener"            daemon [_thread_blocked, id=28724, stack(0x000000c801e00000,0x000000c801f00000) (1024K)]
  0x000002866ab91fb0 JavaThread "Service Thread"             daemon [_thread_blocked, id=31980, stack(0x000000c801f00000,0x000000c802000000) (1024K)]
  0x000002866ab92b40 JavaThread "Monitor Deflation Thread"   daemon [_thread_blocked, id=6116, stack(0x000000c802000000,0x000000c802100000) (1024K)]
  0x000002866ab9a990 JavaThread "C2 CompilerThread0"         daemon [_thread_blocked, id=13896, stack(0x000000c802100000,0x000000c802200000) (1024K)]
  0x000002866aba9330 JavaThread "C1 CompilerThread0"         daemon [_thread_blocked, id=6168, stack(0x000000c802200000,0x000000c802300000) (1024K)]
  0x000002866abaa7a0 JavaThread "C1 CompilerThread1"         daemon [_thread_blocked, id=36672, stack(0x000000c802300000,0x000000c802400000) (1024K)]
  0x0000028645202d40 JavaThread "Notification Thread"        daemon [_thread_blocked, id=30764, stack(0x000000c802400000,0x000000c802500000) (1024K)]
  0x0000028645208a80 JavaThread "Common-Cleaner"             daemon [_thread_blocked, id=2312, stack(0x000000c802500000,0x000000c802600000) (1024K)]
  0x000002866aba8590 JavaThread "C2 CompilerThread1"         daemon [_thread_blocked, id=22892, stack(0x000000c802600000,0x000000c802700000) (1024K)]
  0x000002866aba7ec0 JavaThread "C2 CompilerThread2"         daemon [_thread_blocked, id=20028, stack(0x000000c802700000,0x000000c802800000) (1024K)]
  0x000002866abaae70 JavaThread "C2 CompilerThread3"         daemon [_thread_blocked, id=12840, stack(0x000000c802800000,0x000000c802900000) (1024K)]
  0x000002866abaa0d0 JavaThread "C2 CompilerThread4"         daemon [_thread_blocked, id=31976, stack(0x000000c802900000,0x000000c802a00000) (1024K)]
  0x000002866aba77f0 JavaThread "C1 CompilerThread2"         daemon [_thread_blocked, id=11552, stack(0x000000c802e00000,0x000000c802f00000) (1024K)]
  0x0000028645f31c50 JavaThread "pool-1-thread-1"                   [_thread_in_vm, id=28868, stack(0x000000c802f00000,0x000000c803000000) (1024K)]
Total: 18

Other Threads:
  0x000002866ab6b130 VMThread "VM Thread"                           [id=18264, stack(0x000000c801a00000,0x000000c801b00000) (1024K)]
  0x000002866ab517b0 WatcherThread "VM Periodic Task Thread"        [id=23476, stack(0x000000c801900000,0x000000c801a00000) (1024K)]
  0x000002864fb498d0 WorkerThread "GC Thread#0"                     [id=19864, stack(0x000000c801400000,0x000000c801500000) (1024K)]
  0x0000028645bb12a0 WorkerThread "GC Thread#1"                     [id=3948, stack(0x000000c802a00000,0x000000c802b00000) (1024K)]
  0x0000028645c99910 WorkerThread "GC Thread#2"                     [id=20508, stack(0x000000c802b00000,0x000000c802c00000) (1024K)]
  0x0000028645c79880 WorkerThread "GC Thread#3"                     [id=11304, stack(0x000000c802c00000,0x000000c802d00000) (1024K)]
  0x0000028645f065c0 WorkerThread "GC Thread#4"                     [id=36704, stack(0x000000c802d00000,0x000000c802e00000) (1024K)]
  0x000002864fb4b0c0 ConcurrentGCThread "G1 Main Marker"            [id=5332, stack(0x000000c801500000,0x000000c801600000) (1024K)]
  0x000002864fb4bbd0 WorkerThread "G1 Conc#0"                       [id=33884, stack(0x000000c801600000,0x000000c801700000) (1024K)]
  0x000002864fbee5e0 ConcurrentGCThread "G1 Refine#0"               [id=25980, stack(0x000000c801700000,0x000000c801800000) (1024K)]
  0x000002866aa281f0 ConcurrentGCThread "G1 Service"                [id=13108, stack(0x000000c801800000,0x000000c801900000) (1024K)]
Total: 11

Threads with active compile tasks:
Total: 0

VM state: not at safepoint (normal execution)

VM Mutex/Monitor currently owned by a thread:  ([mutex/lock_event])
[0x00007ff9a048ab48] Metaspace_lock - owner thread: 0x000002864d811d00

Heap address: 0x00000000fc000000, size: 64 MB, Compressed Oops mode: 32-bit

CDS archive(s) mapped at: [0x0000028600000000-0x0000028600c50000-0x0000028600c50000), size 12910592, SharedBaseAddress: 0x0000028600000000, ArchiveRelocationMode: 1.
Compressed class space mapped at: 0x0000028601000000-0x0000028641000000, reserved size: 1073741824
Narrow klass base: 0x0000028600000000, Narrow klass shift: 0, Narrow klass range: 0x41000000

GC Precious Log:
 CardTable entry size: 512
 Card Set container configuration: InlinePtr #cards 5 size 8 Array Of Cards #cards 12 size 40 Howl #buckets 4 coarsen threshold 1843 Howl Bitmap #cards 512 size 80 coarsen threshold 460 Card regions per heap region 1 cards per card region 2048
 CPUs: 20 total, 20 available
 Memory: 16128M
 Large Page Support: Disabled
 NUMA Support: Disabled
 Compressed Oops: Enabled (32-bit)
 Heap Region Size: 1M
 Heap Min Capacity: 64M
 Heap Initial Capacity: 64M
 Heap Max Capacity: 64M
 Pre-touch: Disabled
 Parallel Workers: 15
 Concurrent Workers: 4
 Concurrent Refinement Workers: 15
 Periodic GC: Disabled

Heap:
 garbage-first heap   total reserved 65536K, committed 65536K, used 27224K [0x00000000fc000000, 0x0000000100000000)
  region size 1024K, 21 young (21504K), 3 survivors (3072K)
 Metaspace       used 6275K, committed 6400K, reserved 1114112K
  class space    used 848K, committed 896K, reserved 1048576K

Heap Regions: E=young(eden), S=young(survivor), O=old, HS=humongous(starts), HC=humongous(continues), CS=collection set, F=free, TAMS=top-at-mark-start, PB=parsable bottom
|   0|0x00000000fc000000, 0x00000000fc100000, 0x00000000fc100000|100%| O|  |TAMS 0x00000000fc000000| PB 0x00000000fc000000| Untracked |  0
|   1|0x00000000fc100000, 0x00000000fc200000, 0x00000000fc200000|100%| O|  |TAMS 0x00000000fc100000| PB 0x00000000fc100000| Untracked |  0
|   2|0x00000000fc200000, 0x00000000fc296000, 0x00000000fc300000| 58%| O|  |TAMS 0x00000000fc200000| PB 0x00000000fc200000| Untracked |  0
|   3|0x00000000fc300000, 0x00000000fc400000, 0x00000000fc400000|100%|HS|  |TAMS 0x00000000fc300000| PB 0x00000000fc300000| Complete |  0
|   4|0x00000000fc400000, 0x00000000fc500000, 0x00000000fc500000|100%|HC|  |TAMS 0x00000000fc400000| PB 0x00000000fc400000| Complete |  0
|   5|0x00000000fc500000, 0x00000000fc600000, 0x00000000fc600000|100%|HC|  |TAMS 0x00000000fc500000| PB 0x00000000fc500000| Complete |  0
|   6|0x00000000fc600000, 0x00000000fc700000, 0x00000000fc700000|100%|HC|  |TAMS 0x00000000fc600000| PB 0x00000000fc600000| Complete |  0
|   7|0x00000000fc700000, 0x00000000fc700000, 0x00000000fc800000|  0%| F|  |TAMS 0x00000000fc700000| PB 0x00000000fc700000| Untracked |  0
|   8|0x00000000fc800000, 0x00000000fc800000, 0x00000000fc900000|  0%| F|  |TAMS 0x00000000fc800000| PB 0x00000000fc800000| Untracked |  0
|   9|0x00000000fc900000, 0x00000000fc900000, 0x00000000fca00000|  0%| F|  |TAMS 0x00000000fc900000| PB 0x00000000fc900000| Untracked |  0
|  10|0x00000000fca00000, 0x00000000fca00000, 0x00000000fcb00000|  0%| F|  |TAMS 0x00000000fca00000| PB 0x00000000fca00000| Untracked |  0
|  11|0x00000000fcb00000, 0x00000000fcb00000, 0x00000000fcc00000|  0%| F|  |TAMS 0x00000000fcb00000| PB 0x00000000fcb00000| Untracked |  0
|  12|0x00000000fcc00000, 0x00000000fcc00000, 0x00000000fcd00000|  0%| F|  |TAMS 0x00000000fcc00000| PB 0x00000000fcc00000| Untracked |  0
|  13|0x00000000fcd00000, 0x00000000fcd00000, 0x00000000fce00000|  0%| F|  |TAMS 0x00000000fcd00000| PB 0x00000000fcd00000| Untracked |  0
|  14|0x00000000fce00000, 0x00000000fce00000, 0x00000000fcf00000|  0%| F|  |TAMS 0x00000000fce00000| PB 0x00000000fce00000| Untracked |  0
|  15|0x00000000fcf00000, 0x00000000fcf00000, 0x00000000fd000000|  0%| F|  |TAMS 0x00000000fcf00000| PB 0x00000000fcf00000| Untracked |  0
|  16|0x00000000fd000000, 0x00000000fd000000, 0x00000000fd100000|  0%| F|  |TAMS 0x00000000fd000000| PB 0x00000000fd000000| Untracked |  0
|  17|0x00000000fd100000, 0x00000000fd100000, 0x00000000fd200000|  0%| F|  |TAMS 0x00000000fd100000| PB 0x00000000fd100000| Untracked |  0
|  18|0x00000000fd200000, 0x00000000fd200000, 0x00000000fd300000|  0%| F|  |TAMS 0x00000000fd200000| PB 0x00000000fd200000| Untracked |  0
|  19|0x00000000fd300000, 0x00000000fd300000, 0x00000000fd400000|  0%| F|  |TAMS 0x00000000fd300000| PB 0x00000000fd300000| Untracked |  0
|  20|0x00000000fd400000, 0x00000000fd400000, 0x00000000fd500000|  0%| F|  |TAMS 0x00000000fd400000| PB 0x00000000fd400000| Untracked |  0
|  21|0x00000000fd500000, 0x00000000fd500000, 0x00000000fd600000|  0%| F|  |TAMS 0x00000000fd500000| PB 0x00000000fd500000| Untracked |  0
|  22|0x00000000fd600000, 0x00000000fd600000, 0x00000000fd700000|  0%| F|  |TAMS 0x00000000fd600000| PB 0x00000000fd600000| Untracked |  0
|  23|0x00000000fd700000, 0x00000000fd700000, 0x00000000fd800000|  0%| F|  |TAMS 0x00000000fd700000| PB 0x00000000fd700000| Untracked |  0
|  24|0x00000000fd800000, 0x00000000fd800000, 0x00000000fd900000|  0%| F|  |TAMS 0x00000000fd800000| PB 0x00000000fd800000| Untracked |  0
|  25|0x00000000fd900000, 0x00000000fd900000, 0x00000000fda00000|  0%| F|  |TAMS 0x00000000fd900000| PB 0x00000000fd900000| Untracked |  0
|  26|0x00000000fda00000, 0x00000000fda00000, 0x00000000fdb00000|  0%| F|  |TAMS 0x00000000fda00000| PB 0x00000000fda00000| Untracked |  0
|  27|0x00000000fdb00000, 0x00000000fdb00000, 0x00000000fdc00000|  0%| F|  |TAMS 0x00000000fdb00000| PB 0x00000000fdb00000| Untracked |  0
|  28|0x00000000fdc00000, 0x00000000fdc00000, 0x00000000fdd00000|  0%| F|  |TAMS 0x00000000fdc00000| PB 0x00000000fdc00000| Untracked |  0
|  29|0x00000000fdd00000, 0x00000000fdd00000, 0x00000000fde00000|  0%| F|  |TAMS 0x00000000fdd00000| PB 0x00000000fdd00000| Untracked |  0
|  30|0x00000000fde00000, 0x00000000fde00000, 0x00000000fdf00000|  0%| F|  |TAMS 0x00000000fde00000| PB 0x00000000fde00000| Untracked |  0
|  31|0x00000000fdf00000, 0x00000000fdf00000, 0x00000000fe000000|  0%| F|  |TAMS 0x00000000fdf00000| PB 0x00000000fdf00000| Untracked |  0
|  32|0x00000000fe000000, 0x00000000fe000000, 0x00000000fe100000|  0%| F|  |TAMS 0x00000000fe000000| PB 0x00000000fe000000| Untracked |  0
|  33|0x00000000fe100000, 0x00000000fe100000, 0x00000000fe200000|  0%| F|  |TAMS 0x00000000fe100000| PB 0x00000000fe100000| Untracked |  0
|  34|0x00000000fe200000, 0x00000000fe200000, 0x00000000fe300000|  0%| F|  |TAMS 0x00000000fe200000| PB 0x00000000fe200000| Untracked |  0
|  35|0x00000000fe300000, 0x00000000fe300000, 0x00000000fe400000|  0%| F|  |TAMS 0x00000000fe300000| PB 0x00000000fe300000| Untracked |  0
|  36|0x00000000fe400000, 0x00000000fe400000, 0x00000000fe500000|  0%| F|  |TAMS 0x00000000fe400000| PB 0x00000000fe400000| Untracked |  0
|  37|0x00000000fe500000, 0x00000000fe600000, 0x00000000fe600000|100%| S|CS|TAMS 0x00000000fe500000| PB 0x00000000fe500000| Complete |  0
|  38|0x00000000fe600000, 0x00000000fe700000, 0x00000000fe700000|100%| S|CS|TAMS 0x00000000fe600000| PB 0x00000000fe600000| Complete |  0
|  39|0x00000000fe700000, 0x00000000fe800000, 0x00000000fe800000|100%| S|CS|TAMS 0x00000000fe700000| PB 0x00000000fe700000| Complete |  0
|  40|0x00000000fe800000, 0x00000000fe800000, 0x00000000fe900000|  0%| F|  |TAMS 0x00000000fe800000| PB 0x00000000fe800000| Untracked |  0
|  41|0x00000000fe900000, 0x00000000fe900000, 0x00000000fea00000|  0%| F|  |TAMS 0x00000000fe900000| PB 0x00000000fe900000| Untracked |  0
|  42|0x00000000fea00000, 0x00000000fea00000, 0x00000000feb00000|  0%| F|  |TAMS 0x00000000fea00000| PB 0x00000000fea00000| Untracked |  0
|  43|0x00000000feb00000, 0x00000000feb00000, 0x00000000fec00000|  0%| F|  |TAMS 0x00000000feb00000| PB 0x00000000feb00000| Untracked |  0
|  44|0x00000000fec00000, 0x00000000fec00000, 0x00000000fed00000|  0%| F|  |TAMS 0x00000000fec00000| PB 0x00000000fec00000| Untracked |  0
|  45|0x00000000fed00000, 0x00000000fed00000, 0x00000000fee00000|  0%| F|  |TAMS 0x00000000fed00000| PB 0x00000000fed00000| Untracked |  0
|  46|0x00000000fee00000, 0x00000000feed0260, 0x00000000fef00000| 81%| E|  |TAMS 0x00000000fee00000| PB 0x00000000fee00000| Complete |  0
|  47|0x00000000fef00000, 0x00000000ff000000, 0x00000000ff000000|100%| E|CS|TAMS 0x00000000fef00000| PB 0x00000000fef00000| Complete |  0
|  48|0x00000000ff000000, 0x00000000ff100000, 0x00000000ff100000|100%| E|CS|TAMS 0x00000000ff000000| PB 0x00000000ff000000| Complete |  0
|  49|0x00000000ff100000, 0x00000000ff200000, 0x00000000ff200000|100%| E|CS|TAMS 0x00000000ff100000| PB 0x00000000ff100000| Complete |  0
|  50|0x00000000ff200000, 0x00000000ff300000, 0x00000000ff300000|100%| E|CS|TAMS 0x00000000ff200000| PB 0x00000000ff200000| Complete |  0
|  51|0x00000000ff300000, 0x00000000ff400000, 0x00000000ff400000|100%| E|CS|TAMS 0x00000000ff300000| PB 0x00000000ff300000| Complete |  0
|  52|0x00000000ff400000, 0x00000000ff500000, 0x00000000ff500000|100%| E|CS|TAMS 0x00000000ff400000| PB 0x00000000ff400000| Complete |  0
|  53|0x00000000ff500000, 0x00000000ff600000, 0x00000000ff600000|100%| E|CS|TAMS 0x00000000ff500000| PB 0x00000000ff500000| Complete |  0
|  54|0x00000000ff600000, 0x00000000ff700000, 0x00000000ff700000|100%| E|CS|TAMS 0x00000000ff600000| PB 0x00000000ff600000| Complete |  0
|  55|0x00000000ff700000, 0x00000000ff800000, 0x00000000ff800000|100%| E|CS|TAMS 0x00000000ff700000| PB 0x00000000ff700000| Complete |  0
|  56|0x00000000ff800000, 0x00000000ff900000, 0x00000000ff900000|100%| E|CS|TAMS 0x00000000ff800000| PB 0x00000000ff800000| Complete |  0
|  57|0x00000000ff900000, 0x00000000ffa00000, 0x00000000ffa00000|100%| E|CS|TAMS 0x00000000ff900000| PB 0x00000000ff900000| Complete |  0
|  58|0x00000000ffa00000, 0x00000000ffb00000, 0x00000000ffb00000|100%| E|CS|TAMS 0x00000000ffa00000| PB 0x00000000ffa00000| Complete |  0
|  59|0x00000000ffb00000, 0x00000000ffc00000, 0x00000000ffc00000|100%| E|CS|TAMS 0x00000000ffb00000| PB 0x00000000ffb00000| Complete |  0
|  60|0x00000000ffc00000, 0x00000000ffd00000, 0x00000000ffd00000|100%| E|CS|TAMS 0x00000000ffc00000| PB 0x00000000ffc00000| Complete |  0
|  61|0x00000000ffd00000, 0x00000000ffe00000, 0x00000000ffe00000|100%| E|CS|TAMS 0x00000000ffd00000| PB 0x00000000ffd00000| Complete |  0
|  62|0x00000000ffe00000, 0x00000000fff00000, 0x00000000fff00000|100%| E|CS|TAMS 0x00000000ffe00000| PB 0x00000000ffe00000| Complete |  0
|  63|0x00000000fff00000, 0x0000000100000000, 0x0000000100000000|100%| E|CS|TAMS 0x00000000fff00000| PB 0x00000000fff00000| Complete |  0

Card table byte_map: [0x000002864dab0000,0x000002864dad0000] _byte_map_base: 0x000002864d2d0000

Marking Bits: (CMBitMap*) 0x000002864fb49fe0
 Bits: [0x0000028667910000, 0x0000028667a10000)

Polling page: 0x000002864d790000

Metaspace:

Usage:
  Non-class:      5.30 MB used.
      Class:    848.53 KB used.
       Both:      6.13 MB used.

Virtual space:
  Non-class space:       64.00 MB reserved,       5.38 MB (  8%) committed,  1 nodes.
      Class space:        1.00 GB reserved,     896.00 KB ( <1%) committed,  1 nodes.
             Both:        1.06 GB reserved,       6.25 MB ( <1%) committed. 

Chunk freelists:
   Non-Class:  9.11 MB
       Class:  15.12 MB
        Both:  24.23 MB

MaxMetaspaceSize: unlimited
CompressedClassSpaceSize: 1.00 GB
Initial GC threshold: 21.00 MB
Current GC threshold: 21.00 MB
CDS: on
 - commit_granule_bytes: 65536.
 - commit_granule_words: 8192.
 - virtual_space_node_default_size: 8388608.
 - enlarge_chunks_in_place: 1.
 - use_allocation_guard: 0.


Internal statistics:

num_allocs_failed_limit: 0.
num_arena_births: 132.
num_arena_deaths: 0.
num_vsnodes_births: 2.
num_vsnodes_deaths: 0.
num_space_committed: 100.
num_space_uncommitted: 0.
num_chunks_returned_to_freelist: 0.
num_chunks_taken_from_freelist: 309.
num_chunk_merges: 0.
num_chunk_splits: 197.
num_chunks_enlarged: 152.
num_inconsistent_stats: 0.

CodeHeap 'non-profiled nmethods': size=119168Kb used=551Kb max_used=551Kb free=118616Kb
 bounds [0x000002865fa10000, 0x000002865fc80000, 0x0000028666e70000]
CodeHeap 'profiled nmethods': size=119104Kb used=2465Kb max_used=2465Kb free=116638Kb
 bounds [0x0000028657e70000, 0x00000286580e0000, 0x000002865f2c0000]
CodeHeap 'non-nmethods': size=7488Kb used=2486Kb max_used=2514Kb free=5001Kb
 bounds [0x000002865f2c0000, 0x000002865f540000, 0x000002865fa10000]
 total_blobs=1794 nmethods=1330 adapters=367
 compilation: enabled
              stopped_count=0, restarted_count=0
 full_count=0

Compilation events (20 events):
Event: 0.729 Thread 0x000002866abaa7a0 nmethod 1322 0x00000286580d4410 code [0x00000286580d46c0, 0x00000286580d54d0]
Event: 0.729 Thread 0x000002866aba8590 1323       4       java.lang.invoke.MemberName::getReferenceKind (12 bytes)
Event: 0.729 Thread 0x000002866aba77f0 nmethod 1319 0x00000286580d5990 code [0x00000286580d5cc0, 0x00000286580d6b08]
Event: 0.729 Thread 0x000002866abaae70 1324       4       jdk.internal.org.objectweb.asm.ByteVector::putShort (52 bytes)
Event: 0.729 Thread 0x000002866aba77f0 1325       3       java.lang.invoke.MethodHandleNatives::refKindIsField (32 bytes)
Event: 0.730 Thread 0x000002866aba77f0 nmethod 1325 0x00000286580d7190 code [0x00000286580d7320, 0x00000286580d7470]
Event: 0.730 Thread 0x000002866abaa7a0 1326       3       java.lang.invoke.MethodHandles$Lookup::checkSymbolicClass (25 bytes)
Event: 0.730 Thread 0x000002866aba8590 nmethod 1323 0x000002865fa97f10 code [0x000002865fa98080, 0x000002865fa98110]
Event: 0.730 Thread 0x000002866abaa7a0 nmethod 1326 0x00000286580d7510 code [0x00000286580d76e0, 0x00000286580d7960]
Event: 0.730 Thread 0x000002866aba8590 1327       4       java.lang.invoke.MethodType::parameterCount (6 bytes)
Event: 0.730 Thread 0x000002866abaae70 nmethod 1324 0x000002865fa98210 code [0x000002865fa983a0, 0x000002865fa98500]
Event: 0.731 Thread 0x000002866aba7ec0 nmethod 1320 0x000002865fa98610 code [0x000002865fa987a0, 0x000002865fa98af0]
Event: 0.731 Thread 0x000002866aba8590 nmethod 1327 0x000002865fa98b90 code [0x000002865fa98d00, 0x000002865fa98da0]
Event: 0.731 Thread 0x000002866abaa7a0 1328       3       java.util.ImmutableCollections$Set12::iterator (9 bytes)
Event: 0.731 Thread 0x000002866aba77f0 1329       3       java.util.ImmutableCollections$Set12$1::<init> (32 bytes)
Event: 0.731 Thread 0x000002866aba77f0 nmethod 1329 0x00000286580d7a90 code [0x00000286580d7c40, 0x00000286580d7e68]
Event: 0.731 Thread 0x000002866abaa7a0 nmethod 1328 0x00000286580d7f90 code [0x00000286580d8140, 0x00000286580d8420]
Event: 0.733 Thread 0x000002866abaa0d0 1330       4       jdk.internal.misc.Unsafe::toUnsignedLong (7 bytes)
Event: 0.733 Thread 0x000002866abaa0d0 nmethod 1330 0x000002865fa98e90 code [0x000002865fa99000, 0x000002865fa99068]
Event: 0.736 Thread 0x000002866ab9a990 nmethod 1321 0x000002865fa99190 code [0x000002865fa99360, 0x000002865fa99c50]

GC Heap History (2 events):
Event: 0.390 GC heap before
{Heap before GC invocations=0 (full 0):
 garbage-first heap   total reserved 65536K, committed 65536K, used 23552K [0x00000000fc000000, 0x0000000100000000)
  region size 1024K, 24 young (24576K), 0 survivors (0K)
 Metaspace       used 1735K, committed 1920K, reserved 1114112K
  class space    used 152K, committed 256K, reserved 1048576K
}
Event: 0.394 GC heap after
{Heap after GC invocations=1 (full 0):
 garbage-first heap   total reserved 65536K, committed 65536K, used 5720K [0x00000000fc000000, 0x0000000100000000)
  region size 1024K, 3 young (3072K), 3 survivors (3072K)
 Metaspace       used 1735K, committed 1920K, reserved 1114112K
  class space    used 152K, committed 256K, reserved 1048576K
}

Dll operation events (10 events):
Event: 0.008 Loaded shared library D:\java\jdk-22\bin\java.dll
Event: 0.037 Loaded shared library D:\java\jdk-22\bin\jsvml.dll
Event: 0.047 Loaded shared library D:\java\jdk-22\bin\net.dll
Event: 0.049 Loaded shared library D:\java\jdk-22\bin\nio.dll
Event: 0.052 Loaded shared library D:\java\jdk-22\bin\zip.dll
Event: 0.055 Loaded shared library D:\java\jdk-22\bin\verify.dll
Event: 0.304 Loaded shared library D:\java\jdk-22\bin\jimage.dll
Event: 0.606 Loaded shared library D:\gradle-cache\native\c067742578af261105cb4f569cf0c3c89f3d7b1fecec35dd04571415982c5e48\windows-amd64\native-platform.dll
Event: 0.723 Loaded shared library D:\java\jdk-22\bin\management.dll
Event: 0.725 Loaded shared library D:\java\jdk-22\bin\management_ext.dll

Deoptimization events (20 events):
Event: 0.652 Thread 0x000002864d811d00 DEOPT PACKING pc=0x000002865fa8a938 sp=0x000000c8013fcb80
Event: 0.652 Thread 0x000002864d811d00 DEOPT UNPACKING pc=0x000002865f3146a2 sp=0x000000c8013fcaf8 mode 2
Event: 0.707 Thread 0x000002864d811d00 Uncommon trap: trap_request=0xffffff45 fr.pc=0x000002865fa82f2c relative=0x00000000000002cc
Event: 0.707 Thread 0x000002864d811d00 Uncommon trap: reason=unstable_if action=reinterpret pc=0x000002865fa82f2c method=java.util.HashMap.hash(Ljava/lang/Object;)I @ 1 c2
Event: 0.707 Thread 0x000002864d811d00 DEOPT PACKING pc=0x000002865fa82f2c sp=0x000000c8013fe5f0
Event: 0.707 Thread 0x000002864d811d00 DEOPT UNPACKING pc=0x000002865f3146a2 sp=0x000000c8013fe4e8 mode 2
Event: 0.715 Thread 0x000002864d811d00 DEOPT PACKING pc=0x0000028657f3eca5 sp=0x000000c8013f9c20
Event: 0.715 Thread 0x000002864d811d00 DEOPT UNPACKING pc=0x000002865f314e42 sp=0x000000c8013f9070 mode 0
Event: 0.728 Thread 0x000002864d811d00 Uncommon trap: trap_request=0xffffff45 fr.pc=0x000002865fa417cc relative=0x00000000000006cc
Event: 0.728 Thread 0x000002864d811d00 Uncommon trap: reason=unstable_if action=reinterpret pc=0x000002865fa417cc method=java.util.HashMap.putVal(ILjava/lang/Object;Ljava/lang/Object;ZZ)Ljava/lang/Object; @ 236 c2
Event: 0.728 Thread 0x000002864d811d00 DEOPT PACKING pc=0x000002865fa417cc sp=0x000000c8013fd9f0
Event: 0.728 Thread 0x000002864d811d00 DEOPT UNPACKING pc=0x000002865f3146a2 sp=0x000000c8013fd9a8 mode 2
Event: 0.732 Thread 0x000002864d811d00 Uncommon trap: trap_request=0xffffff45 fr.pc=0x000002865fa6fa5c relative=0x000000000000029c
Event: 0.732 Thread 0x000002864d811d00 Uncommon trap: reason=unstable_if action=reinterpret pc=0x000002865fa6fa5c method=jdk.internal.util.ArraysSupport.mismatch([BI[BII)I @ 55 c2
Event: 0.732 Thread 0x000002864d811d00 DEOPT PACKING pc=0x000002865fa6fa5c sp=0x000000c8013fe160
Event: 0.732 Thread 0x000002864d811d00 DEOPT UNPACKING pc=0x000002865f3146a2 sp=0x000000c8013fe058 mode 2
Event: 0.732 Thread 0x000002864d811d00 Uncommon trap: trap_request=0xffffff45 fr.pc=0x000002865fa7b1a4 relative=0x0000000000000204
Event: 0.732 Thread 0x000002864d811d00 Uncommon trap: reason=unstable_if action=reinterpret pc=0x000002865fa7b1a4 method=jdk.internal.util.ArraysSupport.mismatch([BI[BII)I @ 55 c2
Event: 0.732 Thread 0x000002864d811d00 DEOPT PACKING pc=0x000002865fa7b1a4 sp=0x000000c8013fe3d0
Event: 0.732 Thread 0x000002864d811d00 DEOPT UNPACKING pc=0x000002865f3146a2 sp=0x000000c8013fe398 mode 2

Classes loaded (20 events):
Event: 0.728 Loading class jdk/management/jfr/internal/FlightRecorderMXBeanProvider$SingleMBeanComponent
Event: 0.728 Loading class jdk/management/jfr/internal/FlightRecorderMXBeanProvider$SingleMBeanComponent done
Event: 0.728 Loading class java/util/stream/ReduceOps$2
Event: 0.728 Loading class java/util/stream/ReduceOps$2 done
Event: 0.728 Loading class java/util/stream/ReduceOps$2ReducingSink
Event: 0.729 Loading class java/util/stream/ReduceOps$2ReducingSink done
Event: 0.729 Loading class sun/management/RuntimeImpl
Event: 0.729 Loading class sun/management/RuntimeImpl done
Event: 0.729 Loading class java/util/Collections$2
Event: 0.729 Loading class java/util/Collections$2 done
Event: 0.731 Loading class sun/management/Util
Event: 0.731 Loading class sun/management/Util done
Event: 0.731 Loading class java/lang/management/ManagementPermission
Event: 0.731 Loading class java/lang/management/ManagementPermission done
Event: 0.732 Loading class java/util/Collections$UnmodifiableMap$UnmodifiableEntrySet
Event: 0.732 Loading class java/util/Collections$UnmodifiableMap$UnmodifiableEntrySet done
Event: 0.732 Loading class java/util/Collections$UnmodifiableMap$UnmodifiableEntrySet$1
Event: 0.732 Loading class java/util/Collections$UnmodifiableMap$UnmodifiableEntrySet$1 done
Event: 0.732 Loading class java/util/Collections$UnmodifiableMap$UnmodifiableEntrySet$UnmodifiableEntry
Event: 0.732 Loading class java/util/Collections$UnmodifiableMap$UnmodifiableEntrySet$UnmodifiableEntry done

Classes unloaded (0 events):
No events

Classes redefined (0 events):
No events

Internal exceptions (14 events):
Event: 0.115 Thread 0x000002864d811d00 Exception <a 'java/lang/NoSuchMethodError'{0x00000000ffcc5eb0}: 'void java.lang.invoke.DirectMethodHandle$Holder.invokeStatic(java.lang.Object, java.lang.Object)'> (0x00000000ffcc5eb0) 
thrown [s\open\src\hotspot\share\interpreter\linkResolver.cpp, line 774]
Event: 0.116 Thread 0x000002864d811d00 Exception <a 'java/lang/NoSuchMethodError'{0x00000000ffcc9968}: 'void java.lang.invoke.DirectMethodHandle$Holder.invokeSpecial(java.lang.Object, java.lang.Object, java.lang.Object)'> (0x00000000ffcc9968) 
thrown [s\open\src\hotspot\share\interpreter\linkResolver.cpp, line 774]
Event: 0.124 Thread 0x000002864d811d00 Exception <a 'java/lang/NoSuchMethodError'{0x00000000ffb1c378}: 'int java.lang.invoke.DirectMethodHandle$Holder.invokeStaticInit(java.lang.Object, java.lang.Object)'> (0x00000000ffb1c378) 
thrown [s\open\src\hotspot\share\interpreter\linkResolver.cpp, line 774]
Event: 0.484 Thread 0x000002864d811d00 Exception <a 'java/lang/NoSuchMethodError'{0x00000000ffb519b0}: 'java.lang.Object java.lang.invoke.DirectMethodHandle$Holder.invokeVirtual(java.lang.Object, java.lang.Object, java.lang.Object)'> (0x00000000ffb519b0) 
thrown [s\open\src\hotspot\share\interpreter\linkResolver.cpp, line 774]
Event: 0.581 Thread 0x000002864d811d00 Exception <a 'java/lang/NoClassDefFoundError'{0x00000000ff7ec860}: org/slf4j/impl/StaticMarkerBinder> (0x00000000ff7ec860) 
thrown [s\open\src\hotspot\share\classfile\systemDictionary.cpp, line 302]
Event: 0.593 Thread 0x000002864d811d00 Exception <a 'java/lang/NoSuchMethodError'{0x00000000ff6b7388}: 'java.lang.Object java.lang.invoke.DirectMethodHandle$Holder.invokeStatic(java.lang.Object, java.lang.Object, int)'> (0x00000000ff6b7388) 
thrown [s\open\src\hotspot\share\interpreter\linkResolver.cpp, line 774]
Event: 0.594 Thread 0x000002864d811d00 Exception <a 'java/lang/NoSuchMethodError'{0x00000000ff6c2b08}: 'void java.lang.invoke.DelegatingMethodHandle$Holder.delegate(java.lang.Object, java.lang.Object, int, java.lang.Object)'> (0x00000000ff6c2b08) 
thrown [s\open\src\hotspot\share\interpreter\linkResolver.cpp, line 774]
Event: 0.594 Thread 0x000002864d811d00 Exception <a 'java/lang/NoSuchMethodError'{0x00000000ff6c6898}: 'int java.lang.invoke.DirectMethodHandle$Holder.invokeSpecial(java.lang.Object, java.lang.Object, java.lang.Object)'> (0x00000000ff6c6898) 
thrown [s\open\src\hotspot\share\interpreter\linkResolver.cpp, line 774]
Event: 0.646 Thread 0x000002864d811d00 Exception <a 'java/lang/NoSuchMethodError'{0x00000000ff3f6958}: 'java.lang.Object java.lang.invoke.DirectMethodHandle$Holder.newInvokeSpecial(java.lang.Object, java.lang.Object, java.lang.Object, java.lang.Object, java.lang.Object)'> (0x00000000ff3f6958) 
thrown [s\open\src\hotspot\share\interpreter\linkResolver.cpp, line 774]
Event: 0.652 Thread 0x000002864d811d00 Exception <a 'java/lang/NoSuchMethodError'{0x00000000ff24b7d8}: 'java.lang.Object java.lang.invoke.Invokers$Holder.invokeExact_MT(java.lang.Object, java.lang.Object, java.lang.Object, java.lang.Object, java.lang.Object)'> (0x00000000ff24b7d8) 
thrown [s\open\src\hotspot\share\interpreter\linkResolver.cpp, line 774]
Event: 0.657 Thread 0x000002864d811d00 Exception <a 'java/lang/NoSuchMethodError'{0x00000000ff27aeb8}: 'java.lang.Object java.lang.invoke.DirectMethodHandle$Holder.invokeVirtual(java.lang.Object, java.lang.Object, java.lang.Object, java.lang.Object, java.lang.Object, java.lang.Object, java.lang.Object)'> (0x00000000ff27aeb8) 
thrown [s\open\src\hotspot\share\interpreter\linkResolver.cpp, line 774]
Event: 0.663 Thread 0x000002864d811d00 Exception <a 'java/lang/NoSuchMethodError'{0x00000000ff2c0360}: 'java.lang.Object java.lang.invoke.DirectMethodHandle$Holder.invokeVirtual(java.lang.Object, java.lang.Object, java.lang.Object, java.lang.Object)'> (0x00000000ff2c0360) 
thrown [s\open\src\hotspot\share\interpreter\linkResolver.cpp, line 774]
Event: 0.678 Thread 0x000002864d811d00 Exception <a 'java/lang/NoSuchMethodError'{0x00000000ff186f58}: 'java.lang.Object java.lang.invoke.DirectMethodHandle$Holder.invokeVirtual(java.lang.Object, java.lang.Object, java.lang.Object, java.lang.Object, java.lang.Object, java.lang.Object)'> (0x00000000ff186f58) 
thrown [s\open\src\hotspot\share\interpreter\linkResolver.cpp, line 774]
Event: 0.707 Thread 0x000002864d811d00 Implicit null exception at 0x000002865fa82cba to 0x000002865fa82f14

ZGC Phase Switch (0 events):
No events

VM Operations (18 events):
Event: 0.053 Executing VM operation: HandshakeAllThreads (Deoptimize)
Event: 0.053 Executing VM operation: HandshakeAllThreads (Deoptimize) done
Event: 0.390 Executing VM operation: G1CollectForAllocation (G1 Evacuation Pause)
Event: 0.394 Executing VM operation: G1CollectForAllocation (G1 Evacuation Pause) done
Event: 0.487 Executing VM operation: HandshakeAllThreads (Deoptimize)
Event: 0.487 Executing VM operation: HandshakeAllThreads (Deoptimize) done
Event: 0.579 Executing VM operation: HandshakeAllThreads (Deoptimize)
Event: 0.579 Executing VM operation: HandshakeAllThreads (Deoptimize) done
Event: 0.579 Executing VM operation: HandshakeAllThreads (Deoptimize)
Event: 0.579 Executing VM operation: HandshakeAllThreads (Deoptimize) done
Event: 0.593 Executing VM operation: HandshakeAllThreads (Deoptimize)
Event: 0.593 Executing VM operation: HandshakeAllThreads (Deoptimize) done
Event: 0.640 Executing VM operation: HandshakeAllThreads (Deoptimize)
Event: 0.640 Executing VM operation: HandshakeAllThreads (Deoptimize) done
Event: 0.654 Executing VM operation: HandshakeAllThreads (Deoptimize)
Event: 0.654 Executing VM operation: HandshakeAllThreads (Deoptimize) done
Event: 0.732 Executing VM operation: HandshakeAllThreads (Deoptimize)
Event: 0.732 Executing VM operation: HandshakeAllThreads (Deoptimize) done

Events (18 events):
Event: 0.020 Thread 0x000002864d811d00 Thread added: 0x000002864d811d00
Event: 0.035 Thread 0x000002866ab854c0 Thread added: 0x000002866ab854c0
Event: 0.035 Thread 0x000002866ab85f20 Thread added: 0x000002866ab85f20
Event: 0.035 Thread 0x000002866ab8e9b0 Thread added: 0x000002866ab8e9b0
Event: 0.035 Thread 0x000002866ab8f410 Thread added: 0x000002866ab8f410
Event: 0.035 Thread 0x000002866ab91fb0 Thread added: 0x000002866ab91fb0
Event: 0.035 Thread 0x000002866ab92b40 Thread added: 0x000002866ab92b40
Event: 0.035 Thread 0x000002866ab9a990 Thread added: 0x000002866ab9a990
Event: 0.035 Thread 0x000002866aba9330 Thread added: 0x000002866aba9330
Event: 0.037 Thread 0x000002866abaa7a0 Thread added: 0x000002866abaa7a0
Event: 0.044 Thread 0x0000028645202d40 Thread added: 0x0000028645202d40
Event: 0.045 Thread 0x0000028645208a80 Thread added: 0x0000028645208a80
Event: 0.224 Thread 0x000002866aba8590 Thread added: 0x000002866aba8590
Event: 0.224 Thread 0x000002866aba7ec0 Thread added: 0x000002866aba7ec0
Event: 0.304 Thread 0x000002866abaae70 Thread added: 0x000002866abaae70
Event: 0.304 Thread 0x000002866abaa0d0 Thread added: 0x000002866abaa0d0
Event: 0.429 Thread 0x000002866aba77f0 Thread added: 0x000002866aba77f0
Event: 0.622 Thread 0x0000028645f31c50 Thread added: 0x0000028645f31c50


Dynamic libraries:
0x00007ff6e9820000 - 0x00007ff6e982e000 	D:\java\jdk-22\bin\java.exe
0x00007ffa1fd80000 - 0x00007ffa1ffe7000 	C:\WINDOWS\SYSTEM32\ntdll.dll
0x00007ffa1ea70000 - 0x00007ffa1eb39000 	C:\WINDOWS\System32\KERNEL32.DLL
0x00007ffa1d2f0000 - 0x00007ffa1d6e7000 	C:\WINDOWS\System32\KERNELBASE.dll
0x00007ffa1d1a0000 - 0x00007ffa1d2eb000 	C:\WINDOWS\System32\ucrtbase.dll
0x00007ffa02ed0000 - 0x00007ffa02ee7000 	D:\java\jdk-22\bin\jli.dll
0x00007ffa02eb0000 - 0x00007ffa02ecb000 	D:\java\jdk-22\bin\VCRUNTIME140.dll
0x00007ffa1e5b0000 - 0x00007ffa1e776000 	C:\WINDOWS\System32\USER32.dll
0x00007ffa1d7b0000 - 0x00007ffa1d7d7000 	C:\WINDOWS\System32\win32u.dll
0x00007ffa03800000 - 0x00007ffa03a92000 	C:\WINDOWS\WinSxS\amd64_microsoft.windows.common-controls_6595b64144ccf1df_6.0.26100.8457_none_3e0b2faee331e92d\COMCTL32.dll
0x00007ffa1dc40000 - 0x00007ffa1dc6b000 	C:\WINDOWS\System32\GDI32.dll
0x00007ffa1eb60000 - 0x00007ffa1ec09000 	C:\WINDOWS\System32\msvcrt.dll
0x00007ffa1d920000 - 0x00007ffa1da4c000 	C:\WINDOWS\System32\gdi32full.dll
0x00007ffa1d870000 - 0x00007ffa1d913000 	C:\WINDOWS\System32\msvcp_win.dll
0x00007ffa1e780000 - 0x00007ffa1e7b2000 	C:\WINDOWS\System32\IMM32.DLL
0x00007ffa02ea0000 - 0x00007ffa02eac000 	D:\java\jdk-22\bin\vcruntime140_1.dll
0x00007ff9cd020000 - 0x00007ff9cd0ae000 	D:\java\jdk-22\bin\msvcp140.dll
0x00007ff99f820000 - 0x00007ff9a0568000 	D:\java\jdk-22\bin\server\jvm.dll
0x00007ffa1e4f0000 - 0x00007ffa1e5a6000 	C:\WINDOWS\System32\ADVAPI32.dll
0x00007ffa1fb00000 - 0x00007ffa1fba7000 	C:\WINDOWS\System32\sechost.dll
0x00007ffa1ec10000 - 0x00007ffa1ed28000 	C:\WINDOWS\System32\RPCRT4.dll
0x00007ffa1de90000 - 0x00007ffa1df10000 	C:\WINDOWS\System32\WS2_32.dll
0x00007ffa1c610000 - 0x00007ffa1c66e000 	C:\WINDOWS\SYSTEM32\POWRPROF.dll
0x00007ffa15a10000 - 0x00007ffa15a1b000 	C:\WINDOWS\SYSTEM32\VERSION.dll
0x00007ffa0fa50000 - 0x00007ffa0fa86000 	C:\WINDOWS\SYSTEM32\WINMM.dll
0x00007ffa1c5f0000 - 0x00007ffa1c604000 	C:\WINDOWS\SYSTEM32\UMPDC.dll
0x00007ffa1b4d0000 - 0x00007ffa1b4eb000 	C:\WINDOWS\SYSTEM32\kernel.appcore.dll
0x00007ff9fcaf0000 - 0x00007ff9fcafa000 	D:\java\jdk-22\bin\jimage.dll
0x00007ffa1a540000 - 0x00007ffa1a782000 	C:\WINDOWS\SYSTEM32\DBGHELP.DLL
0x00007ffa1df20000 - 0x00007ffa1e2a3000 	C:\WINDOWS\System32\combase.dll
0x00007ffa1db60000 - 0x00007ffa1dc39000 	C:\WINDOWS\System32\OLEAUT32.dll
0x00007ff9e78e0000 - 0x00007ff9e791b000 	C:\WINDOWS\SYSTEM32\dbgcore.DLL
0x00007ffa1da50000 - 0x00007ffa1daf8000 	C:\WINDOWS\System32\bcryptPrimitives.dll
0x00007ff9fcad0000 - 0x00007ff9fcaee000 	D:\java\jdk-22\bin\java.dll
0x00007ffa1f380000 - 0x00007ffa1faee000 	C:\WINDOWS\System32\SHELL32.dll
0x00007ffa1e8d0000 - 0x00007ffa1ea67000 	C:\WINDOWS\System32\ole32.dll
0x00007ffa1c7b0000 - 0x00007ffa1d01c000 	C:\WINDOWS\System32\windows.storage.dll
0x00007ffa1e7d0000 - 0x00007ffa1e8c6000 	C:\WINDOWS\System32\SHCORE.dll
0x00007ffa1fcc0000 - 0x00007ffa1fd26000 	C:\WINDOWS\System32\shlwapi.dll
0x00007ffa1c6d0000 - 0x00007ffa1c6f9000 	C:\WINDOWS\SYSTEM32\profapi.dll
0x00007ff99f740000 - 0x00007ff99f817000 	D:\java\jdk-22\bin\jsvml.dll
0x00007ff9fcac0000 - 0x00007ff9fcad0000 	D:\java\jdk-22\bin\net.dll
0x00007ffa1ba50000 - 0x00007ffa1babc000 	C:\WINDOWS\system32\mswsock.dll
0x00007ff9fcaa0000 - 0x00007ff9fcab6000 	D:\java\jdk-22\bin\nio.dll
0x00007ff9fb810000 - 0x00007ff9fb827000 	D:\java\jdk-22\bin\zip.dll
0x00007ff9fca90000 - 0x00007ff9fcaa0000 	D:\java\jdk-22\bin\verify.dll
0x00007ff9ef450000 - 0x00007ff9ef477000 	D:\gradle-cache\native\c067742578af261105cb4f569cf0c3c89f3d7b1fecec35dd04571415982c5e48\windows-amd64\native-platform.dll
0x00007ff9fb800000 - 0x00007ff9fb80a000 	D:\java\jdk-22\bin\management.dll
0x00007ff9fa8a0000 - 0x00007ff9fa8ab000 	D:\java\jdk-22\bin\management_ext.dll
0x00007ffa1fd30000 - 0x00007ffa1fd38000 	C:\WINDOWS\System32\PSAPI.DLL

dbghelp: loaded successfully - version: 4.0.5 - missing functions: none
symbol engine: initialized successfully - sym options: 0x614 - pdb path: .;D:\java\jdk-22\bin;C:\WINDOWS\SYSTEM32;C:\WINDOWS\WinSxS\amd64_microsoft.windows.common-controls_6595b64144ccf1df_6.0.26100.8457_none_3e0b2faee331e92d;D:\java\jdk-22\bin\server;D:\gradle-cache\native\c067742578af261105cb4f569cf0c3c89f3d7b1fecec35dd04571415982c5e48\windows-amd64

VM Arguments:
jvm_args: -Xmx64m -Xms64m -Dorg.gradle.appname=gradlew 
java_command: org.gradle.wrapper.GradleWrapperMain -p D:\project\mindustry_mobile_launcher\android assembleDebug
java_class_path (initial): D:\project\mindustry_mobile_launcher\android\\gradle\wrapper\gradle-wrapper.jar
Launcher Type: SUN_STANDARD

[Global flags]
     intx CICompilerCount                          = 12                                        {product} {ergonomic}
     uint ConcGCThreads                            = 4                                         {product} {ergonomic}
     uint G1ConcRefinementThreads                  = 15                                        {product} {ergonomic}
   size_t G1HeapRegionSize                         = 1048576                                   {product} {ergonomic}
   size_t InitialHeapSize                          = 67108864                                  {product} {command line}
   size_t MarkStackSize                            = 4194304                                   {product} {ergonomic}
   size_t MaxHeapSize                              = 67108864                                  {product} {command line}
   size_t MaxNewSize                               = 39845888                                  {product} {ergonomic}
   size_t MinHeapDeltaBytes                        = 1048576                                   {product} {ergonomic}
   size_t MinHeapSize                              = 67108864                                  {product} {command line}
    uintx NonNMethodCodeHeapSize                   = 7602480                                {pd product} {ergonomic}
    uintx NonProfiledCodeHeapSize                  = 122027880                              {pd product} {ergonomic}
    uintx ProfiledCodeHeapSize                     = 122027880                              {pd product} {ergonomic}
    uintx ReservedCodeCacheSize                    = 251658240                              {pd product} {ergonomic}
     bool SegmentedCodeCache                       = true                                      {product} {ergonomic}
   size_t SoftMaxHeapSize                          = 67108864                               {manageable} {ergonomic}
     bool UseCompressedOops                        = true                           {product lp64_product} {ergonomic}
     bool UseG1GC                                  = true                                      {product} {ergonomic}
     bool UseLargePagesIndividualAllocation        = false                                  {pd product} {ergonomic}

Logging:
Log output configuration:
 #0: stdout all=warning uptime,level,tags foldmultilines=false
 #1: stderr all=off uptime,level,tags foldmultilines=false

Environment Variables:
JAVA_HOME=D:\java\jdk-22
CLASSPATH=D:\project\mindustry_mobile_launcher\android\\gradle\wrapper\gradle-wrapper.jar
PATH=D:\Program Files\JDK18\bin\;C:\Program Files\Java\jdkmicrosoft21\bin;C:\Program Files\Python311\Scripts\;C:\Program Files\Python311\;C:\Program Files\Common Files\Oracle\Java\javapath;D:\Program Files\bin;C:\ProgramData\Oracle\Java\javapath;C:\Windows\system32;C:\Windows;C:\Windows\System32\Wbem;C:\Windows\System32\WindowsPowerShell\v1.0\;C:\Windows\System32\OpenSSH\;C:\WINDOWS\system32;C:\WINDOWS;C:\WINDOWS\System32\Wbem;C:\WINDOWS\System32\WindowsPowerShell\v1.0\;C:\WINDOWS\System32\OpenSSH\;C:\Program Files\NVIDIA Corporation\NVIDIA app\NvDLISR;C:\Program Files\dotnet\;C:\Program Files (x86)\NVIDIA Corporation\PhysX\Common;C:\Users\color\Desktop\gmapiserver\lib\ffmpeg\bin;D:\Program Files\Git\cmd;C:\Program Files\Tailscale\;D:\Program Files\;C:\Program Files\GitHub CLI\;C:\Users\color\.local\bin;C:\Users\color\AppData\Local\Microsoft\WindowsApps;C:\ProgramData\color\GitHubDesktop\bin;D:\Microsoft VS Code\bin;C:\Users\color\.dotnet\tools;D:\project\gmapiserver\lib\ffmpeg\bin;C:\Users\color\AppData\Roaming\npm
USERNAME=color
OS=Windows_NT
PROCESSOR_IDENTIFIER=Intel64 Family 6 Model 154 Stepping 3, GenuineIntel
TMP=C:\Users\color\AppData\Local\Temp
TEMP=C:\Users\color\AppData\Local\Temp




Periodic native trim disabled

---------------  S Y S T E M  ---------------

OS:
 Windows 11 , 64 bit Build 26100 (10.0.26100.8328)
OS uptime: 0 days 16:17 hours
Hyper-V role detected

CPU: total 20 (initial active 20) (10 cores per cpu, 2 threads per core) family 6 model 154 stepping 3 microcode 0x414, cx8, cmov, fxsr, ht, mmx, 3dnowpref, sse, sse2, sse3, ssse3, sse4.1, sse4.2, popcnt, lzcnt, tsc, tscinvbit, avx, avx2, aes, erms, clmul, bmi1, bmi2, adx, sha, fma, vzeroupper, clflush, clflushopt, clwb, hv, serialize, rdtscp, rdpid, fsrm, f16c, cet_ibt, cet_ss
Processor Information for processor 0
  Max Mhz: 2300, Current Mhz: 2300, Mhz Limit: 2300
Processor Information for processor 1
  Max Mhz: 2300, Current Mhz: 2300, Mhz Limit: 2300
Processor Information for processor 2
  Max Mhz: 2300, Current Mhz: 2300, Mhz Limit: 2300
Processor Information for processor 3
  Max Mhz: 2300, Current Mhz: 2300, Mhz Limit: 2300
Processor Information for processor 4
  Max Mhz: 2300, Current Mhz: 2300, Mhz Limit: 2300
Processor Information for processor 5
  Max Mhz: 2300, Current Mhz: 2300, Mhz Limit: 2300
Processor Information for processor 6
  Max Mhz: 2300, Current Mhz: 2300, Mhz Limit: 2300
Processor Information for processor 7
  Max Mhz: 2300, Current Mhz: 2300, Mhz Limit: 2300
Processor Information for processor 8
  Max Mhz: 2300, Current Mhz: 2300, Mhz Limit: 2300
Processor Information for processor 9
  Max Mhz: 2300, Current Mhz: 2300, Mhz Limit: 2300
Processor Information for processor 10
  Max Mhz: 2300, Current Mhz: 2300, Mhz Limit: 2300
Processor Information for processor 11
  Max Mhz: 2300, Current Mhz: 2300, Mhz Limit: 2300
Processor Information for processor 12
  Max Mhz: 2300, Current Mhz: 1700, Mhz Limit: 1679
Processor Information for processor 13
  Max Mhz: 2300, Current Mhz: 1700, Mhz Limit: 1679
Processor Information for processor 14
  Max Mhz: 2300, Current Mhz: 1700, Mhz Limit: 1679
Processor Information for processor 15
  Max Mhz: 2300, Current Mhz: 1700, Mhz Limit: 1679
Processor Information for processor 16
  Max Mhz: 2300, Current Mhz: 1700, Mhz Limit: 1679
Processor Information for processor 17
  Max Mhz: 2300, Current Mhz: 1700, Mhz Limit: 1679
Processor Information for processor 18
  Max Mhz: 2300, Current Mhz: 1700, Mhz Limit: 1679
Processor Information for processor 19
  Max Mhz: 2300, Current Mhz: 1700, Mhz Limit: 1679

Memory: 4k page, system-wide physical 16128M (1802M free)
TotalPageFile size 27019M (AvailPageFile size 84M)
current process WorkingSet (physical memory assigned to process): 97M, peak: 97M
current process commit charge ("private bytes"): 182M, peak: 182M

vm_info: OpenJDK 64-Bit Server VM (22+36-2370) for windows-amd64 JRE (22+36-2370), built on 2024-02-15T22:15:19Z by "mach5one" with MS VC++ 17.6 (VS2022)

END.
